###############################################################################
#
# IAR ELF Linker V9.10.2.313/W64 for ARM                  12/Jul/2022  20:16:51
# Copyright 2007-2021 IAR Systems AB.
#
#    Output file  =  C:\Users\123456\Desktop\DiM\DiscoLed\Debug\Exe\c.out
#    Map file     =  C:\Users\123456\Desktop\DiM\DiscoLed\Debug\List\c.map
#    Command line =
#        -f C:\Users\123456\Desktop\DiM\DiscoLed\Debug\Exe\c.out.rsp
#        (C:\Users\123456\Desktop\DiM\DiscoLed\Debug\Obj\DSP_Lib\arm_fft_bin_data.o
#        C:\Users\123456\Desktop\DiM\DiscoLed\Debug\Obj\arm_fft_win.o
#        C:\Users\123456\Desktop\DiM\DiscoLed\Debug\Obj\main.o
#        C:\Users\123456\Desktop\DiM\DiscoLed\Debug\Obj\src\misc.o
#        C:\Users\123456\Desktop\DiM\DiscoLed\Debug\Obj\startup_stm32f429xx.o
#        C:\Users\123456\Desktop\DiM\DiscoLed\Debug\Obj\stm32_init.o
#        C:\Users\123456\Desktop\DiM\DiscoLed\Debug\Obj\src\stm32f4xx_adc.o
#        C:\Users\123456\Desktop\DiM\DiscoLed\Debug\Obj\src\stm32f4xx_can.o
#        C:\Users\123456\Desktop\DiM\DiscoLed\Debug\Obj\src\stm32f4xx_crc.o
#        C:\Users\123456\Desktop\DiM\DiscoLed\Debug\Obj\src\stm32f4xx_cryp.o
#        C:\Users\123456\Desktop\DiM\DiscoLed\Debug\Obj\src\stm32f4xx_cryp_aes.o
#        C:\Users\123456\Desktop\DiM\DiscoLed\Debug\Obj\src\stm32f4xx_cryp_des.o
#        C:\Users\123456\Desktop\DiM\DiscoLed\Debug\Obj\src\stm32f4xx_cryp_tdes.o
#        C:\Users\123456\Desktop\DiM\DiscoLed\Debug\Obj\src\stm32f4xx_dac.o
#        C:\Users\123456\Desktop\DiM\DiscoLed\Debug\Obj\src\stm32f4xx_dbgmcu.o
#        C:\Users\123456\Desktop\DiM\DiscoLed\Debug\Obj\src\stm32f4xx_dcmi.o
#        C:\Users\123456\Desktop\DiM\DiscoLed\Debug\Obj\src\stm32f4xx_dma.o
#        C:\Users\123456\Desktop\DiM\DiscoLed\Debug\Obj\src\stm32f4xx_exti.o
#        C:\Users\123456\Desktop\DiM\DiscoLed\Debug\Obj\src\stm32f4xx_flash.o
#        C:\Users\123456\Desktop\DiM\DiscoLed\Debug\Obj\src\stm32f4xx_fsmc.o
#        C:\Users\123456\Desktop\DiM\DiscoLed\Debug\Obj\src\stm32f4xx_gpio.o
#        C:\Users\123456\Desktop\DiM\DiscoLed\Debug\Obj\src\stm32f4xx_hash.o
#        C:\Users\123456\Desktop\DiM\DiscoLed\Debug\Obj\src\stm32f4xx_hash_md5.o
#        C:\Users\123456\Desktop\DiM\DiscoLed\Debug\Obj\src\stm32f4xx_hash_sha1.o
#        C:\Users\123456\Desktop\DiM\DiscoLed\Debug\Obj\src\stm32f4xx_i2c.o
#        C:\Users\123456\Desktop\DiM\DiscoLed\Debug\Obj\src\stm32f4xx_iwdg.o
#        C:\Users\123456\Desktop\DiM\DiscoLed\Debug\Obj\src\stm32f4xx_pwr.o
#        C:\Users\123456\Desktop\DiM\DiscoLed\Debug\Obj\src\stm32f4xx_rcc.o
#        C:\Users\123456\Desktop\DiM\DiscoLed\Debug\Obj\src\stm32f4xx_rng.o
#        C:\Users\123456\Desktop\DiM\DiscoLed\Debug\Obj\src\stm32f4xx_rtc.o
#        C:\Users\123456\Desktop\DiM\DiscoLed\Debug\Obj\src\stm32f4xx_sdio.o
#        C:\Users\123456\Desktop\DiM\DiscoLed\Debug\Obj\src\stm32f4xx_spi.o
#        C:\Users\123456\Desktop\DiM\DiscoLed\Debug\Obj\src\stm32f4xx_syscfg.o
#        C:\Users\123456\Desktop\DiM\DiscoLed\Debug\Obj\src\stm32f4xx_tim.o
#        C:\Users\123456\Desktop\DiM\DiscoLed\Debug\Obj\src\stm32f4xx_usart.o
#        C:\Users\123456\Desktop\DiM\DiscoLed\Debug\Obj\src\stm32f4xx_wwdg.o
#        C:\Users\123456\Desktop\DiM\DiscoLed\Debug\Obj\system_stm32f4xx.o
#        C:\Users\123456\Desktop\DiM\DiscoLed\Debug\Obj\ws2812b\ws2812b.o
#        --no_out_extension -o
#        C:\Users\123456\Desktop\DiM\DiscoLed\Debug\Exe\c.out --redirect
#        _Printf=_PrintfFull --redirect _Scanf=_ScanfFull --map
#        C:\Users\123456\Desktop\DiM\DiscoLed\Debug\List\c.map --config
#        C:\Users\123456\Desktop\DiM\DiscoLed\DiscoLed.icf --semihosting
#        --entry __iar_program_start "C:\Program Files\IAR Systems\Embedded
#        Workbench 9.0\arm\CMSIS\Lib\IAR\iar_cortexM4lf_math.a" --vfe
#        --text_out locale)
#
###############################################################################

*******************************************************************************
*** RUNTIME MODEL ATTRIBUTES
***

CppFlavor       = *
__SystemLibrary = DLib
__dlib_version  = 6


*******************************************************************************
*** HEAP SELECTION
***

The basic heap was selected because no calls to memory allocation
functions were found in the application outside of system library
functions, and there are calls to deallocation functions in the
application.


*******************************************************************************
*** PLACEMENT SUMMARY
***

"A0":  place at address 0x800'0000 { ro section .intvec };
"P1":  place in [from 0x800'0000 to 0x805'ffff] { ro };
define block CSTACK with size = 16K, alignment = 8 { };
define block HEAP with size = 8K, alignment = 8 { };
"P2":  place in [from 0x2000'0000 to 0x2001'7fff] {
          rw, block CSTACK, block HEAP };
initialize by copy { rw };

  Section            Kind         Address    Size  Object
  -------            ----         -------    ----  ------
"A0":                                       0x1ac
  .intvec            ro code   0x800'0000   0x1ac  startup_stm32f429xx.o [1]
                             - 0x800'01ac   0x1ac

"P1":                                      0xe474
  .rodata            const     0x800'01ac  0x8000  arm_common_tables.o [6]
  .text              ro code   0x800'81ac   0xab4  stm32f4xx_tim.o [3]
  .text              ro code   0x800'8c60   0x9ca  main.o [1]
  .text              ro code   0x800'962a    0x2a  copy_init3.o [8]
  .text              ro code   0x800'9654   0x6e0  stm32f4xx_rcc.o [3]
  .text              ro code   0x800'9d34   0x3f8  stm32_init.o [1]
  .text              ro code   0x800'a12c    0x48  FltToDbl.o [7]
  .text              ro code   0x800'a174    0x12  math_wrappers64.o [7]
  .text              ro code   0x800'a188   0x25e  DblAddSub.o [7]
  .text              ro code   0x800'a3e8   0x1aa  DblMul.o [7]
  .text              ro code   0x800'a594    0x36  DblToS32.o [7]
  .text              ro code   0x800'a5cc   0x29c  ws2812b.o [4]
  .text              ro code   0x800'a868   0x500  arm_fft_win.o [1]
  .text              ro code   0x800'ad68    0x66  ABImemset.o [8]
  .text              ro code   0x800'add0   0x868  stm32f4xx_adc.o [3]
  .text              ro code   0x800'b638   0x8c8  stm32f4xx_dma.o [3]
  .text              ro code   0x800'bf00   0x58c  stm32f4xx_gpio.o [3]
  .text              ro code   0x800'c48c    0xfe  arm_q31_to_float.o [6]
  .text              ro code   0x800'c58c    0xb4  arm_cfft_radix4_init_f32.o [6]
  .text              ro code   0x800'c640   0x72e  arm_cfft_radix4_f32.o [6]
  .text              ro code   0x800'cd70   0x158  arm_cmplx_mag_f32.o [6]
  .text              ro code   0x800'cec8   0x158  arm_float_to_q31.o [6]
  .text              ro code   0x800'd020    0x40  stm32f4xx_flash.o [3]
  .text              ro code   0x800'd060   0x3f0  cos_sin64.o [7]
  .text              ro code   0x800'd450   0x1d4  cos_sin32.o [7]
  .text              ro code   0x800'd624    0x1c  U32ToDbl.o [7]
  .text              ro code   0x800'd640    0x68  DblToFlt.o [7]
  .text              ro code   0x800'd6a8    0xce  arm_bitreversal.o [6]
  .text              ro code   0x800'd778    0x48  FltToS64.o [7]
  .text              ro code   0x800'd7c0    0x34  DblCmpLe.o [7]
  .text              ro code   0x800'd7f4    0x22  S32ToDbl.o [7]
  .rodata            const     0x800'd818   0x800  arm_common_tables.o [6]
  .rodata            const     0x800'e018   0x100  ws2812b.o [4]
  .rodata            const     0x800'e118    0x80  ws2812b.o [4]
  .text              ro code   0x800'e198    0x6c  system_stm32f4xx.o [1]
  .rodata            const     0x800'e204    0x3c  stm32f4xx_adc.o [3]
  .rodata            const     0x800'e240    0x3c  stm32f4xx_dma.o [3]
  .rodata            const     0x800'e27c    0x3c  stm32f4xx_flash.o [3]
  .rodata            const     0x800'e2b8    0x3c  stm32f4xx_gpio.o [3]
  .rodata            const     0x800'e2f4    0x3c  stm32f4xx_rcc.o [3]
  .rodata            const     0x800'e330    0x3c  stm32f4xx_tim.o [3]
  .text              ro code   0x800'e36c    0x38  zero_init3.o [8]
  .text              ro code   0x800'e3a4    0x28  data_init.o [8]
  .text              ro code   0x800'e3cc    0x22  fpinit_M.o [7]
  .iar.init_table    const     0x800'e3f0    0x24  - Linker created -
  .text              ro code   0x800'e414    0x1e  cmain.o [8]
  .text              ro code   0x800'e432     0x4  low_level_init.o [5]
  .text              ro code   0x800'e436     0x4  exit.o [5]
  .text              ro code   0x800'e43c     0xa  cexit.o [8]
  .text              ro code   0x800'e448    0x14  exit.o [9]
  .text              ro code   0x800'e45c    0x1c  cstartup_M.o [8]
  Initializer bytes  const     0x800'e478    0x1c  <for P2-1>
  .text              ro code   0x800'e494    0x10  startup_stm32f429xx.o [1]
  .text              ro code   0x800'e4a4     0x4  startup_stm32f429xx.o [1]
  .text              ro code   0x800'e4a8     0x4  startup_stm32f429xx.o [1]
  .text              ro code   0x800'e4ac     0x4  startup_stm32f429xx.o [1]
  .text              ro code   0x800'e4b0     0x4  startup_stm32f429xx.o [1]
  .text              ro code   0x800'e4b4     0x4  startup_stm32f429xx.o [1]
  .text              ro code   0x800'e4b8     0x4  startup_stm32f429xx.o [1]
  .text              ro code   0x800'e4bc     0x4  startup_stm32f429xx.o [1]
  .text              ro code   0x800'e4c0     0x4  startup_stm32f429xx.o [1]
  .text              ro code   0x800'e4c4     0x4  startup_stm32f429xx.o [1]
  .text              ro code   0x800'e4c8     0x4  startup_stm32f429xx.o [1]
  .text              ro code   0x800'e4cc     0x4  startup_stm32f429xx.o [1]
  .text              ro code   0x800'e4d0     0x4  startup_stm32f429xx.o [1]
  .text              ro code   0x800'e4d4     0x4  startup_stm32f429xx.o [1]
  .text              ro code   0x800'e4d8     0x4  startup_stm32f429xx.o [1]
  .text              ro code   0x800'e4dc     0x4  startup_stm32f429xx.o [1]
  .text              ro code   0x800'e4e0     0x4  startup_stm32f429xx.o [1]
  .text              ro code   0x800'e4e4     0x4  startup_stm32f429xx.o [1]
  .text              ro code   0x800'e4e8     0x4  startup_stm32f429xx.o [1]
  .text              ro code   0x800'e4ec     0x4  startup_stm32f429xx.o [1]
  .text              ro code   0x800'e4f0     0x4  startup_stm32f429xx.o [1]
  .text              ro code   0x800'e4f4     0x4  startup_stm32f429xx.o [1]
  .text              ro code   0x800'e4f8     0x4  startup_stm32f429xx.o [1]
  .text              ro code   0x800'e4fc     0x4  startup_stm32f429xx.o [1]
  .text              ro code   0x800'e500     0x4  startup_stm32f429xx.o [1]
  .text              ro code   0x800'e504     0x4  startup_stm32f429xx.o [1]
  .text              ro code   0x800'e508     0x4  startup_stm32f429xx.o [1]
  .text              ro code   0x800'e50c     0x4  startup_stm32f429xx.o [1]
  .text              ro code   0x800'e510     0x4  startup_stm32f429xx.o [1]
  .text              ro code   0x800'e514     0x4  startup_stm32f429xx.o [1]
  .text              ro code   0x800'e518     0x4  startup_stm32f429xx.o [1]
  .text              ro code   0x800'e51c     0x4  startup_stm32f429xx.o [1]
  .text              ro code   0x800'e520     0x4  startup_stm32f429xx.o [1]
  .text              ro code   0x800'e524     0x4  startup_stm32f429xx.o [1]
  .text              ro code   0x800'e528     0x4  startup_stm32f429xx.o [1]
  .text              ro code   0x800'e52c     0x4  startup_stm32f429xx.o [1]
  .text              ro code   0x800'e530     0x4  startup_stm32f429xx.o [1]
  .text              ro code   0x800'e534     0x4  startup_stm32f429xx.o [1]
  .text              ro code   0x800'e538     0x4  startup_stm32f429xx.o [1]
  .text              ro code   0x800'e53c     0x4  startup_stm32f429xx.o [1]
  .text              ro code   0x800'e540     0x4  startup_stm32f429xx.o [1]
  .text              ro code   0x800'e544     0x4  startup_stm32f429xx.o [1]
  .text              ro code   0x800'e548     0x4  startup_stm32f429xx.o [1]
  .text              ro code   0x800'e54c     0x4  startup_stm32f429xx.o [1]
  .text              ro code   0x800'e550     0x4  startup_stm32f429xx.o [1]
  .text              ro code   0x800'e554     0x4  startup_stm32f429xx.o [1]
  .text              ro code   0x800'e558     0x4  startup_stm32f429xx.o [1]
  .text              ro code   0x800'e55c     0x4  startup_stm32f429xx.o [1]
  .text              ro code   0x800'e560     0x4  startup_stm32f429xx.o [1]
  .text              ro code   0x800'e564     0x4  startup_stm32f429xx.o [1]
  .text              ro code   0x800'e568     0x4  startup_stm32f429xx.o [1]
  .text              ro code   0x800'e56c     0x4  startup_stm32f429xx.o [1]
  .text              ro code   0x800'e570     0x4  startup_stm32f429xx.o [1]
  .text              ro code   0x800'e574     0x4  startup_stm32f429xx.o [1]
  .text              ro code   0x800'e578     0x4  startup_stm32f429xx.o [1]
  .text              ro code   0x800'e57c     0x4  startup_stm32f429xx.o [1]
  .text              ro code   0x800'e580     0x4  startup_stm32f429xx.o [1]
  .text              ro code   0x800'e584     0x4  startup_stm32f429xx.o [1]
  .text              ro code   0x800'e588     0x4  startup_stm32f429xx.o [1]
  .text              ro code   0x800'e58c     0x4  startup_stm32f429xx.o [1]
  .text              ro code   0x800'e590     0x4  startup_stm32f429xx.o [1]
  .text              ro code   0x800'e594     0x4  startup_stm32f429xx.o [1]
  .text              ro code   0x800'e598     0x4  startup_stm32f429xx.o [1]
  .text              ro code   0x800'e59c     0x4  startup_stm32f429xx.o [1]
  .text              ro code   0x800'e5a0     0x4  startup_stm32f429xx.o [1]
  .text              ro code   0x800'e5a4     0x4  startup_stm32f429xx.o [1]
  .text              ro code   0x800'e5a8     0x4  startup_stm32f429xx.o [1]
  .text              ro code   0x800'e5ac     0x4  startup_stm32f429xx.o [1]
  .text              ro code   0x800'e5b0     0x4  startup_stm32f429xx.o [1]
  .text              ro code   0x800'e5b4     0x4  startup_stm32f429xx.o [1]
  .text              ro code   0x800'e5b8     0x4  startup_stm32f429xx.o [1]
  .text              ro code   0x800'e5bc     0x4  startup_stm32f429xx.o [1]
  .text              ro code   0x800'e5c0     0x4  startup_stm32f429xx.o [1]
  .text              ro code   0x800'e5c4     0x4  startup_stm32f429xx.o [1]
  .text              ro code   0x800'e5c8     0x4  startup_stm32f429xx.o [1]
  .text              ro code   0x800'e5cc     0x4  startup_stm32f429xx.o [1]
  .text              ro code   0x800'e5d0     0x4  startup_stm32f429xx.o [1]
  .text              ro code   0x800'e5d4     0x4  startup_stm32f429xx.o [1]
  .text              ro code   0x800'e5d8     0x4  startup_stm32f429xx.o [1]
  .text              ro code   0x800'e5dc     0x4  startup_stm32f429xx.o [1]
  .text              ro code   0x800'e5e0     0x4  startup_stm32f429xx.o [1]
  .text              ro code   0x800'e5e4     0x4  startup_stm32f429xx.o [1]
  .text              ro code   0x800'e5e8     0x4  startup_stm32f429xx.o [1]
  .text              ro code   0x800'e5ec     0x4  startup_stm32f429xx.o [1]
  .text              ro code   0x800'e5f0     0x4  startup_stm32f429xx.o [1]
  .text              ro code   0x800'e5f4     0x4  startup_stm32f429xx.o [1]
  .text              ro code   0x800'e5f8     0x4  startup_stm32f429xx.o [1]
  .text              ro code   0x800'e5fc     0x4  startup_stm32f429xx.o [1]
  .text              ro code   0x800'e600     0x4  startup_stm32f429xx.o [1]
  .text              ro code   0x800'e604     0x4  startup_stm32f429xx.o [1]
  .text              ro code   0x800'e608     0x4  startup_stm32f429xx.o [1]
  .text              ro code   0x800'e60c     0x4  startup_stm32f429xx.o [1]
  .text              ro code   0x800'e610     0x4  startup_stm32f429xx.o [1]
  .text              ro code   0x800'e614     0x4  startup_stm32f429xx.o [1]
  .text              ro code   0x800'e618     0x4  startup_stm32f429xx.o [1]
  .text              ro code   0x800'e61c     0x4  startup_stm32f429xx.o [1]
  .rodata            const     0x800'e620     0x0  zero_init3.o [8]
  .rodata            const     0x800'e620     0x0  copy_init3.o [8]
                             - 0x800'e620  0xe474

"P2", part 1 of 3:                           0x1c
  P2-1                        0x2000'0000    0x1a  <Init block>
    .data            inited   0x2000'0000     0x4  arm_fft_win.o [1]
    .data            inited   0x2000'0004    0x10  stm32f4xx_rcc.o [3]
    .data            inited   0x2000'0014     0x2  main.o [1]
    .data            inited   0x2000'0016     0x2  main.o [1]
    .data            inited   0x2000'0018     0x1  main.o [1]
    .data            inited   0x2000'0019     0x1  main.o [1]
                            - 0x2000'001a    0x1a

"P2", part 2 of 3:                         0xaaf8
  .bss               zero     0x2000'001c  0x36c0  main.o [1]
  .bss               zero     0x2000'36dc  0x2000  main.o [1]
  .bss               zero     0x2000'56dc  0x1000  arm_fft_win.o [1]
  .bss               zero     0x2000'66dc  0x1000  main.o [1]
  .bss               zero     0x2000'76dc  0x1000  main.o [1]
  .bss               zero     0x2000'86dc  0x1000  main.o [1]
  .bss               zero     0x2000'96dc  0x1000  main.o [1]
  .bss               zero     0x2000'a6dc   0x240  main.o [1]
  .bss               zero     0x2000'a91c    0x90  main.o [1]
  .bss               zero     0x2000'a9ac    0x90  main.o [1]
  .bss               zero     0x2000'aa3c    0x90  main.o [1]
  .bss               zero     0x2000'aacc    0x20  main.o [1]
  .bss               zero     0x2000'aaec     0x8  main.o [1]
  .bss               zero     0x2000'aaf4     0x4  main.o [1]
  .bss               zero     0x2000'aaf8     0x4  main.o [1]
  .bss               zero     0x2000'aafc     0x2  main.o [1]
  .bss               zero     0x2000'aafe     0x2  main.o [1]
  .bss               zero     0x2000'ab00     0x2  main.o [1]
  .bss               zero     0x2000'ab02     0x2  main.o [1]
  .bss               zero     0x2000'ab04     0x2  main.o [1]
  .bss               zero     0x2000'ab06     0x2  main.o [1]
  .bss               zero     0x2000'ab08     0x1  main.o [1]
  .bss               zero     0x2000'ab09     0x1  main.o [1]
  .bss               zero     0x2000'ab0a     0x1  main.o [1]
  .bss               zero     0x2000'ab0b     0x1  main.o [1]
  .bss               zero     0x2000'ab0c     0x1  main.o [1]
  .bss               zero     0x2000'ab0d     0x1  main.o [1]
  .bss               zero     0x2000'ab0e     0x1  main.o [1]
  .bss               zero     0x2000'ab0f     0x1  main.o [1]
  .bss               zero     0x2000'ab10     0x1  main.o [1]
                            - 0x2000'ab11  0xaaf5

"P2", part 3 of 3:                         0x4000
  CSTACK                      0x2000'ab18  0x4000  <Block>
    CSTACK           uninit   0x2000'ab18  0x4000  <Block tail>
                            - 0x2000'eb18  0x4000

Unused ranges:

         From           To      Size
         ----           --      ----
   0x800'e620   0x805'ffff  0x5'19e0
  0x2000'ab14  0x2000'ab17       0x4
  0x2000'eb18  0x2001'7fff    0x94e8


*******************************************************************************
*** INIT TABLE
***

          Address      Size
          -------      ----
Zero (__iar_zero_init3)
    1 destination range, total size 0xaaf5:
          0x2000'001c  0xaaf5

Copy (__iar_copy_init3)
    1 source range, total size 0x1c (107% of destination):
           0x800'e478    0x1c
    1 destination range, total size 0x1a:
          0x2000'0000    0x1a



*******************************************************************************
*** MODULE SUMMARY
***

    Module                      ro code  ro data  rw data
    ------                      -------  -------  -------
command line/config:
    -----------------------------------------------------
    Total:

C:\Users\123456\Desktop\DiM\DiscoLed\Debug\Obj: [1]
    arm_fft_win.o                 1'280        4    4'100
    main.o                        2'506        6   39'675
    startup_stm32f429xx.o           824
    stm32_init.o                  1'016
    system_stm32f4xx.o              108
    -----------------------------------------------------
    Total:                        5'734       10   43'775

C:\Users\123456\Desktop\DiM\DiscoLed\Debug\Obj\DSP_Lib: [2]
    -----------------------------------------------------
    Total:

C:\Users\123456\Desktop\DiM\DiscoLed\Debug\Obj\src: [3]
    stm32f4xx_adc.o               2'152       60
    stm32f4xx_dma.o               2'248       60
    stm32f4xx_flash.o                64       60
    stm32f4xx_gpio.o              1'420       60
    stm32f4xx_rcc.o               1'760       76       16
    stm32f4xx_tim.o               2'740       60
    -----------------------------------------------------
    Total:                       10'384      376       16

C:\Users\123456\Desktop\DiM\DiscoLed\Debug\Obj\ws2812b: [4]
    ws2812b.o                       668      384
    -----------------------------------------------------
    Total:                          668      384

dl7M_tlf.a: [5]
    exit.o                            4
    low_level_init.o                  4
    -----------------------------------------------------
    Total:                            8

iar_cortexM4lf_math.a: [6]
    arm_bitreversal.o               206
    arm_cfft_radix4_f32.o         1'838
    arm_cfft_radix4_init_f32.o      180
    arm_cmplx_mag_f32.o             344
    arm_common_tables.o                   34'816
    arm_float_to_q31.o              344
    arm_q31_to_float.o              254
    -----------------------------------------------------
    Total:                        3'166   34'816

m7M_tls.a: [7]
    DblAddSub.o                     606
    DblCmpLe.o                       52
    DblMul.o                        426
    DblToFlt.o                      104
    DblToS32.o                       54
    FltToDbl.o                       72
    FltToS64.o                       72
    S32ToDbl.o                       34
    U32ToDbl.o                       28
    cos_sin32.o                     468
    cos_sin64.o                   1'008
    fpinit_M.o                       34
    math_wrappers64.o                18
    -----------------------------------------------------
    Total:                        2'976

rt7M_tl.a: [8]
    ABImemset.o                     102
    cexit.o                          10
    cmain.o                          30
    copy_init3.o                     42
    cstartup_M.o                     28
    data_init.o                      40
    zero_init3.o                     56
    -----------------------------------------------------
    Total:                          308

shb_l.a: [9]
    exit.o                           20
    -----------------------------------------------------
    Total:                           20

    Gaps                             20        4
    Linker created                            38   16'384
---------------------------------------------------------
    Grand Total:                 23'284   35'628   60'175


*******************************************************************************
*** ENTRY LIST
***

Entry                       Address    Size  Type      Object
-----                       -------    ----  ----      ------
.iar.init_table$$Base    0x800'e3f0           --   Gb  - Linker created -
.iar.init_table$$Limit   0x800'e414           --   Gb  - Linker created -
?main                    0x800'e415          Code  Gb  cmain.o [8]
ADC_AnalogWatchdogCmd    0x800'b153    0x74  Code  Gb  stm32f4xx_adc.o [3]
ADC_Cmd                  0x800'b0f1    0x62  Code  Gb  stm32f4xx_adc.o [3]
ADC_CommonInit           0x800'af8f   0x162  Code  Gb  stm32f4xx_adc.o [3]
ADC_DMACmd               0x800'b4a9    0x62  Code  Gb  stm32f4xx_adc.o [3]
ADC_DMARequestAfterLastTransferCmd
                         0x800'b50b    0x62  Code  Gb  stm32f4xx_adc.o [3]
ADC_DeInit               0x800'add1    0x18  Code  Gb  stm32f4xx_adc.o [3]
ADC_EOCOnEachRegularChannelCmd
                         0x800'b43d    0x5c  Code  Gb  stm32f4xx_adc.o [3]
ADC_ITConfig             0x800'b58d    0x9a  Code  Gb  stm32f4xx_adc.o [3]
ADC_Init                 0x800'ade9   0x1a6  Code  Gb  stm32f4xx_adc.o [3]
ADC_RegularChannelConfig
                         0x800'b1c7   0x24a  Code  Gb  stm32f4xx_adc.o [3]
ADC_SoftwareStartConv    0x800'b411    0x2c  Code  Gb  stm32f4xx_adc.o [3]
ADC_arr                 0x2000'76dc  0x1000  Data  Gb  main.o [1]
ADC_buf                 0x2000'66dc  0x1000  Data  Gb  main.o [1]
ADC_fft                 0x2000'36dc  0x2000  Data  Gb  main.o [1]
ADC_flag_fft            0x2000'ab08     0x1  Data  Gb  main.o [1]
APBAHBPrescTable        0x2000'0004    0x10  Data  Lc  stm32f4xx_rcc.o [3]
BrightnessTable2         0x800'e118    0x80  Data  Gb  ws2812b.o [4]
CSTACK$$Base            0x2000'ab18           --   Gb  - Linker created -
CSTACK$$Limit           0x2000'eb18           --   Gb  - Linker created -
Convert_RGB_to_DMA_buf   0x800'a83f    0x1c  Code  Gb  ws2812b.o [4]
DMA1_Stream7_IRQHandler
                         0x800'927b    0x10  Code  Gb  main.o [1]
DMA2_Stream0_IRQHandler
                         0x800'93f7    0x7a  Code  Gb  main.o [1]
DMA_ClearITPendingBit    0x800'bdf9    0xb4  Code  Gb  stm32f4xx_dma.o [3]
DMA_Cmd                  0x800'bad5    0xc4  Code  Gb  stm32f4xx_dma.o [3]
DMA_DeInit               0x800'b639   0x1ea  Code  Gb  stm32f4xx_dma.o [3]
DMA_GetCmdStatus         0x800'bbf5    0x94  Code  Gb  stm32f4xx_dma.o [3]
DMA_ITConfig             0x800'bcd1   0x10a  Code  Gb  stm32f4xx_dma.o [3]
DMA_Init                 0x800'b823   0x2b2  Code  Gb  stm32f4xx_dma.o [3]
DMA_buf                 0x2000'001c  0x36c0  Data  Gb  main.o [1]
DoFFT                    0x800'9471    0x5a  Code  Lc  main.o [1]
FLASH_SetLatency         0x800'd021    0x36  Code  Gb  stm32f4xx_flash.o [3]
GPIO_Init                0x800'bf01   0x194  Code  Gb  stm32f4xx_gpio.o [3]
GPIO_PinAFConfig         0x800'c1c9   0x29a  Code  Gb  stm32f4xx_gpio.o [3]
GPIO_ReadInputDataBit    0x800'c095   0x10c  Code  Gb  stm32f4xx_gpio.o [3]
HSV_to_RGB               0x800'a643   0x136  Code  Gb  ws2812b.o [4]
ISR_init_timer           0x800'9e93    0x4c  Code  Gb  stm32_init.o [1]
LEDS_buf                0x2000'a6dc   0x240  Data  Gb  main.o [1]
LEDstrip_init            0x800'a5cd    0x76  Code  Gb  ws2812b.o [4]
LEDstrip_set_led_state   0x800'a779    0xc6  Code  Gb  ws2812b.o [4]
NVIC_EnableIRQ           0x800'8c61    0x18  Code  Lc  main.o [1]
NVIC_EnableIRQ           0x800'9d35    0x18  Code  Lc  stm32_init.o [1]
RCC_AHB1PeriphClockCmd   0x800'9a23    0x5e  Code  Gb  stm32f4xx_rcc.o [3]
RCC_APB1PeriphClockCmd   0x800'9a81    0x5e  Code  Gb  stm32f4xx_rcc.o [3]
RCC_APB1PeriphResetCmd   0x800'9b65    0x62  Code  Gb  stm32f4xx_rcc.o [3]
RCC_APB2PeriphClockCmd   0x800'9afd    0x5e  Code  Gb  stm32f4xx_rcc.o [3]
RCC_APB2PeriphResetCmd   0x800'9bc7    0x62  Code  Gb  stm32f4xx_rcc.o [3]
RCC_ClockSecuritySystemCmd
                         0x800'97ad    0x2c  Code  Gb  stm32f4xx_rcc.o [3]
RCC_DeInit               0x800'9655    0x60  Code  Gb  stm32f4xx_rcc.o [3]
RCC_GetClocksFreq        0x800'990b   0x118  Code  Gb  stm32f4xx_rcc.o [3]
RCC_GetFlagStatus        0x800'9c3d    0xb6  Code  Gb  stm32f4xx_rcc.o [3]
RCC_GetSYSCLKSource      0x800'9873     0xc  Code  Gb  stm32f4xx_rcc.o [3]
RCC_HCLKConfig           0x800'987f    0x4a  Code  Gb  stm32f4xx_rcc.o [3]
RCC_HSICmd               0x800'96b5    0x2c  Code  Gb  stm32f4xx_rcc.o [3]
RCC_MCO2Config           0x800'97d9    0x68  Code  Gb  stm32f4xx_rcc.o [3]
RCC_PCLK1Config          0x800'98c9    0x42  Code  Gb  stm32f4xx_rcc.o [3]
RCC_PLLCmd               0x800'9781    0x2c  Code  Gb  stm32f4xx_rcc.o [3]
RCC_PLLConfig            0x800'96e1    0xa0  Code  Gb  stm32f4xx_rcc.o [3]
RCC_SYSCLKConfig         0x800'9841    0x32  Code  Gb  stm32f4xx_rcc.o [3]
Region$$Table$$Base      0x800'e3f0           --   Gb  - Linker created -
Region$$Table$$Limit     0x800'e414           --   Gb  - Linker created -
STM32_init_adc           0x800'9fdf    0x8e  Code  Gb  stm32_init.o [1]
STM32_init_dma_adc       0x800'a06d    0x80  Code  Gb  stm32_init.o [1]
STM32_init_dma_timer     0x800'9f67    0x78  Code  Gb  stm32_init.o [1]
STM32_init_gpio          0x800'9e25    0x6e  Code  Gb  stm32_init.o [1]
STM32_init_rcc           0x800'9d83    0xa2  Code  Gb  stm32_init.o [1]
STM32_init_timer         0x800'9edf    0x88  Code  Gb  stm32_init.o [1]
SetValueMode             0x800'94cb    0x6e  Code  Gb  main.o [1]
Spectr_fft              0x2000'86dc  0x1000  Data  Gb  main.o [1]
Spectr_fft_q31          0x2000'96dc  0x1000  Data  Gb  main.o [1]
SysTick_CNT             0x2000'aaf8     0x4  Data  Gb  main.o [1]
SysTick_Handler          0x800'928b    0x1a  Code  Gb  main.o [1]
SysTick_Init             0x800'9d4d    0x36  Code  Gb  stm32_init.o [1]
SystemInit               0x800'e199    0x4c  Code  Gb  system_stm32f4xx.o [1]
TIM3_IRQHandler          0x800'92a5   0x152  Code  Gb  main.o [1]
TIM_ARRPreloadConfig     0x800'851d    0xb8  Code  Gb  stm32f4xx_tim.o [3]
TIM_ClearFlag            0x800'894d    0x88  Code  Gb  stm32f4xx_tim.o [3]
TIM_Cmd                  0x800'85d9    0xba  Code  Gb  stm32f4xx_tim.o [3]
TIM_DMACmd               0x800'8b8f    0x9e  Code  Gb  stm32f4xx_tim.o [3]
TIM_DMAConfig            0x800'89d9   0x1b6  Code  Gb  stm32f4xx_tim.o [3]
TIM_DeInit               0x800'81ad   0x1f6  Code  Gb  stm32f4xx_tim.o [3]
TIM_ITConfig             0x800'886d    0xb8  Code  Gb  stm32f4xx_tim.o [3]
TIM_OC4Init              0x800'8699   0x124  Code  Gb  stm32f4xx_tim.o [3]
TIM_OC4PreloadConfig     0x800'87f1    0x64  Code  Gb  stm32f4xx_tim.o [3]
TIM_TimeBaseInit         0x800'83a3   0x146  Code  Gb  stm32f4xx_tim.o [3]
__aeabi_cdcmple          0x800'd7c1          Code  Gb  DblCmpLe.o [7]
__aeabi_d2f              0x800'd641          Code  Gb  DblToFlt.o [7]
__aeabi_d2iz             0x800'a595          Code  Gb  DblToS32.o [7]
__aeabi_dadd             0x800'a189          Code  Gb  DblAddSub.o [7]
__aeabi_dmul             0x800'a3e9          Code  Gb  DblMul.o [7]
__aeabi_dsub             0x800'a305          Code  Gb  DblAddSub.o [7]
__aeabi_f2d              0x800'a12d          Code  Gb  FltToDbl.o [7]
__aeabi_f2lz             0x800'd779          Code  Gb  FltToS64.o [7]
__aeabi_i2d              0x800'd7f5          Code  Gb  S32ToDbl.o [7]
__aeabi_memset           0x800'ad69          Code  Gb  ABImemset.o [8]
__aeabi_ui2d             0x800'd625          Code  Gb  U32ToDbl.o [7]
__cmain                  0x800'e415          Code  Gb  cmain.o [8]
__exit                   0x800'e449    0x14  Code  Gb  exit.o [9]
__iar_Memset             0x800'ad69          Code  Gb  ABImemset.o [8]
__iar_Memset_word        0x800'ad71          Code  Gb  ABImemset.o [8]
__iar_Sin32              0x800'd451   0x18c  Code  Lc  cos_sin32.o [7]
__iar_Sin64              0x800'd061   0x35c  Code  Lc  cos_sin64.o [7]
__iar_copy_init3         0x800'962b    0x2a  Code  Gb  copy_init3.o [8]
__iar_cos32              0x800'd61d     0x4  Code  Gb  cos_sin32.o [7]
__iar_cos_medium32       0x800'd61d     0x4  Code  Gb  cos_sin32.o [7]
__iar_cos_mediumf        0x800'd61d     0x4  Code  Gb  cos_sin32.o [7]
__iar_data_init3         0x800'e3a5    0x28  Code  Gb  data_init.o [8]
__iar_init_vfp           0x800'e3cd          Code  Gb  fpinit_M.o [7]
__iar_program_start      0x800'e45d          Code  Gb  cstartup_M.o [8]
__iar_sin32              0x800'd621     0x4  Code  Gb  cos_sin32.o [7]
__iar_sin64              0x800'd44d     0x4  Code  Gb  cos_sin64.o [7]
__iar_sin_medium         0x800'd44d     0x4  Code  Gb  cos_sin64.o [7]
__iar_sin_medium32       0x800'd621     0x4  Code  Gb  cos_sin32.o [7]
__iar_sin_medium64       0x800'd44d     0x4  Code  Gb  cos_sin64.o [7]
__iar_sin_mediumf        0x800'd621     0x4  Code  Gb  cos_sin32.o [7]
__iar_sin_mediuml        0x800'd44d     0x4  Code  Gb  cos_sin64.o [7]
__iar_vfp_sin            0x800'a17b     0xc  Code  Gb  math_wrappers64.o [7]
__iar_zero_init3         0x800'e36d    0x38  Code  Gb  zero_init3.o [8]
__low_level_init         0x800'e433     0x4  Code  Gb  low_level_init.o [5]
__vector_table           0x800'0000          Data  Gb  startup_stm32f429xx.o [1]
_call_main               0x800'e421          Code  Gb  cmain.o [8]
_exit                    0x800'e43d          Code  Gb  cexit.o [8]
armBitRevTable           0x800'd818   0x800  Data  Gb  arm_common_tables.o [6]
arm_bitreversal_f32      0x800'd6a9    0xce  Code  Gb  arm_bitreversal.o [6]
arm_cfft_radix4_f32      0x800'c641    0x42  Code  Gb  arm_cfft_radix4_f32.o [6]
arm_cfft_radix4_init_f32
                         0x800'c58d    0xb4  Code  Gb  arm_cfft_radix4_init_f32.o [6]
arm_cmplx_mag_f32        0x800'cd71   0x158  Code  Gb  arm_cmplx_mag_f32.o [6]
arm_fft_window           0x800'a869   0x500  Code  Gb  arm_fft_win.o [1]
arm_float_to_q31         0x800'cec9   0x158  Code  Gb  arm_float_to_q31.o [6]
arm_q31_to_float         0x800'c48d    0xfe  Code  Gb  arm_q31_to_float.o [6]
arm_radix4_butterfly_f32
                         0x800'c685   0x362  Code  Gb  arm_cfft_radix4_f32.o [6]
arm_radix4_butterfly_inverse_f32
                         0x800'c9e9   0x386  Code  Gb  arm_cfft_radix4_f32.o [6]
assert_failed            0x800'9629     0x2  Code  Gb  main.o [1]
bButton                 0x2000'ab0e     0x1  Data  Gb  main.o [1]
bOldButton              0x2000'ab0d     0x1  Data  Gb  main.o [1]
capture                 0x2000'aacc    0x20  Data  Gb  main.o [1]
changeMode              0x2000'0019     0x1  Data  Gb  main.o [1]
cmumode                 0x2000'0018     0x1  Data  Lc  main.o [1]
cosf                     0x800'd61d     0x4  Code  Gb  cos_sin32.o [7]
dTmpFloat               0x2000'0000     0x4  Data  Gb  arm_fft_win.o [1]
devider                 0x2000'ab04     0x2  Data  Gb  main.o [1]
dim_curve                0x800'e018   0x100  Data  Gb  ws2812b.o [4]
exit                     0x800'e437     0x4  Code  Gb  exit.o [5]
fCoeff                  0x2000'56dc  0x1000  Data  Gb  arm_fft_win.o [1]
fade                    0x2000'ab00     0x2  Data  Lc  main.o [1]
fadespeed               0x2000'0014     0x2  Data  Lc  main.o [1]
fourChannels            0x2000'ab0b     0x1  Data  Gb  main.o [1]
main                     0x800'8c79   0x602  Code  Gb  main.o [1]
min_value               0x2000'aafe     0x2  Data  Gb  main.o [1]
peak                    0x2000'aaec     0x8  Data  Gb  main.o [1]
pos                     0x2000'aafc     0x2  Data  Lc  main.o [1]
rainbow                 0x2000'ab02     0x2  Data  Lc  main.o [1]
rainbowChannel          0x2000'ab0a     0x1  Data  Lc  main.o [1]
rainbowspeed            0x2000'ab09     0x1  Data  Lc  main.o [1]
sat_sin                 0x2000'a9ac    0x90  Data  Gb  main.o [1]
shift                    0x800'9539    0x34  Code  Gb  main.o [1]
shift_speed             0x2000'0016     0x2  Data  Gb  main.o [1]
shift_teak              0x2000'ab06     0x2  Data  Gb  main.o [1]
sin                      0x800'd44d     0x4  Code  Gb  cos_sin64.o [7]
sinf                     0x800'd621     0x4  Code  Gb  cos_sin32.o [7]
sinl                     0x800'd44d     0x4  Code  Gb  cos_sin64.o [7]
tempeffone              0x2000'ab0f     0x1  Data  Lc  main.o [1]
twiddleCoef_4096         0x800'01ac  0x8000  Data  Gb  arm_common_tables.o [6]
v_peakspeed             0x2000'ab0c     0x1  Data  Gb  main.o [1]
val_sin                 0x2000'a91c    0x90  Data  Gb  main.o [1]
vmetr                   0x2000'aaf4     0x4  Data  Gb  main.o [1]
volfade                 0x2000'ab10     0x1  Data  Lc  main.o [1]
vpeak                   0x2000'aa3c    0x90  Data  Gb  main.o [1]


[1] = C:\Users\123456\Desktop\DiM\DiscoLed\Debug\Obj
[2] = C:\Users\123456\Desktop\DiM\DiscoLed\Debug\Obj\DSP_Lib
[3] = C:\Users\123456\Desktop\DiM\DiscoLed\Debug\Obj\src
[4] = C:\Users\123456\Desktop\DiM\DiscoLed\Debug\Obj\ws2812b
[5] = dl7M_tlf.a
[6] = iar_cortexM4lf_math.a
[7] = m7M_tls.a
[8] = rt7M_tl.a
[9] = shb_l.a

  23'284 bytes of readonly  code memory
  35'628 bytes of readonly  data memory
  60'175 bytes of readwrite data memory

Errors: none
Warnings: none
