###############################################################################
#
# IAR ELF Linker V9.10.2.313/W64 for ARM                  07/Jul/2022  20:07:32
# Copyright 2007-2021 IAR Systems AB.
#
#    Output file  =  C:\Users\123456\Desktop\DiM\DiscoLed\Debug\Exe\c.out
#    Map file     =  C:\Users\123456\Desktop\DiM\DiscoLed\Debug\List\c.map
#    Command line =
#        -f C:\Users\123456\Desktop\DiM\DiscoLed\Debug\Exe\c.out.rsp
#        (C:\Users\123456\Desktop\DiM\DiscoLed\Debug\Obj\DSP_Lib\arm_fft_bin_data.o
#        C:\Users\123456\Desktop\DiM\DiscoLed\Debug\Obj\main.o
#        C:\Users\123456\Desktop\DiM\DiscoLed\Debug\Obj\src\misc.o
#        C:\Users\123456\Desktop\DiM\DiscoLed\Debug\Obj\startup_stm32f429xx.o
#        C:\Users\123456\Desktop\DiM\DiscoLed\Debug\Obj\stm32_init.o
#        C:\Users\123456\Desktop\DiM\DiscoLed\Debug\Obj\src\stm32f4xx_adc.o
#        C:\Users\123456\Desktop\DiM\DiscoLed\Debug\Obj\src\stm32f4xx_can.o
#        C:\Users\123456\Desktop\DiM\DiscoLed\Debug\Obj\src\stm32f4xx_crc.o
#        C:\Users\123456\Desktop\DiM\DiscoLed\Debug\Obj\src\stm32f4xx_cryp.o
#        C:\Users\123456\Desktop\DiM\DiscoLed\Debug\Obj\src\stm32f4xx_cryp_aes.o
#        C:\Users\123456\Desktop\DiM\DiscoLed\Debug\Obj\src\stm32f4xx_cryp_des.o
#        C:\Users\123456\Desktop\DiM\DiscoLed\Debug\Obj\src\stm32f4xx_cryp_tdes.o
#        C:\Users\123456\Desktop\DiM\DiscoLed\Debug\Obj\src\stm32f4xx_dac.o
#        C:\Users\123456\Desktop\DiM\DiscoLed\Debug\Obj\src\stm32f4xx_dbgmcu.o
#        C:\Users\123456\Desktop\DiM\DiscoLed\Debug\Obj\src\stm32f4xx_dcmi.o
#        C:\Users\123456\Desktop\DiM\DiscoLed\Debug\Obj\src\stm32f4xx_dma.o
#        C:\Users\123456\Desktop\DiM\DiscoLed\Debug\Obj\src\stm32f4xx_exti.o
#        C:\Users\123456\Desktop\DiM\DiscoLed\Debug\Obj\src\stm32f4xx_flash.o
#        C:\Users\123456\Desktop\DiM\DiscoLed\Debug\Obj\src\stm32f4xx_fsmc.o
#        C:\Users\123456\Desktop\DiM\DiscoLed\Debug\Obj\src\stm32f4xx_gpio.o
#        C:\Users\123456\Desktop\DiM\DiscoLed\Debug\Obj\src\stm32f4xx_hash.o
#        C:\Users\123456\Desktop\DiM\DiscoLed\Debug\Obj\src\stm32f4xx_hash_md5.o
#        C:\Users\123456\Desktop\DiM\DiscoLed\Debug\Obj\src\stm32f4xx_hash_sha1.o
#        C:\Users\123456\Desktop\DiM\DiscoLed\Debug\Obj\src\stm32f4xx_i2c.o
#        C:\Users\123456\Desktop\DiM\DiscoLed\Debug\Obj\src\stm32f4xx_iwdg.o
#        C:\Users\123456\Desktop\DiM\DiscoLed\Debug\Obj\src\stm32f4xx_pwr.o
#        C:\Users\123456\Desktop\DiM\DiscoLed\Debug\Obj\src\stm32f4xx_rcc.o
#        C:\Users\123456\Desktop\DiM\DiscoLed\Debug\Obj\src\stm32f4xx_rng.o
#        C:\Users\123456\Desktop\DiM\DiscoLed\Debug\Obj\src\stm32f4xx_rtc.o
#        C:\Users\123456\Desktop\DiM\DiscoLed\Debug\Obj\src\stm32f4xx_sdio.o
#        C:\Users\123456\Desktop\DiM\DiscoLed\Debug\Obj\src\stm32f4xx_spi.o
#        C:\Users\123456\Desktop\DiM\DiscoLed\Debug\Obj\src\stm32f4xx_syscfg.o
#        C:\Users\123456\Desktop\DiM\DiscoLed\Debug\Obj\src\stm32f4xx_tim.o
#        C:\Users\123456\Desktop\DiM\DiscoLed\Debug\Obj\src\stm32f4xx_usart.o
#        C:\Users\123456\Desktop\DiM\DiscoLed\Debug\Obj\src\stm32f4xx_wwdg.o
#        C:\Users\123456\Desktop\DiM\DiscoLed\Debug\Obj\system_stm32f4xx.o
#        C:\Users\123456\Desktop\DiM\DiscoLed\Debug\Obj\ws2812b\ws2812b.o
#        --no_out_extension -o
#        C:\Users\123456\Desktop\DiM\DiscoLed\Debug\Exe\c.out --redirect
#        _Printf=_PrintfFull --redirect _Scanf=_ScanfFull --map
#        C:\Users\123456\Desktop\DiM\DiscoLed\Debug\List\c.map --config
#        C:\Users\123456\Desktop\DiM\DiscoLed\DiscoLed.icf --semihosting
#        --entry __iar_program_start "C:\Program Files\IAR Systems\Embedded
#        Workbench 9.0\arm\CMSIS\Lib\IAR\iar_cortexM4lf_math.a" --vfe
#        --text_out locale)
#
###############################################################################

*******************************************************************************
*** RUNTIME MODEL ATTRIBUTES
***

CppFlavor       = *
__SystemLibrary = DLib
__dlib_version  = 6


*******************************************************************************
*** HEAP SELECTION
***

The basic heap was selected because no calls to memory allocation
functions were found in the application outside of system library
functions, and there are calls to deallocation functions in the
application.


*******************************************************************************
*** PLACEMENT SUMMARY
***

"A0":  place at address 0x800'0000 { ro section .intvec };
"P1":  place in [from 0x800'0000 to 0x805'ffff] { ro };
define block CSTACK with size = 16K, alignment = 8 { };
define block HEAP with size = 8K, alignment = 8 { };
"P2":  place in [from 0x2000'0000 to 0x2001'7fff] {
          rw, block CSTACK, block HEAP };
initialize by copy { rw };

  Section            Kind         Address    Size  Object
  -------            ----         -------    ----  ------
"A0":                                       0x1ac
  .intvec            ro code   0x800'0000   0x1ac  startup_stm32f429xx.o [1]
                             - 0x800'01ac   0x1ac

"P1":                                      0xd120
  .rodata            const     0x800'01ac  0x8000  arm_common_tables.o [6]
  .text              ro code   0x800'81ac   0x934  stm32f4xx_tim.o [3]
  .text              ro code   0x800'8ae0   0x2b0  main.o [1]
  .text              ro code   0x800'8d90   0x6e0  stm32f4xx_rcc.o [3]
  .text              ro code   0x800'9470   0x39c  stm32_init.o [1]
  .text              ro code   0x800'980c    0x48  FltToDbl.o [7]
  .text              ro code   0x800'9854    0x12  math_wrappers64.o [7]
  .text              ro code   0x800'9866    0x2a  copy_init3.o [8]
  .text              ro code   0x800'9890   0x24e  DblAddSub.o [7]
  .text              ro code   0x800'9ae0   0x1aa  DblMul.o [7]
  .text              ro code   0x800'9c8c    0x36  DblToS32.o [7]
  .text              ro code   0x800'9cc4   0x160  ws2812b.o [4]
  .text              ro code   0x800'9e24   0x8ac  stm32f4xx_adc.o [3]
  .text              ro code   0x800'a6d0   0x8c8  stm32f4xx_dma.o [3]
  .text              ro code   0x800'af98    0xfe  arm_q31_to_float.o [6]
  .text              ro code   0x800'b098    0x66  ABImemset.o [8]
  .text              ro code   0x800'b100    0xb4  arm_cfft_radix4_init_f32.o [6]
  .text              ro code   0x800'b1b4   0x72e  arm_cfft_radix4_f32.o [6]
  .text              ro code   0x800'b8e4   0x158  arm_cmplx_mag_f32.o [6]
  .text              ro code   0x800'ba3c   0x158  arm_float_to_q31.o [6]
  .text              ro code   0x800'bb94    0x9a  arm_max_f32.o [6]
  .text              ro code   0x800'bc30    0x40  stm32f4xx_flash.o [3]
  .text              ro code   0x800'bc70   0x480  stm32f4xx_gpio.o [3]
  .text              ro code   0x800'c0f0   0x3f0  cos_sin64.o [7]
  .text              ro code   0x800'c4e0    0xce  arm_bitreversal.o [6]
  .text              ro code   0x800'c5b0    0x48  FltToS64.o [7]
  .text              ro code   0x800'c5f8    0x34  DblCmpLe.o [7]
  .text              ro code   0x800'c62c    0x22  S32ToDbl.o [7]
  .rodata            const     0x800'c650   0x800  arm_common_tables.o [6]
  .text              ro code   0x800'ce50    0x6c  system_stm32f4xx.o [1]
  .rodata            const     0x800'cebc    0x3c  stm32f4xx_adc.o [3]
  .rodata            const     0x800'cef8    0x3c  stm32f4xx_dma.o [3]
  .rodata            const     0x800'cf34    0x3c  stm32f4xx_flash.o [3]
  .rodata            const     0x800'cf70    0x3c  stm32f4xx_gpio.o [3]
  .rodata            const     0x800'cfac    0x3c  stm32f4xx_rcc.o [3]
  .rodata            const     0x800'cfe8    0x3c  stm32f4xx_tim.o [3]
  .text              ro code   0x800'd024    0x38  zero_init3.o [8]
  .text              ro code   0x800'd05c    0x28  data_init.o [8]
  .text              ro code   0x800'd084    0x22  fpinit_M.o [7]
  .iar.init_table    const     0x800'd0a8    0x24  - Linker created -
  .text              ro code   0x800'd0cc    0x1e  cmain.o [8]
  .text              ro code   0x800'd0ea     0x4  low_level_init.o [5]
  .text              ro code   0x800'd0ee     0x4  exit.o [5]
  .text              ro code   0x800'd0f4     0xa  cexit.o [8]
  .text              ro code   0x800'd100    0x14  exit.o [9]
  .text              ro code   0x800'd114    0x1c  cstartup_M.o [8]
  .text              ro code   0x800'd130    0x10  startup_stm32f429xx.o [1]
  Initializer bytes  const     0x800'd140    0x10  <for P2-1>
  .text              ro code   0x800'd150     0x4  startup_stm32f429xx.o [1]
  .text              ro code   0x800'd154     0x4  startup_stm32f429xx.o [1]
  .text              ro code   0x800'd158     0x4  startup_stm32f429xx.o [1]
  .text              ro code   0x800'd15c     0x4  startup_stm32f429xx.o [1]
  .text              ro code   0x800'd160     0x4  startup_stm32f429xx.o [1]
  .text              ro code   0x800'd164     0x4  startup_stm32f429xx.o [1]
  .text              ro code   0x800'd168     0x4  startup_stm32f429xx.o [1]
  .text              ro code   0x800'd16c     0x4  startup_stm32f429xx.o [1]
  .text              ro code   0x800'd170     0x4  startup_stm32f429xx.o [1]
  .text              ro code   0x800'd174     0x4  startup_stm32f429xx.o [1]
  .text              ro code   0x800'd178     0x4  startup_stm32f429xx.o [1]
  .text              ro code   0x800'd17c     0x4  startup_stm32f429xx.o [1]
  .text              ro code   0x800'd180     0x4  startup_stm32f429xx.o [1]
  .text              ro code   0x800'd184     0x4  startup_stm32f429xx.o [1]
  .text              ro code   0x800'd188     0x4  startup_stm32f429xx.o [1]
  .text              ro code   0x800'd18c     0x4  startup_stm32f429xx.o [1]
  .text              ro code   0x800'd190     0x4  startup_stm32f429xx.o [1]
  .text              ro code   0x800'd194     0x4  startup_stm32f429xx.o [1]
  .text              ro code   0x800'd198     0x4  startup_stm32f429xx.o [1]
  .text              ro code   0x800'd19c     0x4  startup_stm32f429xx.o [1]
  .text              ro code   0x800'd1a0     0x4  startup_stm32f429xx.o [1]
  .text              ro code   0x800'd1a4     0x4  startup_stm32f429xx.o [1]
  .text              ro code   0x800'd1a8     0x4  startup_stm32f429xx.o [1]
  .text              ro code   0x800'd1ac     0x4  startup_stm32f429xx.o [1]
  .text              ro code   0x800'd1b0     0x4  startup_stm32f429xx.o [1]
  .text              ro code   0x800'd1b4     0x4  startup_stm32f429xx.o [1]
  .text              ro code   0x800'd1b8     0x4  startup_stm32f429xx.o [1]
  .text              ro code   0x800'd1bc     0x4  startup_stm32f429xx.o [1]
  .text              ro code   0x800'd1c0     0x4  startup_stm32f429xx.o [1]
  .text              ro code   0x800'd1c4     0x4  startup_stm32f429xx.o [1]
  .text              ro code   0x800'd1c8     0x4  startup_stm32f429xx.o [1]
  .text              ro code   0x800'd1cc     0x4  startup_stm32f429xx.o [1]
  .text              ro code   0x800'd1d0     0x4  startup_stm32f429xx.o [1]
  .text              ro code   0x800'd1d4     0x4  startup_stm32f429xx.o [1]
  .text              ro code   0x800'd1d8     0x4  startup_stm32f429xx.o [1]
  .text              ro code   0x800'd1dc     0x4  startup_stm32f429xx.o [1]
  .text              ro code   0x800'd1e0     0x4  startup_stm32f429xx.o [1]
  .text              ro code   0x800'd1e4     0x4  startup_stm32f429xx.o [1]
  .text              ro code   0x800'd1e8     0x4  startup_stm32f429xx.o [1]
  .text              ro code   0x800'd1ec     0x4  startup_stm32f429xx.o [1]
  .text              ro code   0x800'd1f0     0x4  startup_stm32f429xx.o [1]
  .text              ro code   0x800'd1f4     0x4  startup_stm32f429xx.o [1]
  .text              ro code   0x800'd1f8     0x4  startup_stm32f429xx.o [1]
  .text              ro code   0x800'd1fc     0x4  startup_stm32f429xx.o [1]
  .text              ro code   0x800'd200     0x4  startup_stm32f429xx.o [1]
  .text              ro code   0x800'd204     0x4  startup_stm32f429xx.o [1]
  .text              ro code   0x800'd208     0x4  startup_stm32f429xx.o [1]
  .text              ro code   0x800'd20c     0x4  startup_stm32f429xx.o [1]
  .text              ro code   0x800'd210     0x4  startup_stm32f429xx.o [1]
  .text              ro code   0x800'd214     0x4  startup_stm32f429xx.o [1]
  .text              ro code   0x800'd218     0x4  startup_stm32f429xx.o [1]
  .text              ro code   0x800'd21c     0x4  startup_stm32f429xx.o [1]
  .text              ro code   0x800'd220     0x4  startup_stm32f429xx.o [1]
  .text              ro code   0x800'd224     0x4  startup_stm32f429xx.o [1]
  .text              ro code   0x800'd228     0x4  startup_stm32f429xx.o [1]
  .text              ro code   0x800'd22c     0x4  startup_stm32f429xx.o [1]
  .text              ro code   0x800'd230     0x4  startup_stm32f429xx.o [1]
  .text              ro code   0x800'd234     0x4  startup_stm32f429xx.o [1]
  .text              ro code   0x800'd238     0x4  startup_stm32f429xx.o [1]
  .text              ro code   0x800'd23c     0x4  startup_stm32f429xx.o [1]
  .text              ro code   0x800'd240     0x4  startup_stm32f429xx.o [1]
  .text              ro code   0x800'd244     0x4  startup_stm32f429xx.o [1]
  .text              ro code   0x800'd248     0x4  startup_stm32f429xx.o [1]
  .text              ro code   0x800'd24c     0x4  startup_stm32f429xx.o [1]
  .text              ro code   0x800'd250     0x4  startup_stm32f429xx.o [1]
  .text              ro code   0x800'd254     0x4  startup_stm32f429xx.o [1]
  .text              ro code   0x800'd258     0x4  startup_stm32f429xx.o [1]
  .text              ro code   0x800'd25c     0x4  startup_stm32f429xx.o [1]
  .text              ro code   0x800'd260     0x4  startup_stm32f429xx.o [1]
  .text              ro code   0x800'd264     0x4  startup_stm32f429xx.o [1]
  .text              ro code   0x800'd268     0x4  startup_stm32f429xx.o [1]
  .text              ro code   0x800'd26c     0x4  startup_stm32f429xx.o [1]
  .text              ro code   0x800'd270     0x4  startup_stm32f429xx.o [1]
  .text              ro code   0x800'd274     0x4  startup_stm32f429xx.o [1]
  .text              ro code   0x800'd278     0x4  startup_stm32f429xx.o [1]
  .text              ro code   0x800'd27c     0x4  startup_stm32f429xx.o [1]
  .text              ro code   0x800'd280     0x4  startup_stm32f429xx.o [1]
  .text              ro code   0x800'd284     0x4  startup_stm32f429xx.o [1]
  .text              ro code   0x800'd288     0x4  startup_stm32f429xx.o [1]
  .text              ro code   0x800'd28c     0x4  startup_stm32f429xx.o [1]
  .text              ro code   0x800'd290     0x4  startup_stm32f429xx.o [1]
  .text              ro code   0x800'd294     0x4  startup_stm32f429xx.o [1]
  .text              ro code   0x800'd298     0x4  startup_stm32f429xx.o [1]
  .text              ro code   0x800'd29c     0x4  startup_stm32f429xx.o [1]
  .text              ro code   0x800'd2a0     0x4  startup_stm32f429xx.o [1]
  .text              ro code   0x800'd2a4     0x4  startup_stm32f429xx.o [1]
  .text              ro code   0x800'd2a8     0x4  startup_stm32f429xx.o [1]
  .text              ro code   0x800'd2ac     0x4  startup_stm32f429xx.o [1]
  .text              ro code   0x800'd2b0     0x4  startup_stm32f429xx.o [1]
  .text              ro code   0x800'd2b4     0x4  startup_stm32f429xx.o [1]
  .text              ro code   0x800'd2b8     0x4  startup_stm32f429xx.o [1]
  .text              ro code   0x800'd2bc     0x4  startup_stm32f429xx.o [1]
  .text              ro code   0x800'd2c0     0x4  startup_stm32f429xx.o [1]
  .text              ro code   0x800'd2c4     0x4  startup_stm32f429xx.o [1]
  .text              ro code   0x800'd2c8     0x4  startup_stm32f429xx.o [1]
  .rodata            const     0x800'd2cc     0x0  zero_init3.o [8]
  .rodata            const     0x800'd2cc     0x0  copy_init3.o [8]
                             - 0x800'd2cc  0xd120

"P2", part 1 of 3:                           0x10
  P2-1                        0x2000'0000    0x10  <Init block>
    .data            inited   0x2000'0000    0x10  stm32f4xx_rcc.o [3]
                            - 0x2000'0010    0x10

"P2", part 2 of 3:                         0x9a28
  .bss               zero     0x2000'0010  0x36c0  main.o [1]
  .bss               zero     0x2000'36d0  0x2000  main.o [1]
  .bss               zero     0x2000'56d0  0x1000  main.o [1]
  .bss               zero     0x2000'66d0  0x1000  main.o [1]
  .bss               zero     0x2000'76d0  0x1000  main.o [1]
  .bss               zero     0x2000'86d0  0x1000  main.o [1]
  .bss               zero     0x2000'96d0   0x240  main.o [1]
  .bss               zero     0x2000'9910    0x90  main.o [1]
  .bss               zero     0x2000'99a0    0x90  main.o [1]
  .bss               zero     0x2000'9a30     0x4  main.o [1]
  .bss               zero     0x2000'9a34     0x2  main.o [1]
  .bss               zero     0x2000'9a36     0x1  main.o [1]
                            - 0x2000'9a37  0x9a27

"P2", part 3 of 3:                         0x4000
  CSTACK                      0x2000'9a38  0x4000  <Block>
    CSTACK           uninit   0x2000'9a38  0x4000  <Block tail>
                            - 0x2000'da38  0x4000

Unused ranges:

         From           To      Size
         ----           --      ----
   0x800'd2cc   0x805'ffff  0x5'2d34
  0x2000'da38  0x2001'7fff    0xa5c8


*******************************************************************************
*** INIT TABLE
***

          Address      Size
          -------      ----
Zero (__iar_zero_init3)
    1 destination range, total size 0x9a27:
          0x2000'0010  0x9a27

Copy (__iar_copy_init3)
    1 source range, total size 0x10:
           0x800'd140    0x10
    1 destination range, total size 0x10:
          0x2000'0000    0x10



*******************************************************************************
*** MODULE SUMMARY
***

    Module                      ro code  ro data  rw data
    ------                      -------  -------  -------
command line/config:
    -----------------------------------------------------
    Total:

C:\Users\123456\Desktop\DiM\DiscoLed\Debug\Obj: [1]
    main.o                          688            39'463
    startup_stm32f429xx.o           824
    stm32_init.o                    924
    system_stm32f4xx.o              108
    -----------------------------------------------------
    Total:                        2'544            39'463

C:\Users\123456\Desktop\DiM\DiscoLed\Debug\Obj\DSP_Lib: [2]
    -----------------------------------------------------
    Total:

C:\Users\123456\Desktop\DiM\DiscoLed\Debug\Obj\src: [3]
    stm32f4xx_adc.o               2'220       60
    stm32f4xx_dma.o               2'248       60
    stm32f4xx_flash.o                64       60
    stm32f4xx_gpio.o              1'152       60
    stm32f4xx_rcc.o               1'760       76       16
    stm32f4xx_tim.o               2'356       60
    -----------------------------------------------------
    Total:                        9'800      376       16

C:\Users\123456\Desktop\DiM\DiscoLed\Debug\Obj\ws2812b: [4]
    ws2812b.o                       352
    -----------------------------------------------------
    Total:                          352

dl7M_tlf.a: [5]
    exit.o                            4
    low_level_init.o                  4
    -----------------------------------------------------
    Total:                            8

iar_cortexM4lf_math.a: [6]
    arm_bitreversal.o               206
    arm_cfft_radix4_f32.o         1'838
    arm_cfft_radix4_init_f32.o      180
    arm_cmplx_mag_f32.o             344
    arm_common_tables.o                   34'816
    arm_float_to_q31.o              344
    arm_max_f32.o                   154
    arm_q31_to_float.o              254
    -----------------------------------------------------
    Total:                        3'320   34'816

m7M_tls.a: [7]
    DblAddSub.o                     590
    DblCmpLe.o                       52
    DblMul.o                        426
    DblToS32.o                       54
    FltToDbl.o                       72
    FltToS64.o                       72
    S32ToDbl.o                       34
    cos_sin64.o                   1'008
    fpinit_M.o                       34
    math_wrappers64.o                18
    -----------------------------------------------------
    Total:                        2'360

rt7M_tl.a: [8]
    ABImemset.o                     102
    cexit.o                          10
    cmain.o                          30
    copy_init3.o                     42
    cstartup_M.o                     28
    data_init.o                      40
    zero_init3.o                     56
    -----------------------------------------------------
    Total:                          308

shb_l.a: [9]
    exit.o                           20
    -----------------------------------------------------
    Total:                           20

    Gaps                             20        4
    Linker created                            36   16'384
---------------------------------------------------------
    Grand Total:                 18'732   35'232   55'863


*******************************************************************************
*** ENTRY LIST
***

Entry                       Address    Size  Type      Object
-----                       -------    ----  ----      ------
.iar.init_table$$Base    0x800'd0a8           --   Gb  - Linker created -
.iar.init_table$$Limit   0x800'd0cc           --   Gb  - Linker created -
?main                    0x800'd0cd          Code  Gb  cmain.o [8]
ADC_AnalogWatchdogCmd    0x800'a1a7    0x74  Code  Gb  stm32f4xx_adc.o [3]
ADC_ClearFlag            0x800'a67b    0x44  Code  Gb  stm32f4xx_adc.o [3]
ADC_Cmd                  0x800'a145    0x62  Code  Gb  stm32f4xx_adc.o [3]
ADC_CommonInit           0x800'9fe3   0x162  Code  Gb  stm32f4xx_adc.o [3]
ADC_DMACmd               0x800'a4fd    0x62  Code  Gb  stm32f4xx_adc.o [3]
ADC_DMARequestAfterLastTransferCmd
                         0x800'a55f    0x62  Code  Gb  stm32f4xx_adc.o [3]
ADC_DeInit               0x800'9e25    0x18  Code  Gb  stm32f4xx_adc.o [3]
ADC_EOCOnEachRegularChannelCmd
                         0x800'a491    0x5c  Code  Gb  stm32f4xx_adc.o [3]
ADC_IRQHandler           0x800'8c2d    0x1a  Code  Gb  main.o [1]
ADC_ITConfig             0x800'a5e1    0x9a  Code  Gb  stm32f4xx_adc.o [3]
ADC_Init                 0x800'9e3d   0x1a6  Code  Gb  stm32f4xx_adc.o [3]
ADC_RegularChannelConfig
                         0x800'a21b   0x24a  Code  Gb  stm32f4xx_adc.o [3]
ADC_SoftwareStartConv    0x800'a465    0x2c  Code  Gb  stm32f4xx_adc.o [3]
ADC_arr                 0x2000'66d0  0x1000  Data  Gb  main.o [1]
ADC_buf                 0x2000'56d0  0x1000  Data  Gb  main.o [1]
ADC_fft                 0x2000'36d0  0x2000  Data  Gb  main.o [1]
ADC_flag_fft            0x2000'9a36     0x1  Data  Gb  main.o [1]
APBAHBPrescTable        0x2000'0000    0x10  Data  Lc  stm32f4xx_rcc.o [3]
CSTACK$$Base            0x2000'9a38           --   Gb  - Linker created -
CSTACK$$Limit           0x2000'da38           --   Gb  - Linker created -
Convert_RGB_to_DMA_buf   0x800'9e01    0x1c  Code  Gb  ws2812b.o [4]
DMA1_Stream7_IRQHandler
                         0x800'8c0b     0xc  Code  Gb  main.o [1]
DMA2_Stream0_IRQHandler
                         0x800'8c47    0x72  Code  Gb  main.o [1]
DMA_ClearITPendingBit    0x800'ae91    0xb4  Code  Gb  stm32f4xx_dma.o [3]
DMA_Cmd                  0x800'ab6d    0xc4  Code  Gb  stm32f4xx_dma.o [3]
DMA_DeInit               0x800'a6d1   0x1ea  Code  Gb  stm32f4xx_dma.o [3]
DMA_GetCmdStatus         0x800'ac8d    0x94  Code  Gb  stm32f4xx_dma.o [3]
DMA_ITConfig             0x800'ad69   0x10a  Code  Gb  stm32f4xx_dma.o [3]
DMA_Init                 0x800'a8bb   0x2b2  Code  Gb  stm32f4xx_dma.o [3]
DMA_buf                 0x2000'0010  0x36c0  Data  Gb  main.o [1]
DoFFT                    0x800'8cb9    0x78  Code  Lc  main.o [1]
FLASH_SetLatency         0x800'bc31    0x36  Code  Gb  stm32f4xx_flash.o [3]
GPIO_Init                0x800'bc71   0x194  Code  Gb  stm32f4xx_gpio.o [3]
GPIO_PinAFConfig         0x800'be2d   0x29a  Code  Gb  stm32f4xx_gpio.o [3]
LEDS_buf                0x2000'96d0   0x240  Data  Gb  main.o [1]
LEDstrip_init            0x800'9cc5    0x76  Code  Gb  ws2812b.o [4]
LEDstrip_set_led_state   0x800'9d3b    0xc6  Code  Gb  ws2812b.o [4]
NVIC_EnableIRQ           0x800'8ae1    0x16  Code  Lc  main.o [1]
NVIC_EnableIRQ           0x800'9471    0x16  Code  Lc  stm32_init.o [1]
RCC_AHB1PeriphClockCmd   0x800'915f    0x5e  Code  Gb  stm32f4xx_rcc.o [3]
RCC_APB1PeriphClockCmd   0x800'91bd    0x5e  Code  Gb  stm32f4xx_rcc.o [3]
RCC_APB1PeriphResetCmd   0x800'92a1    0x62  Code  Gb  stm32f4xx_rcc.o [3]
RCC_APB2PeriphClockCmd   0x800'9239    0x5e  Code  Gb  stm32f4xx_rcc.o [3]
RCC_APB2PeriphResetCmd   0x800'9303    0x62  Code  Gb  stm32f4xx_rcc.o [3]
RCC_ClockSecuritySystemCmd
                         0x800'8ee9    0x2c  Code  Gb  stm32f4xx_rcc.o [3]
RCC_DeInit               0x800'8d91    0x60  Code  Gb  stm32f4xx_rcc.o [3]
RCC_GetClocksFreq        0x800'9047   0x118  Code  Gb  stm32f4xx_rcc.o [3]
RCC_GetFlagStatus        0x800'9379    0xb6  Code  Gb  stm32f4xx_rcc.o [3]
RCC_GetSYSCLKSource      0x800'8faf     0xc  Code  Gb  stm32f4xx_rcc.o [3]
RCC_HCLKConfig           0x800'8fbb    0x4a  Code  Gb  stm32f4xx_rcc.o [3]
RCC_HSICmd               0x800'8df1    0x2c  Code  Gb  stm32f4xx_rcc.o [3]
RCC_MCO2Config           0x800'8f15    0x68  Code  Gb  stm32f4xx_rcc.o [3]
RCC_PCLK1Config          0x800'9005    0x42  Code  Gb  stm32f4xx_rcc.o [3]
RCC_PLLCmd               0x800'8ebd    0x2c  Code  Gb  stm32f4xx_rcc.o [3]
RCC_PLLConfig            0x800'8e1d    0xa0  Code  Gb  stm32f4xx_rcc.o [3]
RCC_SYSCLKConfig         0x800'8f7d    0x32  Code  Gb  stm32f4xx_rcc.o [3]
Region$$Table$$Base      0x800'd0a8           --   Gb  - Linker created -
Region$$Table$$Limit     0x800'd0cc           --   Gb  - Linker created -
STM32_init_adc           0x800'96c1    0x8e  Code  Gb  stm32_init.o [1]
STM32_init_dma_adc       0x800'974f    0x80  Code  Gb  stm32_init.o [1]
STM32_init_dma_timer     0x800'9649    0x78  Code  Gb  stm32_init.o [1]
STM32_init_gpio          0x800'954d    0x74  Code  Gb  stm32_init.o [1]
STM32_init_rcc           0x800'94b3    0x9a  Code  Gb  stm32_init.o [1]
STM32_init_timer         0x800'95c1    0x88  Code  Gb  stm32_init.o [1]
Spectr_fft              0x2000'76d0  0x1000  Data  Gb  main.o [1]
Spectr_fft_q31          0x2000'86d0  0x1000  Data  Gb  main.o [1]
SysTick_CNT             0x2000'9a30     0x4  Data  Gb  main.o [1]
SysTick_Handler          0x800'8c19    0x14  Code  Gb  main.o [1]
SysTick_Init             0x800'9487    0x2c  Code  Gb  stm32_init.o [1]
SystemInit               0x800'ce51    0x4c  Code  Gb  system_stm32f4xx.o [1]
TIM_ARRPreloadConfig     0x800'851d    0xb8  Code  Gb  stm32f4xx_tim.o [3]
TIM_Cmd                  0x800'85d9    0xba  Code  Gb  stm32f4xx_tim.o [3]
TIM_DMACmd               0x800'8a23    0x9e  Code  Gb  stm32f4xx_tim.o [3]
TIM_DMAConfig            0x800'886d   0x1b6  Code  Gb  stm32f4xx_tim.o [3]
TIM_DeInit               0x800'81ad   0x1f6  Code  Gb  stm32f4xx_tim.o [3]
TIM_OC4Init              0x800'8699   0x124  Code  Gb  stm32f4xx_tim.o [3]
TIM_OC4PreloadConfig     0x800'87f1    0x64  Code  Gb  stm32f4xx_tim.o [3]
TIM_TimeBaseInit         0x800'83a3   0x146  Code  Gb  stm32f4xx_tim.o [3]
__aeabi_cdcmple          0x800'c5f9          Code  Gb  DblCmpLe.o [7]
__aeabi_d2iz             0x800'9c8d          Code  Gb  DblToS32.o [7]
__aeabi_dadd             0x800'9891          Code  Gb  DblAddSub.o [7]
__aeabi_dmul             0x800'9ae1          Code  Gb  DblMul.o [7]
__aeabi_f2d              0x800'980d          Code  Gb  FltToDbl.o [7]
__aeabi_f2lz             0x800'c5b1          Code  Gb  FltToS64.o [7]
__aeabi_i2d              0x800'c62d          Code  Gb  S32ToDbl.o [7]
__aeabi_memset           0x800'b099          Code  Gb  ABImemset.o [8]
__cmain                  0x800'd0cd          Code  Gb  cmain.o [8]
__exit                   0x800'd101    0x14  Code  Gb  exit.o [9]
__iar_Memset             0x800'b099          Code  Gb  ABImemset.o [8]
__iar_Memset_word        0x800'b0a1          Code  Gb  ABImemset.o [8]
__iar_Sin64              0x800'c0f1   0x35c  Code  Lc  cos_sin64.o [7]
__iar_copy_init3         0x800'9867    0x2a  Code  Gb  copy_init3.o [8]
__iar_data_init3         0x800'd05d    0x28  Code  Gb  data_init.o [8]
__iar_init_vfp           0x800'd085          Code  Gb  fpinit_M.o [7]
__iar_program_start      0x800'd115          Code  Gb  cstartup_M.o [8]
__iar_sin64              0x800'c4dd     0x4  Code  Gb  cos_sin64.o [7]
__iar_sin_medium         0x800'c4dd     0x4  Code  Gb  cos_sin64.o [7]
__iar_sin_medium64       0x800'c4dd     0x4  Code  Gb  cos_sin64.o [7]
__iar_sin_mediuml        0x800'c4dd     0x4  Code  Gb  cos_sin64.o [7]
__iar_vfp_sin            0x800'985b     0xc  Code  Gb  math_wrappers64.o [7]
__iar_zero_init3         0x800'd025    0x38  Code  Gb  zero_init3.o [8]
__low_level_init         0x800'd0eb     0x4  Code  Gb  low_level_init.o [5]
__vector_table           0x800'0000          Data  Gb  startup_stm32f429xx.o [1]
_call_main               0x800'd0d9          Code  Gb  cmain.o [8]
_exit                    0x800'd0f5          Code  Gb  cexit.o [8]
armBitRevTable           0x800'c650   0x800  Data  Gb  arm_common_tables.o [6]
arm_bitreversal_f32      0x800'c4e1    0xce  Code  Gb  arm_bitreversal.o [6]
arm_cfft_radix4_f32      0x800'b1b5    0x42  Code  Gb  arm_cfft_radix4_f32.o [6]
arm_cfft_radix4_init_f32
                         0x800'b101    0xb4  Code  Gb  arm_cfft_radix4_init_f32.o [6]
arm_cmplx_mag_f32        0x800'b8e5   0x158  Code  Gb  arm_cmplx_mag_f32.o [6]
arm_float_to_q31         0x800'ba3d   0x158  Code  Gb  arm_float_to_q31.o [6]
arm_max_f32              0x800'bb95    0x9a  Code  Gb  arm_max_f32.o [6]
arm_q31_to_float         0x800'af99    0xfe  Code  Gb  arm_q31_to_float.o [6]
arm_radix4_butterfly_f32
                         0x800'b1f9   0x362  Code  Gb  arm_cfft_radix4_f32.o [6]
arm_radix4_butterfly_inverse_f32
                         0x800'b55d   0x386  Code  Gb  arm_cfft_radix4_f32.o [6]
assert_failed            0x800'8c17     0x2  Code  Gb  main.o [1]
exit                     0x800'd0ef     0x4  Code  Gb  exit.o [5]
main                     0x800'8af9   0x112  Code  Gb  main.o [1]
pos                     0x2000'9a34     0x2  Data  Lc  main.o [1]
sat_sin                 0x2000'99a0    0x90  Data  Gb  main.o [1]
sin                      0x800'c4dd     0x4  Code  Gb  cos_sin64.o [7]
sinl                     0x800'c4dd     0x4  Code  Gb  cos_sin64.o [7]
twiddleCoef_4096         0x800'01ac  0x8000  Data  Gb  arm_common_tables.o [6]
val_sin                 0x2000'9910    0x90  Data  Gb  main.o [1]


[1] = C:\Users\123456\Desktop\DiM\DiscoLed\Debug\Obj
[2] = C:\Users\123456\Desktop\DiM\DiscoLed\Debug\Obj\DSP_Lib
[3] = C:\Users\123456\Desktop\DiM\DiscoLed\Debug\Obj\src
[4] = C:\Users\123456\Desktop\DiM\DiscoLed\Debug\Obj\ws2812b
[5] = dl7M_tlf.a
[6] = iar_cortexM4lf_math.a
[7] = m7M_tls.a
[8] = rt7M_tl.a
[9] = shb_l.a

  18'732 bytes of readonly  code memory
  35'232 bytes of readonly  data memory
  55'863 bytes of readwrite data memory

Errors: none
Warnings: none
