###############################################################################
#
# IAR ELF Linker V9.10.2.313/W64 for ARM                  22/Jun/2022  09:47:50
# Copyright 2007-2021 IAR Systems AB.
#
#    Output file  =  C:\Users\123456\Desktop\DiM\DiscoLed\Debug\Exe\c.out
#    Map file     =  C:\Users\123456\Desktop\DiM\DiscoLed\Debug\List\c.map
#    Command line =
#        -f C:\Users\123456\Desktop\DiM\DiscoLed\Debug\Exe\c.out.rsp
#        (C:\Users\123456\Desktop\DiM\DiscoLed\Debug\Obj\main.o
#        C:\Users\123456\Desktop\DiM\DiscoLed\Debug\Obj\src\misc.o
#        C:\Users\123456\Desktop\DiM\DiscoLed\Debug\Obj\startup_stm32f40xx.o
#        C:\Users\123456\Desktop\DiM\DiscoLed\Debug\Obj\stm32_rcc_init.o
#        C:\Users\123456\Desktop\DiM\DiscoLed\Debug\Obj\src\stm32f4xx_adc.o
#        C:\Users\123456\Desktop\DiM\DiscoLed\Debug\Obj\src\stm32f4xx_can.o
#        C:\Users\123456\Desktop\DiM\DiscoLed\Debug\Obj\src\stm32f4xx_crc.o
#        C:\Users\123456\Desktop\DiM\DiscoLed\Debug\Obj\src\stm32f4xx_cryp.o
#        C:\Users\123456\Desktop\DiM\DiscoLed\Debug\Obj\src\stm32f4xx_cryp_aes.o
#        C:\Users\123456\Desktop\DiM\DiscoLed\Debug\Obj\src\stm32f4xx_cryp_des.o
#        C:\Users\123456\Desktop\DiM\DiscoLed\Debug\Obj\src\stm32f4xx_cryp_tdes.o
#        C:\Users\123456\Desktop\DiM\DiscoLed\Debug\Obj\src\stm32f4xx_dac.o
#        C:\Users\123456\Desktop\DiM\DiscoLed\Debug\Obj\src\stm32f4xx_dbgmcu.o
#        C:\Users\123456\Desktop\DiM\DiscoLed\Debug\Obj\src\stm32f4xx_dcmi.o
#        C:\Users\123456\Desktop\DiM\DiscoLed\Debug\Obj\src\stm32f4xx_dma.o
#        C:\Users\123456\Desktop\DiM\DiscoLed\Debug\Obj\src\stm32f4xx_exti.o
#        C:\Users\123456\Desktop\DiM\DiscoLed\Debug\Obj\src\stm32f4xx_flash.o
#        C:\Users\123456\Desktop\DiM\DiscoLed\Debug\Obj\src\stm32f4xx_fsmc.o
#        C:\Users\123456\Desktop\DiM\DiscoLed\Debug\Obj\src\stm32f4xx_gpio.o
#        C:\Users\123456\Desktop\DiM\DiscoLed\Debug\Obj\src\stm32f4xx_hash.o
#        C:\Users\123456\Desktop\DiM\DiscoLed\Debug\Obj\src\stm32f4xx_hash_md5.o
#        C:\Users\123456\Desktop\DiM\DiscoLed\Debug\Obj\src\stm32f4xx_hash_sha1.o
#        C:\Users\123456\Desktop\DiM\DiscoLed\Debug\Obj\src\stm32f4xx_i2c.o
#        C:\Users\123456\Desktop\DiM\DiscoLed\Debug\Obj\src\stm32f4xx_iwdg.o
#        C:\Users\123456\Desktop\DiM\DiscoLed\Debug\Obj\src\stm32f4xx_pwr.o
#        C:\Users\123456\Desktop\DiM\DiscoLed\Debug\Obj\src\stm32f4xx_rcc.o
#        C:\Users\123456\Desktop\DiM\DiscoLed\Debug\Obj\src\stm32f4xx_rng.o
#        C:\Users\123456\Desktop\DiM\DiscoLed\Debug\Obj\src\stm32f4xx_rtc.o
#        C:\Users\123456\Desktop\DiM\DiscoLed\Debug\Obj\src\stm32f4xx_sdio.o
#        C:\Users\123456\Desktop\DiM\DiscoLed\Debug\Obj\src\stm32f4xx_spi.o
#        C:\Users\123456\Desktop\DiM\DiscoLed\Debug\Obj\src\stm32f4xx_syscfg.o
#        C:\Users\123456\Desktop\DiM\DiscoLed\Debug\Obj\src\stm32f4xx_tim.o
#        C:\Users\123456\Desktop\DiM\DiscoLed\Debug\Obj\src\stm32f4xx_usart.o
#        C:\Users\123456\Desktop\DiM\DiscoLed\Debug\Obj\src\stm32f4xx_wwdg.o
#        C:\Users\123456\Desktop\DiM\DiscoLed\Debug\Obj\system_stm32f4xx.o
#        --no_out_extension -o
#        C:\Users\123456\Desktop\DiM\DiscoLed\Debug\Exe\c.out --redirect
#        _Printf=_PrintfFull --redirect _Scanf=_ScanfFull --map
#        C:\Users\123456\Desktop\DiM\DiscoLed\Debug\List\c.map --config
#        "C:\Program Files\IAR Systems\Embedded Workbench
#        9.0\arm\config\linker\ST\stm32f401xD.icf" --semihosting --entry
#        __iar_program_start --vfe --text_out locale)
#
###############################################################################

*******************************************************************************
*** RUNTIME MODEL ATTRIBUTES
***

CppFlavor       = *
__Heap_Handler  = Basic
__SystemLibrary = DLib
__dlib_version  = 6


*******************************************************************************
*** HEAP SELECTION
***

The basic heap was selected because no calls to memory allocation
functions were found in the application outside of system library
functions, and there are calls to deallocation functions in the
application.


*******************************************************************************
*** PLACEMENT SUMMARY
***

"A0":  place at address 0x800'0000 { ro section .intvec };
"P1":  place in [from 0x800'0000 to 0x805'ffff] { ro };
define block CSTACK with size = 8K, alignment = 8 { };
define block HEAP with size = 8K, alignment = 8 { };
"P2":  place in [from 0x2000'0000 to 0x2001'7fff] {
          rw, block CSTACK, block HEAP };
initialize by copy { rw };

  Section            Kind         Address    Size  Object
  -------            ----         -------    ----  ------
"A0":                                       0x188
  .intvec            ro code   0x800'0000   0x188  startup_stm32f40xx.o [1]
                             - 0x800'0188   0x188

"P1":                                      0x3b6c
  .text              ro code   0x800'0188  0x101e  xprintffull.o [3]
  .text              ro code   0x800'11a6    0x1e  xencoding_8859_1.o [3]
  .text              ro code   0x800'11c4    0x7c  xlocale_c.o [3]
  .text              ro code   0x800'1240    0x16  strchr.o [5]
  .rodata            const     0x800'1256     0x2  xlocale_c.o [3]
  .text              ro code   0x800'1258    0x40  xfail_s.o [3]
  .text              ro code   0x800'1298    0x36  strlen.o [5]
  .rodata            const     0x800'12ce     0x2  xlocale_c.o [3]
  .text              ro code   0x800'12d0    0x58  memchr.o [5]
  .text              ro code   0x800'1328    0xa6  ABImemcpy.o [5]
  .rodata            const     0x800'13ce     0x1  xlocale_c.o [3]
  .text              ro code   0x800'13d0    0x70  frexp.o [4]
  .text              ro code   0x800'1440    0x34  DblCmpLe.o [4]
  .text              ro code   0x800'1474    0x34  DblCmpGe.o [4]
  .text              ro code   0x800'14a8   0x13a  ldexp.o [4]
  .text              ro code   0x800'15e4    0x36  DblToS32.o [4]
  .text              ro code   0x800'161c    0x22  S32ToDbl.o [4]
  .text              ro code   0x800'1640   0x24e  DblAddSub.o [4]
  .text              ro code   0x800'1890   0x246  DblDiv.o [4]
  .text              ro code   0x800'1ad8    0x22  DblToU32.o [4]
  .text              ro code   0x800'1afc    0x1c  U32ToDbl.o [4]
  .text              ro code   0x800'1b18   0x1aa  DblMul.o [4]
  .text              ro code   0x800'1cc2     0xa  xmbcurmax.o [3]
  .text              ro code   0x800'1ccc   0x230  I64DivMod.o [5]
  .text              ro code   0x800'1efc     0x6  abort.o [3]
  .text              ro code   0x800'1f04     0x2  I64DivZer.o [5]
  .text              ro code   0x800'1f08    0x14  exit.o [6]
  .text              ro code   0x800'1f1c    0x7c  iarttio.o [6]
  .text              ro code   0x800'1f98     0x8  XShttio.o [3]
  .text              ro code   0x800'1fa0   0x598  stm32f4xx_rcc.o [2]
  .text              ro code   0x800'2538   0x166  main.o [1]
  .text              ro code   0x800'26a0    0x40  stm32f4xx_flash.o [2]
  .text              ro code   0x800'26e0   0x480  stm32f4xx_gpio.o [2]
  .text              ro code   0x800'2b60   0x534  stm32f4xx_tim.o [2]
  .text              ro code   0x800'3094    0x28  printf.o [3]
  .text              ro code   0x800'30bc   0x13c  heap0.o [3]
  .text              ro code   0x800'31f8    0x2c  xgetmemchunk.o [3]
  .text              ro code   0x800'3224    0xd8  xfspos.o [3]
  .text              ro code   0x800'32fc    0xac  fflush.o [3]
  .text              ro code   0x800'33a8     0xc  xfgpos.o [3]
  .text              ro code   0x800'33b4    0x4e  lseek.o [6]
  .text              ro code   0x800'3402    0x10  write.o [6]
  .text              ro code   0x800'3414    0xcc  XShHandles.o [3]
  .text              ro code   0x800'34e0    0x1e  dwrite.o [6]
  .text              ro code   0x800'34fe    0x20  iarwstd.o [6]
  .text              ro code   0x800'351e    0x22  iarwrite.o [6]
  .text              ro code   0x800'3540    0xb4  xfwprep.o [3]
  .text              ro code   0x800'35f4    0x24  fseek.o [3]
  .text              ro code   0x800'3618    0x9c  xfofind.o [3]
  .text              ro code   0x800'36b4     0x4  heaptramp0.o [3]
  .text              ro code   0x800'36b8    0x7e  fclose.o [3]
  .text              ro code   0x800'3736    0x18  close.o [6]
  .text              ro code   0x800'374e    0x14  remove.o [6]
  .text              ro code   0x800'3762    0x78  lz77_init_single.o [5]
  .text              ro code   0x800'37dc    0x6c  system_stm32f4xx.o [1]
  .text              ro code   0x800'3848    0x54  fputc.o [3]
  .text              ro code   0x800'389c    0x40  xcloseall.o [3]
  .rodata            const     0x800'38dc    0x3c  stm32f4xx_flash.o [2]
  .rodata            const     0x800'3918    0x3c  stm32f4xx_gpio.o [2]
  .rodata            const     0x800'3954    0x3c  stm32f4xx_rcc.o [2]
  .rodata            const     0x800'3990    0x3c  stm32f4xx_tim.o [2]
  .text              ro code   0x800'39cc    0x38  zero_init3.o [5]
  .text              ro code   0x800'3a04    0x28  data_init.o [5]
  .text              ro code   0x800'3a2c    0x22  fpinit_M.o [4]
  .iar.init_table    const     0x800'3a50    0x20  - Linker created -
  .text              ro code   0x800'3a70    0x1e  cmain.o [5]
  .text              ro code   0x800'3a8e     0x4  low_level_init.o [3]
  .text              ro code   0x800'3a92     0x4  exit.o [3]
  .text              ro code   0x800'3a98     0xe  cexit.o [5]
  .text              ro code   0x800'3aa8    0x1c  cstartup_M.o [5]
  .text              ro code   0x800'3ac4    0x16  xprout.o [3]
  .text              ro code   0x800'3adc     0xc  putchar.o [3]
  .text              ro code   0x800'3ae8    0x10  startup_stm32f40xx.o [1]
  .text              ro code   0x800'3af8     0x4  startup_stm32f40xx.o [1]
  .text              ro code   0x800'3afc     0x4  startup_stm32f40xx.o [1]
  .text              ro code   0x800'3b00     0x4  startup_stm32f40xx.o [1]
  .text              ro code   0x800'3b04     0x4  startup_stm32f40xx.o [1]
  .text              ro code   0x800'3b08     0x4  startup_stm32f40xx.o [1]
  .text              ro code   0x800'3b0c     0x4  startup_stm32f40xx.o [1]
  .text              ro code   0x800'3b10     0x4  startup_stm32f40xx.o [1]
  .text              ro code   0x800'3b14     0x4  startup_stm32f40xx.o [1]
  .text              ro code   0x800'3b18     0x4  startup_stm32f40xx.o [1]
  .text              ro code   0x800'3b1c     0x4  startup_stm32f40xx.o [1]
  .text              ro code   0x800'3b20     0x4  startup_stm32f40xx.o [1]
  .text              ro code   0x800'3b24     0x4  startup_stm32f40xx.o [1]
  .text              ro code   0x800'3b28     0x4  startup_stm32f40xx.o [1]
  .text              ro code   0x800'3b2c     0x4  startup_stm32f40xx.o [1]
  .text              ro code   0x800'3b30     0x4  startup_stm32f40xx.o [1]
  .text              ro code   0x800'3b34     0x4  startup_stm32f40xx.o [1]
  .text              ro code   0x800'3b38     0x4  startup_stm32f40xx.o [1]
  .text              ro code   0x800'3b3c     0x4  startup_stm32f40xx.o [1]
  .text              ro code   0x800'3b40     0x4  startup_stm32f40xx.o [1]
  .text              ro code   0x800'3b44     0x4  startup_stm32f40xx.o [1]
  .text              ro code   0x800'3b48     0x4  startup_stm32f40xx.o [1]
  .text              ro code   0x800'3b4c     0x4  startup_stm32f40xx.o [1]
  .text              ro code   0x800'3b50     0x4  startup_stm32f40xx.o [1]
  .text              ro code   0x800'3b54     0x4  startup_stm32f40xx.o [1]
  .text              ro code   0x800'3b58     0x4  startup_stm32f40xx.o [1]
  .text              ro code   0x800'3b5c     0x4  startup_stm32f40xx.o [1]
  .text              ro code   0x800'3b60     0x4  startup_stm32f40xx.o [1]
  .text              ro code   0x800'3b64     0x4  startup_stm32f40xx.o [1]
  .text              ro code   0x800'3b68     0x4  startup_stm32f40xx.o [1]
  .text              ro code   0x800'3b6c     0x4  startup_stm32f40xx.o [1]
  .text              ro code   0x800'3b70     0x4  startup_stm32f40xx.o [1]
  .text              ro code   0x800'3b74     0x4  startup_stm32f40xx.o [1]
  .text              ro code   0x800'3b78     0x4  startup_stm32f40xx.o [1]
  .text              ro code   0x800'3b7c     0x4  startup_stm32f40xx.o [1]
  .text              ro code   0x800'3b80     0x4  startup_stm32f40xx.o [1]
  .text              ro code   0x800'3b84     0x4  startup_stm32f40xx.o [1]
  .text              ro code   0x800'3b88     0x4  startup_stm32f40xx.o [1]
  .text              ro code   0x800'3b8c     0x4  startup_stm32f40xx.o [1]
  .text              ro code   0x800'3b90     0x4  startup_stm32f40xx.o [1]
  .text              ro code   0x800'3b94     0x4  startup_stm32f40xx.o [1]
  .text              ro code   0x800'3b98     0x4  startup_stm32f40xx.o [1]
  .text              ro code   0x800'3b9c     0x4  startup_stm32f40xx.o [1]
  .text              ro code   0x800'3ba0     0x4  startup_stm32f40xx.o [1]
  .text              ro code   0x800'3ba4     0x4  startup_stm32f40xx.o [1]
  .text              ro code   0x800'3ba8     0x4  startup_stm32f40xx.o [1]
  .text              ro code   0x800'3bac     0x4  startup_stm32f40xx.o [1]
  .text              ro code   0x800'3bb0     0x4  startup_stm32f40xx.o [1]
  .text              ro code   0x800'3bb4     0x4  startup_stm32f40xx.o [1]
  .text              ro code   0x800'3bb8     0x4  startup_stm32f40xx.o [1]
  .text              ro code   0x800'3bbc     0x4  startup_stm32f40xx.o [1]
  .text              ro code   0x800'3bc0     0x4  startup_stm32f40xx.o [1]
  .text              ro code   0x800'3bc4     0x4  startup_stm32f40xx.o [1]
  .text              ro code   0x800'3bc8     0x4  startup_stm32f40xx.o [1]
  .text              ro code   0x800'3bcc     0x4  startup_stm32f40xx.o [1]
  .text              ro code   0x800'3bd0     0x4  startup_stm32f40xx.o [1]
  .text              ro code   0x800'3bd4     0x4  startup_stm32f40xx.o [1]
  .text              ro code   0x800'3bd8     0x4  startup_stm32f40xx.o [1]
  .text              ro code   0x800'3bdc     0x4  startup_stm32f40xx.o [1]
  .text              ro code   0x800'3be0     0x4  startup_stm32f40xx.o [1]
  .text              ro code   0x800'3be4     0x4  startup_stm32f40xx.o [1]
  .text              ro code   0x800'3be8     0x4  startup_stm32f40xx.o [1]
  .text              ro code   0x800'3bec     0x4  startup_stm32f40xx.o [1]
  .text              ro code   0x800'3bf0     0x4  startup_stm32f40xx.o [1]
  .text              ro code   0x800'3bf4     0x4  startup_stm32f40xx.o [1]
  .text              ro code   0x800'3bf8     0x4  startup_stm32f40xx.o [1]
  .text              ro code   0x800'3bfc     0x4  startup_stm32f40xx.o [1]
  .text              ro code   0x800'3c00     0x4  startup_stm32f40xx.o [1]
  .text              ro code   0x800'3c04     0x4  startup_stm32f40xx.o [1]
  .text              ro code   0x800'3c08     0x4  startup_stm32f40xx.o [1]
  .text              ro code   0x800'3c0c     0x4  startup_stm32f40xx.o [1]
  .text              ro code   0x800'3c10     0x4  startup_stm32f40xx.o [1]
  .text              ro code   0x800'3c14     0x4  startup_stm32f40xx.o [1]
  .text              ro code   0x800'3c18     0x4  startup_stm32f40xx.o [1]
  .text              ro code   0x800'3c1c     0x4  startup_stm32f40xx.o [1]
  .text              ro code   0x800'3c20     0x4  startup_stm32f40xx.o [1]
  .text              ro code   0x800'3c24     0x4  startup_stm32f40xx.o [1]
  .text              ro code   0x800'3c28     0x4  startup_stm32f40xx.o [1]
  .text              ro code   0x800'3c2c     0x4  startup_stm32f40xx.o [1]
  .text              ro code   0x800'3c30     0x4  startup_stm32f40xx.o [1]
  .text              ro code   0x800'3c34     0x4  startup_stm32f40xx.o [1]
  .text              ro code   0x800'3c38     0x4  startup_stm32f40xx.o [1]
  .text              ro code   0x800'3c3c     0x4  startup_stm32f40xx.o [1]
  .text              ro code   0x800'3c40     0x4  startup_stm32f40xx.o [1]
  .text              ro code   0x800'3c44     0x4  startup_stm32f40xx.o [1]
  .text              ro code   0x800'3c48     0x4  startup_stm32f40xx.o [1]
  .text              ro code   0x800'3c4c     0x4  startup_stm32f40xx.o [1]
  .text              ro code   0x800'3c50     0x4  startup_stm32f40xx.o [1]
  .text              ro code   0x800'3c54     0x4  startup_stm32f40xx.o [1]
  .text              ro code   0x800'3c58     0x4  startup_stm32f40xx.o [1]
  .text              ro code   0x800'3c5c     0x4  startup_stm32f40xx.o [1]
  .text              ro code   0x800'3c60     0x4  startup_stm32f40xx.o [1]
  .text              ro code   0x800'3c64     0x0  cstart_closeall.o [5]
  .rodata            const     0x800'3c64     0x0  zero_init3.o [5]
  .rodata            const     0x800'3c64     0x0  lz77_init_single.o [5]
  Initializer bytes  const     0x800'3c64    0x90  <for P2-1>
                             - 0x800'3cf4  0x3b6c

"P2", part 1 of 3:                          0x190
  P2-1                        0x2000'0000   0x190  <Init block>
    .data            inited   0x2000'0000    0x10  stm32f4xx_rcc.o [2]
    .data            inited   0x2000'0010    0x38  xlocale_c.o [3]
    .data            inited   0x2000'0048    0x48  xlocale_c.o [3]
    .data            inited   0x2000'0090    0x48  xfiles.o [3]
    .data            inited   0x2000'00d8    0x48  xfiles.o [3]
    .data            inited   0x2000'0120    0x48  xfiles.o [3]
    .data            inited   0x2000'0168    0x20  xfiles.o [3]
    .data            inited   0x2000'0188     0x8  XShttio.o [3]
                            - 0x2000'0190   0x190

"P2", part 2 of 3:                          0x130
  .bss               zero     0x2000'0190    0x80  XShHandles.o [3]
  .bss               zero     0x2000'0210    0x50  xfiles.o [3]
  .bss               zero     0x2000'0260    0x50  xfiles.o [3]
  .bss               zero     0x2000'02b0     0x8  heap0.o [3]
  .bss               zero     0x2000'02b8     0x4  xfail_s.o [3]
  .bss               zero     0x2000'02bc     0x4  xgetmemchunk.o [3]
                            - 0x2000'02c0   0x130

"P2", part 3 of 3:                         0x4000
  CSTACK                      0x2000'02c0  0x2000  <Block>
    CSTACK           uninit   0x2000'02c0  0x2000  <Block tail>
  HEAP                        0x2000'22c0  0x2000  <Block>
    HEAP             uninit   0x2000'22c0  0x2000  <Block tail>
                            - 0x2000'42c0  0x4000

Unused ranges:

         From           To      Size
         ----           --      ----
   0x800'3cf4   0x805'ffff  0x5'c30c
  0x2000'42c0  0x2001'7fff  0x1'3d40


*******************************************************************************
*** INIT TABLE
***

          Address      Size
          -------      ----
Zero (__iar_zero_init3)
    1 destination range, total size 0x130:
          0x2000'0190  0x130

Copy/lz77 (__iar_lz77_init_single3)
    1 source range, total size 0x90 (36% of destination):
           0x800'3c64   0x90
    1 destination range, total size 0x190:
          0x2000'0000  0x190



*******************************************************************************
*** MODULE SUMMARY
***

    Module                ro code  ro data  rw data
    ------                -------  -------  -------
command line/config:
    -----------------------------------------------
    Total:

C:\Users\123456\Desktop\DiM\DiscoLed\Debug\Obj: [1]
    main.o                    358
    startup_stm32f40xx.o      772
    system_stm32f4xx.o        108
    -----------------------------------------------
    Total:                  1'238

C:\Users\123456\Desktop\DiM\DiscoLed\Debug\Obj\src: [2]
    stm32f4xx_flash.o          64       60
    stm32f4xx_gpio.o        1'152       60
    stm32f4xx_rcc.o         1'432       65       16
    stm32f4xx_tim.o         1'332       60
    -----------------------------------------------
    Total:                  3'980      245       16

dl7M_tlf.a: [3]
    XShHandles.o              204               128
    XShttio.o                   8        3        8
    abort.o                     6
    exit.o                      4
    fclose.o                  126
    fflush.o                  172
    fputc.o                    84
    fseek.o                    36
    heap0.o                   316                 8
    heaptramp0.o                4
    low_level_init.o            4
    printf.o                   40
    putchar.o                  12
    xcloseall.o                64
    xencoding_8859_1.o         30
    xfail_s.o                  64                 4
    xfgpos.o                   12
    xfiles.o                            90      408
    xfofind.o                 156
    xfspos.o                  216
    xfwprep.o                 180
    xgetmemchunk.o             44                 4
    xlocale_c.o               124       51      128
    xmbcurmax.o                10
    xprintffull.o           4'126
    xprout.o                   22
    -----------------------------------------------
    Total:                  6'064      144      688

m7M_tls.a: [4]
    DblAddSub.o               590
    DblCmpGe.o                 52
    DblCmpLe.o                 52
    DblDiv.o                  582
    DblMul.o                  426
    DblToS32.o                 54
    DblToU32.o                 34
    S32ToDbl.o                 34
    U32ToDbl.o                 28
    fpinit_M.o                 34
    frexp.o                   112
    ldexp.o                   314
    -----------------------------------------------
    Total:                  2'312

rt7M_tl.a: [5]
    ABImemcpy.o               166
    I64DivMod.o               560
    I64DivZer.o                 2
    cexit.o                    14
    cmain.o                    30
    cstart_closeall.o
    cstartup_M.o               28
    data_init.o                40
    lz77_init_single.o        120
    memchr.o                   88
    strchr.o                   22
    strlen.o                   54
    zero_init3.o               56
    -----------------------------------------------
    Total:                  1'180

shb_l.a: [6]
    close.o                    24
    dwrite.o                   30
    exit.o                     20
    iarttio.o                 124
    iarwrite.o                 34
    iarwstd.o                  32
    lseek.o                    78
    remove.o                   20
    write.o                    16
    -----------------------------------------------
    Total:                    378

    Gaps                       29        2
    Linker created                      32   16'384
---------------------------------------------------
    Grand Total:           15'181      423   17'088


*******************************************************************************
*** ENTRY LIST
***

Entry                       Address   Size  Type      Object
-----                       -------   ----  ----      ------
.iar.init_table$$Base    0x800'3a50          --   Gb  - Linker created -
.iar.init_table$$Limit   0x800'3a70          --   Gb  - Linker created -
?main                    0x800'3a71         Code  Gb  cmain.o [5]
APBAHBPrescTable        0x2000'0000   0x10  Data  Lc  stm32f4xx_rcc.o [2]
Aldata                  0x2000'02b0    0x8  Data  Lc  heap0.o [3]
CSTACK$$Base            0x2000'02c0          --   Gb  - Linker created -
CSTACK$$Limit           0x2000'22c0          --   Gb  - Linker created -
CacheMore                0x800'11c9   0x28  Code  Lc  xlocale_c.o [3]
FLASH_SetLatency         0x800'26a1   0x36  Code  Gb  stm32f4xx_flash.o [2]
GPIO_Init                0x800'26e1  0x194  Code  Gb  stm32f4xx_gpio.o [2]
GPIO_PinAFConfig         0x800'289d  0x29a  Code  Gb  stm32f4xx_gpio.o [2]
HEAP$$Base              0x2000'22c0          --   Gb  - Linker created -
HEAP$$Limit             0x2000'42c0          --   Gb  - Linker created -
RCC_AHB1PeriphClockCmd   0x800'2367   0x5e  Code  Gb  stm32f4xx_rcc.o [2]
RCC_APB1PeriphClockCmd   0x800'23c5   0x5e  Code  Gb  stm32f4xx_rcc.o [2]
RCC_ClockSecuritySystemCmd
                         0x800'20f1   0x2c  Code  Gb  stm32f4xx_rcc.o [2]
RCC_DeInit               0x800'1fa1   0x58  Code  Gb  stm32f4xx_rcc.o [2]
RCC_GetClocksFreq        0x800'224f  0x118  Code  Gb  stm32f4xx_rcc.o [2]
RCC_GetFlagStatus        0x800'2455   0xb6  Code  Gb  stm32f4xx_rcc.o [2]
RCC_GetSYSCLKSource      0x800'21b7    0xc  Code  Gb  stm32f4xx_rcc.o [2]
RCC_HCLKConfig           0x800'21c3   0x4a  Code  Gb  stm32f4xx_rcc.o [2]
RCC_HSICmd               0x800'1ff9   0x2c  Code  Gb  stm32f4xx_rcc.o [2]
RCC_MCO2Config           0x800'211d   0x68  Code  Gb  stm32f4xx_rcc.o [2]
RCC_PCLK1Config          0x800'220d   0x42  Code  Gb  stm32f4xx_rcc.o [2]
RCC_PLLCmd               0x800'20c5   0x2c  Code  Gb  stm32f4xx_rcc.o [2]
RCC_PLLConfig            0x800'2025   0xa0  Code  Gb  stm32f4xx_rcc.o [2]
RCC_SYSCLKConfig         0x800'2185   0x32  Code  Gb  stm32f4xx_rcc.o [2]
Region$$Table$$Base      0x800'3a50          --   Gb  - Linker created -
Region$$Table$$Limit     0x800'3a70          --   Gb  - Linker created -
SystemInit               0x800'37dd   0x4c  Code  Gb  system_stm32f4xx.o [1]
TIM_CCxCmd               0x800'2f99   0xcc  Code  Gb  stm32f4xx_tim.o [2]
TIM_Cmd                  0x800'2cfd   0xba  Code  Gb  stm32f4xx_tim.o [2]
TIM_CounterModeConfig    0x800'2b61   0x84  Code  Gb  stm32f4xx_tim.o [2]
TIM_GetCounter           0x800'2c5b   0x68  Code  Gb  stm32f4xx_tim.o [2]
TIM_OC2Init              0x800'2db7  0x1aa  Code  Gb  stm32f4xx_tim.o [2]
TIM_SetAutoreload        0x800'2be5   0x76  Code  Gb  stm32f4xx_tim.o [2]
_Close_all               0x800'389d   0x40  Code  Gb  xcloseall.o [3]
_Encoding_8859_1_Mbrlen
                         0x800'11b9    0x2  Code  Gb  xencoding_8859_1.o [3]
_Encoding_8859_1_Wctomb
                         0x800'11a7   0x12  Code  Gb  xencoding_8859_1.o [3]
_Files                  0x2000'0168   0x20  Data  Gb  xfiles.o [3]
_Fofree                  0x800'3619   0x96  Code  Gb  xfofind.o [3]
_Fspos                   0x800'3225   0xd8  Code  Gb  xfspos.o [3]
_Fwprep                  0x800'3541   0xb4  Code  Gb  xfwprep.o [3]
_LitobFull               0x800'0feb  0x10c  Code  Lc  xprintffull.o [3]
_Locale_lconv           0x2000'0010   0x38  Data  Lc  xlocale_c.o [3]
_Nnl                     0x800'33a9    0xc  Code  Gb  xfgpos.o [3]
_PrintfFull              0x800'0189  0xc2a  Code  Gb  xprintffull.o [3]
_Prout                   0x800'3ac5   0x16  Code  Gb  xprout.o [3]
_PutcharsFull            0x800'114d   0x2e  Code  Lc  xprintffull.o [3]
_PutstrFull              0x800'0f2b   0xc0  Code  Lc  xprintffull.o [3]
_PuttxtFull              0x800'0e1f  0x10c  Code  Lc  xprintffull.o [3]
__aeabi_cdcmple          0x800'1441         Code  Gb  DblCmpLe.o [4]
__aeabi_cdrcmple         0x800'1475         Code  Gb  DblCmpGe.o [4]
__aeabi_d2iz             0x800'15e5         Code  Gb  DblToS32.o [4]
__aeabi_d2uiz            0x800'1ad9         Code  Gb  DblToU32.o [4]
__aeabi_ddiv             0x800'1891         Code  Gb  DblDiv.o [4]
__aeabi_dmul             0x800'1b19         Code  Gb  DblMul.o [4]
__aeabi_dsub             0x800'17ad         Code  Gb  DblAddSub.o [4]
__aeabi_i2d              0x800'161d         Code  Gb  S32ToDbl.o [4]
__aeabi_ldiv0            0x800'1f05         Code  Gb  I64DivZer.o [5]
__aeabi_memcpy           0x800'1329         Code  Gb  ABImemcpy.o [5]
__aeabi_memcpy4          0x800'1349         Code  Gb  ABImemcpy.o [5]
__aeabi_memcpy8          0x800'1349         Code  Gb  ABImemcpy.o [5]
__aeabi_ui2d             0x800'1afd         Code  Gb  U32ToDbl.o [4]
__aeabi_uldivmod         0x800'1ccd         Code  Gb  I64DivMod.o [5]
__basic_free             0x800'3169   0x16  Code  Gb  heap0.o [3]
__basic_free_intern      0x800'317f   0x74  Code  Lc  heap0.o [3]
__basic_malloc           0x800'30bd   0x18  Code  Gb  heap0.o [3]
__basic_malloc_intern    0x800'30d5   0x94  Code  Lc  heap0.o [3]
__cexit_closeall         0x800'3a9b         Code  Gb  cexit.o [5]
__close                  0x800'3737   0x18  Code  Gb  close.o [6]
__cmain                  0x800'3a71         Code  Gb  cmain.o [5]
__cstart_closeall        0x800'3c64         Data  Gb  cstart_closeall.o [5]
__data_GetMemChunk       0x800'31f9   0x2c  Code  Gb  xgetmemchunk.o [3]
__data_GetMemChunk::start
                        0x2000'02bc    0x4  Data  Lc  xgetmemchunk.o [3]
__dwrite                 0x800'34e1   0x1e  Code  Gb  dwrite.o [6]
__exit                   0x800'1f09   0x14  Code  Gb  exit.o [6]
__iar_Fail_s             0x800'1259   0x1c  Code  Gb  xfail_s.o [3]
__iar_Mbcurmax           0x800'1cc3    0xa  Code  Gb  xmbcurmax.o [3]
__iar_Memchr             0x800'12d1         Code  Gb  memchr.o [5]
__iar_Stderr            0x2000'0120   0x48  Data  Gb  xfiles.o [3]
__iar_Stdin             0x2000'0090   0x48  Data  Gb  xfiles.o [3]
__iar_Stdout            0x2000'00d8   0x48  Data  Gb  xfiles.o [3]
__iar_Strchr             0x800'1241         Code  Gb  strchr.o [5]
__iar_close_ttio         0x800'1f1d   0x2c  Code  Gb  iarttio.o [6]
__iar_data_init3         0x800'3a05   0x28  Code  Gb  data_init.o [5]
__iar_frexp              0x800'13dd         Code  Gb  frexp.o [4]
__iar_frexpl             0x800'13dd         Code  Gb  frexp.o [4]
__iar_get_ttio           0x800'1f49   0x4c  Code  Gb  iarttio.o [6]
__iar_globLocale        0x2000'0048   0x48  Data  Lc  xlocale_c.o [3]
__iar_global_Locale      0x800'11c5    0x4  Code  Gb  xlocale_c.o [3]
__iar_init_vfp           0x800'3a2d         Code  Gb  fpinit_M.o [4]
__iar_ldexp64            0x800'14a9         Code  Gb  ldexp.o [4]
__iar_lookup_ttioh       0x800'1f99    0x8  Code  Gb  XShttio.o [3]
__iar_lz77_init_single3
                         0x800'3763   0x78  Code  Gb  lz77_init_single.o [5]
__iar_program_start      0x800'3aa9         Code  Gb  cstartup_M.o [5]
__iar_scalbln64          0x800'14a9         Code  Gb  ldexp.o [4]
__iar_scalbn64           0x800'14a9         Code  Gb  ldexp.o [4]
__iar_sh_Discard         0x800'3415   0x42  Code  Gb  XShHandles.o [3]
__iar_sh_Move            0x800'3457   0x46  Code  Gb  XShHandles.o [3]
__iar_sh_Pos             0x800'349d   0x40  Code  Gb  XShHandles.o [3]
__iar_sh_stdout          0x800'34ff   0x20  Code  Gb  iarwstd.o [6]
__iar_sh_write           0x800'351f   0x22  Code  Gb  iarwrite.o [6]
__iar_softfp___iar_frexp64
                         0x800'13d1         Code  Gb  frexp.o [4]
__iar_softfp_frexp       0x800'13d1         Code  Gb  frexp.o [4]
__iar_softfp_frexpl      0x800'13d1         Code  Gb  frexp.o [4]
__iar_ttio_handles      0x2000'0188    0x8  Data  Lc  XShttio.o [3]
__iar_zero_init3         0x800'39cd   0x38  Code  Gb  zero_init3.o [5]
__low_level_init         0x800'3a8f    0x4  Code  Gb  low_level_init.o [3]
__lseek                  0x800'33b5   0x4e  Code  Gb  lseek.o [6]
__vector_table           0x800'0000         Data  Gb  startup_stm32f40xx.o [1]
__write                  0x800'3403   0x10  Code  Gb  write.o [6]
_call_main               0x800'3a7d         Code  Gb  cmain.o [5]
_exit                    0x800'3a99         Code  Gb  cexit.o [5]
_gLocale_mblen           0x800'122d    0x4  Code  Gb  xlocale_c.o [3]
_gLocale_mblenInt        0x800'11f1   0x2c  Code  Gb  xlocale_c.o [3]
_gLocale_wctomb          0x800'1231    0x4  Code  Gb  xlocale_c.o [3]
_gLocale_wctombInt       0x800'1229    0x4  Code  Gb  xlocale_c.o [3]
abort                    0x800'1efd    0x6  Code  Gb  abort.o [3]
assert_failed            0x800'269d    0x2  Code  Gb  main.o [1]
ebuf                    0x2000'0210   0x50  Data  Lc  xfiles.o [3]
exit                     0x800'3a93    0x4  Code  Gb  exit.o [3]
fclose                   0x800'36b9   0x7e  Code  Gb  fclose.o [3]
fflush                   0x800'3371   0x34  Code  Gb  fflush.o [3]
fflushOne                0x800'32fd   0x74  Code  Lc  fflush.o [3]
fputc                    0x800'3849   0x54  Code  Gb  fputc.o [3]
free                     0x800'36b5    0x4  Code  Gb  heaptramp0.o [3]
fseek                    0x800'35f5   0x24  Code  Gb  fseek.o [3]
ldexp                    0x800'14a9         Code  Gb  ldexp.o [4]
ldexpl                   0x800'14a9         Code  Gb  ldexp.o [4]
localeconv               0x800'1235    0x4  Code  Gb  xlocale_c.o [3]
main                     0x800'2539  0x154  Code  Gb  main.o [1]
memchr                   0x800'12d1         Code  Gb  memchr.o [5]
obuf                    0x2000'0260   0x50  Data  Lc  xfiles.o [3]
printf                   0x800'3095   0x28  Code  Gb  printf.o [3]
putchar                  0x800'3add    0xc  Code  Gb  putchar.o [3]
remove                   0x800'374f   0x14  Code  Gb  remove.o [6]
sFileInfo               0x2000'0190   0x80  Data  Lc  XShHandles.o [3]
scalbln                  0x800'14a9         Code  Gb  ldexp.o [4]
scalblnl                 0x800'14a9         Code  Gb  ldexp.o [4]
scalbn                   0x800'14a9         Code  Gb  ldexp.o [4]
scalbnl                  0x800'14a9         Code  Gb  ldexp.o [4]
scale                    0x800'10f7   0x46  Code  Lc  xprintffull.o [3]
sec_hand                0x2000'02b8    0x4  Data  Lc  xfail_s.o [3]
strchr                   0x800'1241         Code  Gb  strchr.o [5]
strlen                   0x800'1299         Code  Gb  strlen.o [5]


[1] = C:\Users\123456\Desktop\DiM\DiscoLed\Debug\Obj
[2] = C:\Users\123456\Desktop\DiM\DiscoLed\Debug\Obj\src
[3] = dl7M_tlf.a
[4] = m7M_tls.a
[5] = rt7M_tl.a
[6] = shb_l.a

  15'181 bytes of readonly  code memory
     423 bytes of readonly  data memory
  17'088 bytes of readwrite data memory

Errors: none
Warnings: none
