###############################################################################
#
# IAR ELF Linker V9.10.2.313/W64 for ARM                  30/Jun/2022  19:28:01
# Copyright 2007-2021 IAR Systems AB.
#
#    Output file  =  C:\Users\123456\Desktop\DiM\DiscoLed\Debug\Exe\c.out
#    Map file     =  C:\Users\123456\Desktop\DiM\DiscoLed\Debug\List\c.map
#    Command line =
#        -f C:\Users\123456\Desktop\DiM\DiscoLed\Debug\Exe\c.out.rsp
#        (C:\Users\123456\Desktop\DiM\DiscoLed\Debug\Obj\main.o
#        C:\Users\123456\Desktop\DiM\DiscoLed\Debug\Obj\src\misc.o
#        C:\Users\123456\Desktop\DiM\DiscoLed\Debug\Obj\startup_stm32f429xx.o
#        C:\Users\123456\Desktop\DiM\DiscoLed\Debug\Obj\stm32_rcc_init.o
#        C:\Users\123456\Desktop\DiM\DiscoLed\Debug\Obj\src\stm32f4xx_adc.o
#        C:\Users\123456\Desktop\DiM\DiscoLed\Debug\Obj\src\stm32f4xx_can.o
#        C:\Users\123456\Desktop\DiM\DiscoLed\Debug\Obj\src\stm32f4xx_crc.o
#        C:\Users\123456\Desktop\DiM\DiscoLed\Debug\Obj\src\stm32f4xx_cryp.o
#        C:\Users\123456\Desktop\DiM\DiscoLed\Debug\Obj\src\stm32f4xx_cryp_aes.o
#        C:\Users\123456\Desktop\DiM\DiscoLed\Debug\Obj\src\stm32f4xx_cryp_des.o
#        C:\Users\123456\Desktop\DiM\DiscoLed\Debug\Obj\src\stm32f4xx_cryp_tdes.o
#        C:\Users\123456\Desktop\DiM\DiscoLed\Debug\Obj\src\stm32f4xx_dac.o
#        C:\Users\123456\Desktop\DiM\DiscoLed\Debug\Obj\src\stm32f4xx_dbgmcu.o
#        C:\Users\123456\Desktop\DiM\DiscoLed\Debug\Obj\src\stm32f4xx_dcmi.o
#        C:\Users\123456\Desktop\DiM\DiscoLed\Debug\Obj\src\stm32f4xx_dma.o
#        C:\Users\123456\Desktop\DiM\DiscoLed\Debug\Obj\src\stm32f4xx_exti.o
#        C:\Users\123456\Desktop\DiM\DiscoLed\Debug\Obj\src\stm32f4xx_flash.o
#        C:\Users\123456\Desktop\DiM\DiscoLed\Debug\Obj\src\stm32f4xx_fsmc.o
#        C:\Users\123456\Desktop\DiM\DiscoLed\Debug\Obj\src\stm32f4xx_gpio.o
#        C:\Users\123456\Desktop\DiM\DiscoLed\Debug\Obj\src\stm32f4xx_hash.o
#        C:\Users\123456\Desktop\DiM\DiscoLed\Debug\Obj\src\stm32f4xx_hash_md5.o
#        C:\Users\123456\Desktop\DiM\DiscoLed\Debug\Obj\src\stm32f4xx_hash_sha1.o
#        C:\Users\123456\Desktop\DiM\DiscoLed\Debug\Obj\src\stm32f4xx_i2c.o
#        C:\Users\123456\Desktop\DiM\DiscoLed\Debug\Obj\src\stm32f4xx_iwdg.o
#        C:\Users\123456\Desktop\DiM\DiscoLed\Debug\Obj\src\stm32f4xx_pwr.o
#        C:\Users\123456\Desktop\DiM\DiscoLed\Debug\Obj\src\stm32f4xx_rcc.o
#        C:\Users\123456\Desktop\DiM\DiscoLed\Debug\Obj\src\stm32f4xx_rng.o
#        C:\Users\123456\Desktop\DiM\DiscoLed\Debug\Obj\src\stm32f4xx_rtc.o
#        C:\Users\123456\Desktop\DiM\DiscoLed\Debug\Obj\src\stm32f4xx_sdio.o
#        C:\Users\123456\Desktop\DiM\DiscoLed\Debug\Obj\src\stm32f4xx_spi.o
#        C:\Users\123456\Desktop\DiM\DiscoLed\Debug\Obj\src\stm32f4xx_syscfg.o
#        C:\Users\123456\Desktop\DiM\DiscoLed\Debug\Obj\src\stm32f4xx_tim.o
#        C:\Users\123456\Desktop\DiM\DiscoLed\Debug\Obj\src\stm32f4xx_usart.o
#        C:\Users\123456\Desktop\DiM\DiscoLed\Debug\Obj\src\stm32f4xx_wwdg.o
#        C:\Users\123456\Desktop\DiM\DiscoLed\Debug\Obj\system_stm32f4xx.o
#        --no_out_extension -o
#        C:\Users\123456\Desktop\DiM\DiscoLed\Debug\Exe\c.out --redirect
#        _Printf=_PrintfFull --redirect _Scanf=_ScanfFull --map
#        C:\Users\123456\Desktop\DiM\DiscoLed\Debug\List\c.map --config
#        "C:\Program Files\IAR Systems\Embedded Workbench
#        9.0\arm\config\linker\ST\stm32f401xC.icf" --semihosting --entry
#        __iar_program_start --vfe --text_out locale)
#
###############################################################################

*******************************************************************************
*** RUNTIME MODEL ATTRIBUTES
***

CppFlavor       = *
__Heap_Handler  = Basic
__SystemLibrary = DLib
__dlib_version  = 6


*******************************************************************************
*** HEAP SELECTION
***

The basic heap was selected because no calls to memory allocation
functions were found in the application outside of system library
functions, and there are calls to deallocation functions in the
application.


*******************************************************************************
*** PLACEMENT SUMMARY
***

"A0":  place at address 0x800'0000 { ro section .intvec };
"P1":  place in [from 0x800'0000 to 0x803'ffff] { ro };
define block CSTACK with size = 8K, alignment = 8 { };
define block HEAP with size = 8K, alignment = 8 { };
"P2":  place in [from 0x2000'0000 to 0x2000'ffff] {
          rw, block CSTACK, block HEAP };
initialize by copy { rw };

  Section            Kind         Address    Size  Object
  -------            ----         -------    ----  ------
"A0":                                       0x1ac
  .intvec            ro code   0x800'0000   0x1ac  startup_stm32f429xx.o [1]
                             - 0x800'01ac   0x1ac

"P1":                                      0x4e08
  .text              ro code   0x800'01ac  0x101e  xprintffull.o [3]
  .text              ro code   0x800'11ca    0x1e  xencoding_8859_1.o [3]
  .text              ro code   0x800'11e8    0x7c  xlocale_c.o [3]
  .text              ro code   0x800'1264    0x16  strchr.o [5]
  .rodata            const     0x800'127a     0x2  xlocale_c.o [3]
  .text              ro code   0x800'127c    0x40  xfail_s.o [3]
  .text              ro code   0x800'12bc    0x36  strlen.o [5]
  .rodata            const     0x800'12f2     0x2  xlocale_c.o [3]
  .text              ro code   0x800'12f4    0x58  memchr.o [5]
  .text              ro code   0x800'134c    0xa6  ABImemcpy.o [5]
  .rodata            const     0x800'13f2     0x1  xlocale_c.o [3]
  .text              ro code   0x800'13f4    0x70  frexp.o [4]
  .text              ro code   0x800'1464    0x34  DblCmpLe.o [4]
  .text              ro code   0x800'1498    0x34  DblCmpGe.o [4]
  .text              ro code   0x800'14cc   0x13a  ldexp.o [4]
  .text              ro code   0x800'1608    0x36  DblToS32.o [4]
  .text              ro code   0x800'1640    0x22  S32ToDbl.o [4]
  .text              ro code   0x800'1664   0x24e  DblAddSub.o [4]
  .text              ro code   0x800'18b4   0x246  DblDiv.o [4]
  .text              ro code   0x800'1afc    0x22  DblToU32.o [4]
  .text              ro code   0x800'1b20    0x1c  U32ToDbl.o [4]
  .text              ro code   0x800'1b3c   0x1aa  DblMul.o [4]
  .text              ro code   0x800'1ce6     0xa  xmbcurmax.o [3]
  .text              ro code   0x800'1cf0   0x230  I64DivMod.o [5]
  .text              ro code   0x800'1f20     0x6  abort.o [3]
  .text              ro code   0x800'1f28     0x2  I64DivZer.o [5]
  .text              ro code   0x800'1f2c    0x14  exit.o [6]
  .text              ro code   0x800'1f40    0x7c  iarttio.o [6]
  .text              ro code   0x800'1fbc     0x8  XShttio.o [3]
  .text              ro code   0x800'1fc4   0xbc4  stm32f4xx_tim.o [2]
  .text              ro code   0x800'2b88   0x2ca  main.o [1]
  .text              ro code   0x800'2e54   0x678  stm32f4xx_rcc.o [2]
  .text              ro code   0x800'34cc    0x40  stm32f4xx_flash.o [2]
  .text              ro code   0x800'350c   0x480  stm32f4xx_gpio.o [2]
  .text              ro code   0x800'398c   0x8c8  stm32f4xx_dma.o [2]
  .text              ro code   0x800'4254    0x28  printf.o [3]
  .text              ro code   0x800'427c   0x13c  heap0.o [3]
  .text              ro code   0x800'43b8    0x2c  xgetmemchunk.o [3]
  .text              ro code   0x800'43e4    0xd8  xfspos.o [3]
  .text              ro code   0x800'44bc    0xac  fflush.o [3]
  .text              ro code   0x800'4568     0xc  xfgpos.o [3]
  .text              ro code   0x800'4574    0x4e  lseek.o [6]
  .text              ro code   0x800'45c2    0x10  write.o [6]
  .text              ro code   0x800'45d4    0xcc  XShHandles.o [3]
  .text              ro code   0x800'46a0    0x1e  dwrite.o [6]
  .text              ro code   0x800'46be    0x20  iarwstd.o [6]
  .text              ro code   0x800'46de    0x22  iarwrite.o [6]
  .text              ro code   0x800'4700    0xb4  xfwprep.o [3]
  .text              ro code   0x800'47b4    0x24  fseek.o [3]
  .rodata            const     0x800'47d8    0xac  main.o [1]
  .text              ro code   0x800'4884    0x9c  xfofind.o [3]
  .text              ro code   0x800'4920     0x4  heaptramp0.o [3]
  .text              ro code   0x800'4924    0x7e  fclose.o [3]
  .text              ro code   0x800'49a2    0x18  close.o [6]
  .text              ro code   0x800'49ba    0x14  remove.o [6]
  .text              ro code   0x800'49ce    0x78  lz77_init_single.o [5]
  .text              ro code   0x800'4a48    0x6c  system_stm32f4xx.o [1]
  .text              ro code   0x800'4ab4    0x54  fputc.o [3]
  .text              ro code   0x800'4b08    0x40  xcloseall.o [3]
  .rodata            const     0x800'4b48    0x3c  stm32f4xx_dma.o [2]
  .rodata            const     0x800'4b84    0x3c  stm32f4xx_flash.o [2]
  .rodata            const     0x800'4bc0    0x3c  stm32f4xx_gpio.o [2]
  .rodata            const     0x800'4bfc    0x3c  stm32f4xx_rcc.o [2]
  .rodata            const     0x800'4c38    0x3c  stm32f4xx_tim.o [2]
  .text              ro code   0x800'4c74    0x38  zero_init3.o [5]
  .text              ro code   0x800'4cac    0x28  data_init.o [5]
  .text              ro code   0x800'4cd4    0x22  fpinit_M.o [4]
  .iar.init_table    const     0x800'4cf8    0x20  - Linker created -
  .text              ro code   0x800'4d18    0x1e  cmain.o [5]
  .text              ro code   0x800'4d36     0x4  low_level_init.o [3]
  .text              ro code   0x800'4d3a     0x4  exit.o [3]
  .text              ro code   0x800'4d40     0xe  cexit.o [5]
  .text              ro code   0x800'4d50    0x1c  cstartup_M.o [5]
  .text              ro code   0x800'4d6c    0x16  xprout.o [3]
  .text              ro code   0x800'4d84     0xc  putchar.o [3]
  .text              ro code   0x800'4d90    0x10  startup_stm32f429xx.o [1]
  .text              ro code   0x800'4da0     0x4  startup_stm32f429xx.o [1]
  .text              ro code   0x800'4da4     0x4  startup_stm32f429xx.o [1]
  .text              ro code   0x800'4da8     0x4  startup_stm32f429xx.o [1]
  .text              ro code   0x800'4dac     0x4  startup_stm32f429xx.o [1]
  .text              ro code   0x800'4db0     0x4  startup_stm32f429xx.o [1]
  .text              ro code   0x800'4db4     0x4  startup_stm32f429xx.o [1]
  .text              ro code   0x800'4db8     0x4  startup_stm32f429xx.o [1]
  .text              ro code   0x800'4dbc     0x4  startup_stm32f429xx.o [1]
  .text              ro code   0x800'4dc0     0x4  startup_stm32f429xx.o [1]
  .text              ro code   0x800'4dc4     0x4  startup_stm32f429xx.o [1]
  .text              ro code   0x800'4dc8     0x4  startup_stm32f429xx.o [1]
  .text              ro code   0x800'4dcc     0x4  startup_stm32f429xx.o [1]
  .text              ro code   0x800'4dd0     0x4  startup_stm32f429xx.o [1]
  .text              ro code   0x800'4dd4     0x4  startup_stm32f429xx.o [1]
  .text              ro code   0x800'4dd8     0x4  startup_stm32f429xx.o [1]
  .text              ro code   0x800'4ddc     0x4  startup_stm32f429xx.o [1]
  .text              ro code   0x800'4de0     0x4  startup_stm32f429xx.o [1]
  .text              ro code   0x800'4de4     0x4  startup_stm32f429xx.o [1]
  .text              ro code   0x800'4de8     0x4  startup_stm32f429xx.o [1]
  .text              ro code   0x800'4dec     0x4  startup_stm32f429xx.o [1]
  .text              ro code   0x800'4df0     0x4  startup_stm32f429xx.o [1]
  .text              ro code   0x800'4df4     0x4  startup_stm32f429xx.o [1]
  .text              ro code   0x800'4df8     0x4  startup_stm32f429xx.o [1]
  .text              ro code   0x800'4dfc     0x4  startup_stm32f429xx.o [1]
  .text              ro code   0x800'4e00     0x4  startup_stm32f429xx.o [1]
  .text              ro code   0x800'4e04     0x4  startup_stm32f429xx.o [1]
  .text              ro code   0x800'4e08     0x4  startup_stm32f429xx.o [1]
  .text              ro code   0x800'4e0c     0x4  startup_stm32f429xx.o [1]
  .text              ro code   0x800'4e10     0x4  startup_stm32f429xx.o [1]
  .text              ro code   0x800'4e14     0x4  startup_stm32f429xx.o [1]
  .text              ro code   0x800'4e18     0x4  startup_stm32f429xx.o [1]
  .text              ro code   0x800'4e1c     0x4  startup_stm32f429xx.o [1]
  .text              ro code   0x800'4e20     0x4  startup_stm32f429xx.o [1]
  .text              ro code   0x800'4e24     0x4  startup_stm32f429xx.o [1]
  .text              ro code   0x800'4e28     0x4  startup_stm32f429xx.o [1]
  .text              ro code   0x800'4e2c     0x4  startup_stm32f429xx.o [1]
  .text              ro code   0x800'4e30     0x4  startup_stm32f429xx.o [1]
  .text              ro code   0x800'4e34     0x4  startup_stm32f429xx.o [1]
  .text              ro code   0x800'4e38     0x4  startup_stm32f429xx.o [1]
  .text              ro code   0x800'4e3c     0x4  startup_stm32f429xx.o [1]
  .text              ro code   0x800'4e40     0x4  startup_stm32f429xx.o [1]
  .text              ro code   0x800'4e44     0x4  startup_stm32f429xx.o [1]
  .text              ro code   0x800'4e48     0x4  startup_stm32f429xx.o [1]
  .text              ro code   0x800'4e4c     0x4  startup_stm32f429xx.o [1]
  .text              ro code   0x800'4e50     0x4  startup_stm32f429xx.o [1]
  .text              ro code   0x800'4e54     0x4  startup_stm32f429xx.o [1]
  .text              ro code   0x800'4e58     0x4  startup_stm32f429xx.o [1]
  .text              ro code   0x800'4e5c     0x4  startup_stm32f429xx.o [1]
  .text              ro code   0x800'4e60     0x4  startup_stm32f429xx.o [1]
  .text              ro code   0x800'4e64     0x4  startup_stm32f429xx.o [1]
  .text              ro code   0x800'4e68     0x4  startup_stm32f429xx.o [1]
  .text              ro code   0x800'4e6c     0x4  startup_stm32f429xx.o [1]
  .text              ro code   0x800'4e70     0x4  startup_stm32f429xx.o [1]
  .text              ro code   0x800'4e74     0x4  startup_stm32f429xx.o [1]
  .text              ro code   0x800'4e78     0x4  startup_stm32f429xx.o [1]
  .text              ro code   0x800'4e7c     0x4  startup_stm32f429xx.o [1]
  .text              ro code   0x800'4e80     0x4  startup_stm32f429xx.o [1]
  .text              ro code   0x800'4e84     0x4  startup_stm32f429xx.o [1]
  .text              ro code   0x800'4e88     0x4  startup_stm32f429xx.o [1]
  .text              ro code   0x800'4e8c     0x4  startup_stm32f429xx.o [1]
  .text              ro code   0x800'4e90     0x4  startup_stm32f429xx.o [1]
  .text              ro code   0x800'4e94     0x4  startup_stm32f429xx.o [1]
  .text              ro code   0x800'4e98     0x4  startup_stm32f429xx.o [1]
  .text              ro code   0x800'4e9c     0x4  startup_stm32f429xx.o [1]
  .text              ro code   0x800'4ea0     0x4  startup_stm32f429xx.o [1]
  .text              ro code   0x800'4ea4     0x4  startup_stm32f429xx.o [1]
  .text              ro code   0x800'4ea8     0x4  startup_stm32f429xx.o [1]
  .text              ro code   0x800'4eac     0x4  startup_stm32f429xx.o [1]
  .text              ro code   0x800'4eb0     0x4  startup_stm32f429xx.o [1]
  .text              ro code   0x800'4eb4     0x4  startup_stm32f429xx.o [1]
  .text              ro code   0x800'4eb8     0x4  startup_stm32f429xx.o [1]
  .text              ro code   0x800'4ebc     0x4  startup_stm32f429xx.o [1]
  .text              ro code   0x800'4ec0     0x4  startup_stm32f429xx.o [1]
  .text              ro code   0x800'4ec4     0x4  startup_stm32f429xx.o [1]
  .text              ro code   0x800'4ec8     0x4  startup_stm32f429xx.o [1]
  .text              ro code   0x800'4ecc     0x4  startup_stm32f429xx.o [1]
  .text              ro code   0x800'4ed0     0x4  startup_stm32f429xx.o [1]
  .text              ro code   0x800'4ed4     0x4  startup_stm32f429xx.o [1]
  .text              ro code   0x800'4ed8     0x4  startup_stm32f429xx.o [1]
  .text              ro code   0x800'4edc     0x4  startup_stm32f429xx.o [1]
  .text              ro code   0x800'4ee0     0x4  startup_stm32f429xx.o [1]
  .text              ro code   0x800'4ee4     0x4  startup_stm32f429xx.o [1]
  .text              ro code   0x800'4ee8     0x4  startup_stm32f429xx.o [1]
  .text              ro code   0x800'4eec     0x4  startup_stm32f429xx.o [1]
  .text              ro code   0x800'4ef0     0x4  startup_stm32f429xx.o [1]
  .text              ro code   0x800'4ef4     0x4  startup_stm32f429xx.o [1]
  .text              ro code   0x800'4ef8     0x4  startup_stm32f429xx.o [1]
  .text              ro code   0x800'4efc     0x4  startup_stm32f429xx.o [1]
  .text              ro code   0x800'4f00     0x4  startup_stm32f429xx.o [1]
  .text              ro code   0x800'4f04     0x4  startup_stm32f429xx.o [1]
  .text              ro code   0x800'4f08     0x4  startup_stm32f429xx.o [1]
  .text              ro code   0x800'4f0c     0x4  startup_stm32f429xx.o [1]
  .text              ro code   0x800'4f10     0x4  startup_stm32f429xx.o [1]
  .text              ro code   0x800'4f14     0x4  startup_stm32f429xx.o [1]
  .text              ro code   0x800'4f18     0x4  startup_stm32f429xx.o [1]
  .text              ro code   0x800'4f1c     0x4  startup_stm32f429xx.o [1]
  .text              ro code   0x800'4f20     0x4  startup_stm32f429xx.o [1]
  .text              ro code   0x800'4f24     0x0  cstart_closeall.o [5]
  .rodata            const     0x800'4f24     0x0  zero_init3.o [5]
  .rodata            const     0x800'4f24     0x0  lz77_init_single.o [5]
  Initializer bytes  const     0x800'4f24    0x90  <for P2-1>
                             - 0x800'4fb4  0x4e08

"P2", part 1 of 3:                          0x190
  P2-1                        0x2000'0000   0x190  <Init block>
    .data            inited   0x2000'0000    0x10  stm32f4xx_rcc.o [2]
    .data            inited   0x2000'0010    0x38  xlocale_c.o [3]
    .data            inited   0x2000'0048    0x48  xlocale_c.o [3]
    .data            inited   0x2000'0090    0x48  xfiles.o [3]
    .data            inited   0x2000'00d8    0x48  xfiles.o [3]
    .data            inited   0x2000'0120    0x48  xfiles.o [3]
    .data            inited   0x2000'0168    0x20  xfiles.o [3]
    .data            inited   0x2000'0188     0x8  XShttio.o [3]
                            - 0x2000'0190   0x190

"P2", part 2 of 3:                          0x130
  .bss               zero     0x2000'0190    0x80  XShHandles.o [3]
  .bss               zero     0x2000'0210    0x50  xfiles.o [3]
  .bss               zero     0x2000'0260    0x50  xfiles.o [3]
  .bss               zero     0x2000'02b0     0x8  heap0.o [3]
  .bss               zero     0x2000'02b8     0x4  xfail_s.o [3]
  .bss               zero     0x2000'02bc     0x4  xgetmemchunk.o [3]
                            - 0x2000'02c0   0x130

"P2", part 3 of 3:                         0x4000
  CSTACK                      0x2000'02c0  0x2000  <Block>
    CSTACK           uninit   0x2000'02c0  0x2000  <Block tail>
  HEAP                        0x2000'22c0  0x2000  <Block>
    HEAP             uninit   0x2000'22c0  0x2000  <Block tail>
                            - 0x2000'42c0  0x4000

Unused ranges:

         From           To      Size
         ----           --      ----
   0x800'4fb4   0x803'ffff  0x3'b04c
  0x2000'42c0  0x2000'ffff    0xbd40


*******************************************************************************
*** INIT TABLE
***

          Address      Size
          -------      ----
Zero (__iar_zero_init3)
    1 destination range, total size 0x130:
          0x2000'0190  0x130

Copy/lz77 (__iar_lz77_init_single3)
    1 source range, total size 0x90 (36% of destination):
           0x800'4f24   0x90
    1 destination range, total size 0x190:
          0x2000'0000  0x190



*******************************************************************************
*** MODULE SUMMARY
***

    Module                 ro code  ro data  rw data
    ------                 -------  -------  -------
command line/config:
    ------------------------------------------------
    Total:

C:\Users\123456\Desktop\DiM\DiscoLed\Debug\Obj: [1]
    main.o                     714      172
    startup_stm32f429xx.o      832
    system_stm32f4xx.o         108
    ------------------------------------------------
    Total:                   1'654      172

C:\Users\123456\Desktop\DiM\DiscoLed\Debug\Obj\src: [2]
    stm32f4xx_dma.o          2'248       60
    stm32f4xx_flash.o           64       60
    stm32f4xx_gpio.o         1'152       60
    stm32f4xx_rcc.o          1'656       65       16
    stm32f4xx_tim.o          3'012       60
    ------------------------------------------------
    Total:                   8'132      305       16

dl7M_tlf.a: [3]
    XShHandles.o               204               128
    XShttio.o                    8        3        8
    abort.o                      6
    exit.o                       4
    fclose.o                   126
    fflush.o                   172
    fputc.o                     84
    fseek.o                     36
    heap0.o                    316                 8
    heaptramp0.o                 4
    low_level_init.o             4
    printf.o                    40
    putchar.o                   12
    xcloseall.o                 64
    xencoding_8859_1.o          30
    xfail_s.o                   64                 4
    xfgpos.o                    12
    xfiles.o                             90      408
    xfofind.o                  156
    xfspos.o                   216
    xfwprep.o                  180
    xgetmemchunk.o              44                 4
    xlocale_c.o                124       51      128
    xmbcurmax.o                 10
    xprintffull.o            4'126
    xprout.o                    22
    ------------------------------------------------
    Total:                   6'064      144      688

m7M_tls.a: [4]
    DblAddSub.o                590
    DblCmpGe.o                  52
    DblCmpLe.o                  52
    DblDiv.o                   582
    DblMul.o                   426
    DblToS32.o                  54
    DblToU32.o                  34
    S32ToDbl.o                  34
    U32ToDbl.o                  28
    fpinit_M.o                  34
    frexp.o                    112
    ldexp.o                    314
    ------------------------------------------------
    Total:                   2'312

rt7M_tl.a: [5]
    ABImemcpy.o                166
    I64DivMod.o                560
    I64DivZer.o                  2
    cexit.o                     14
    cmain.o                     30
    cstart_closeall.o
    cstartup_M.o                28
    data_init.o                 40
    lz77_init_single.o         120
    memchr.o                    88
    strchr.o                    22
    strlen.o                    54
    zero_init3.o                56
    ------------------------------------------------
    Total:                   1'180

shb_l.a: [6]
    close.o                     24
    dwrite.o                    30
    exit.o                      20
    iarttio.o                  124
    iarwrite.o                  34
    iarwstd.o                   32
    lseek.o                     78
    remove.o                    20
    write.o                     16
    ------------------------------------------------
    Total:                     378

    Gaps                        29        2
    Linker created                       32   16'384
----------------------------------------------------
    Grand Total:            19'749      655   17'088


*******************************************************************************
*** ENTRY LIST
***

Entry                       Address   Size  Type      Object
-----                       -------   ----  ----      ------
.iar.init_table$$Base    0x800'4cf8          --   Gb  - Linker created -
.iar.init_table$$Limit   0x800'4d18          --   Gb  - Linker created -
?main                    0x800'4d19         Code  Gb  cmain.o [5]
APBAHBPrescTable        0x2000'0000   0x10  Data  Lc  stm32f4xx_rcc.o [2]
Aldata                  0x2000'02b0    0x8  Data  Lc  heap0.o [3]
CSTACK$$Base            0x2000'02c0          --   Gb  - Linker created -
CSTACK$$Limit           0x2000'22c0          --   Gb  - Linker created -
CacheMore                0x800'11ed   0x28  Code  Lc  xlocale_c.o [3]
DMA1_Stream7_IRQHandler
                         0x800'2e03   0x16  Code  Gb  main.o [1]
DMA_ClearITPendingBit    0x800'414d   0xb4  Code  Gb  stm32f4xx_dma.o [2]
DMA_Cmd                  0x800'3e29   0xc4  Code  Gb  stm32f4xx_dma.o [2]
DMA_DeInit               0x800'398d  0x1ea  Code  Gb  stm32f4xx_dma.o [2]
DMA_GetCmdStatus         0x800'3f49   0x94  Code  Gb  stm32f4xx_dma.o [2]
DMA_ITConfig             0x800'4025  0x10a  Code  Gb  stm32f4xx_dma.o [2]
DMA_Init                 0x800'3b77  0x2b2  Code  Gb  stm32f4xx_dma.o [2]
FLASH_SetLatency         0x800'34cd   0x36  Code  Gb  stm32f4xx_flash.o [2]
GPIO_Init                0x800'350d  0x194  Code  Gb  stm32f4xx_gpio.o [2]
GPIO_PinAFConfig         0x800'36c9  0x29a  Code  Gb  stm32f4xx_gpio.o [2]
HEAP$$Base              0x2000'22c0          --   Gb  - Linker created -
HEAP$$Limit             0x2000'42c0          --   Gb  - Linker created -
NVIC_EnableIRQ           0x800'2b89   0x16  Code  Lc  main.o [1]
RCC_AHB1PeriphClockCmd   0x800'3223   0x5e  Code  Gb  stm32f4xx_rcc.o [2]
RCC_APB1PeriphClockCmd   0x800'3281   0x5e  Code  Gb  stm32f4xx_rcc.o [2]
RCC_APB1PeriphResetCmd   0x800'3305   0x62  Code  Gb  stm32f4xx_rcc.o [2]
RCC_APB2PeriphResetCmd   0x800'3367   0x62  Code  Gb  stm32f4xx_rcc.o [2]
RCC_ClockSecuritySystemCmd
                         0x800'2fad   0x2c  Code  Gb  stm32f4xx_rcc.o [2]
RCC_DeInit               0x800'2e55   0x60  Code  Gb  stm32f4xx_rcc.o [2]
RCC_GetClocksFreq        0x800'310b  0x118  Code  Gb  stm32f4xx_rcc.o [2]
RCC_GetFlagStatus        0x800'33dd   0xb6  Code  Gb  stm32f4xx_rcc.o [2]
RCC_GetSYSCLKSource      0x800'3073    0xc  Code  Gb  stm32f4xx_rcc.o [2]
RCC_HCLKConfig           0x800'307f   0x4a  Code  Gb  stm32f4xx_rcc.o [2]
RCC_HSICmd               0x800'2eb5   0x2c  Code  Gb  stm32f4xx_rcc.o [2]
RCC_MCO2Config           0x800'2fd9   0x68  Code  Gb  stm32f4xx_rcc.o [2]
RCC_PCLK1Config          0x800'30c9   0x42  Code  Gb  stm32f4xx_rcc.o [2]
RCC_PLLCmd               0x800'2f81   0x2c  Code  Gb  stm32f4xx_rcc.o [2]
RCC_PLLConfig            0x800'2ee1   0xa0  Code  Gb  stm32f4xx_rcc.o [2]
RCC_SYSCLKConfig         0x800'3041   0x32  Code  Gb  stm32f4xx_rcc.o [2]
Region$$Table$$Base      0x800'4cf8          --   Gb  - Linker created -
Region$$Table$$Limit     0x800'4d18          --   Gb  - Linker created -
SystemInit               0x800'4a49   0x4c  Code  Gb  system_stm32f4xx.o [1]
TIM2_IRQHandler          0x800'2e19    0x8  Code  Gb  main.o [1]
TIM_ARRPreloadConfig     0x800'239d   0xb8  Code  Gb  stm32f4xx_tim.o [2]
TIM_Cmd                  0x800'2459   0xba  Code  Gb  stm32f4xx_tim.o [2]
TIM_DMACmd               0x800'28a3   0x9e  Code  Gb  stm32f4xx_tim.o [2]
TIM_DMAConfig            0x800'26ed  0x1b6  Code  Gb  stm32f4xx_tim.o [2]
TIM_DeInit               0x800'1fc5  0x1f6  Code  Gb  stm32f4xx_tim.o [2]
TIM_GetCounter           0x800'2301   0x68  Code  Gb  stm32f4xx_tim.o [2]
TIM_OC4Init              0x800'2519  0x124  Code  Gb  stm32f4xx_tim.o [2]
TIM_OC4PreloadConfig     0x800'2671   0x64  Code  Gb  stm32f4xx_tim.o [2]
TIM_SelectInputTrigger   0x800'2949   0xb4  Code  Gb  stm32f4xx_tim.o [2]
TIM_SelectOutputTrigger
                         0x800'2a25   0xaa  Code  Gb  stm32f4xx_tim.o [2]
TIM_SelectSlaveMode      0x800'2acf   0x8a  Code  Gb  stm32f4xx_tim.o [2]
TIM_TimeBaseInit         0x800'21bb  0x146  Code  Gb  stm32f4xx_tim.o [2]
_Close_all               0x800'4b09   0x40  Code  Gb  xcloseall.o [3]
_Encoding_8859_1_Mbrlen
                         0x800'11dd    0x2  Code  Gb  xencoding_8859_1.o [3]
_Encoding_8859_1_Wctomb
                         0x800'11cb   0x12  Code  Gb  xencoding_8859_1.o [3]
_Files                  0x2000'0168   0x20  Data  Gb  xfiles.o [3]
_Fofree                  0x800'4885   0x96  Code  Gb  xfofind.o [3]
_Fspos                   0x800'43e5   0xd8  Code  Gb  xfspos.o [3]
_Fwprep                  0x800'4701   0xb4  Code  Gb  xfwprep.o [3]
_LitobFull               0x800'100f  0x10c  Code  Lc  xprintffull.o [3]
_Locale_lconv           0x2000'0010   0x38  Data  Lc  xlocale_c.o [3]
_Nnl                     0x800'4569    0xc  Code  Gb  xfgpos.o [3]
_PrintfFull              0x800'01ad  0xc2a  Code  Gb  xprintffull.o [3]
_Prout                   0x800'4d6d   0x16  Code  Gb  xprout.o [3]
_PutcharsFull            0x800'1171   0x2e  Code  Lc  xprintffull.o [3]
_PutstrFull              0x800'0f4f   0xc0  Code  Lc  xprintffull.o [3]
_PuttxtFull              0x800'0e43  0x10c  Code  Lc  xprintffull.o [3]
__aeabi_cdcmple          0x800'1465         Code  Gb  DblCmpLe.o [4]
__aeabi_cdrcmple         0x800'1499         Code  Gb  DblCmpGe.o [4]
__aeabi_d2iz             0x800'1609         Code  Gb  DblToS32.o [4]
__aeabi_d2uiz            0x800'1afd         Code  Gb  DblToU32.o [4]
__aeabi_ddiv             0x800'18b5         Code  Gb  DblDiv.o [4]
__aeabi_dmul             0x800'1b3d         Code  Gb  DblMul.o [4]
__aeabi_dsub             0x800'17d1         Code  Gb  DblAddSub.o [4]
__aeabi_i2d              0x800'1641         Code  Gb  S32ToDbl.o [4]
__aeabi_ldiv0            0x800'1f29         Code  Gb  I64DivZer.o [5]
__aeabi_memcpy           0x800'134d         Code  Gb  ABImemcpy.o [5]
__aeabi_memcpy4          0x800'136d         Code  Gb  ABImemcpy.o [5]
__aeabi_memcpy8          0x800'136d         Code  Gb  ABImemcpy.o [5]
__aeabi_ui2d             0x800'1b21         Code  Gb  U32ToDbl.o [4]
__aeabi_uldivmod         0x800'1cf1         Code  Gb  I64DivMod.o [5]
__basic_free             0x800'4329   0x16  Code  Gb  heap0.o [3]
__basic_free_intern      0x800'433f   0x74  Code  Lc  heap0.o [3]
__basic_malloc           0x800'427d   0x18  Code  Gb  heap0.o [3]
__basic_malloc_intern    0x800'4295   0x94  Code  Lc  heap0.o [3]
__cexit_closeall         0x800'4d43         Code  Gb  cexit.o [5]
__close                  0x800'49a3   0x18  Code  Gb  close.o [6]
__cmain                  0x800'4d19         Code  Gb  cmain.o [5]
__cstart_closeall        0x800'4f24         Data  Gb  cstart_closeall.o [5]
__data_GetMemChunk       0x800'43b9   0x2c  Code  Gb  xgetmemchunk.o [3]
__data_GetMemChunk::start
                        0x2000'02bc    0x4  Data  Lc  xgetmemchunk.o [3]
__dwrite                 0x800'46a1   0x1e  Code  Gb  dwrite.o [6]
__exit                   0x800'1f2d   0x14  Code  Gb  exit.o [6]
__iar_Fail_s             0x800'127d   0x1c  Code  Gb  xfail_s.o [3]
__iar_Mbcurmax           0x800'1ce7    0xa  Code  Gb  xmbcurmax.o [3]
__iar_Memchr             0x800'12f5         Code  Gb  memchr.o [5]
__iar_Stderr            0x2000'0120   0x48  Data  Gb  xfiles.o [3]
__iar_Stdin             0x2000'0090   0x48  Data  Gb  xfiles.o [3]
__iar_Stdout            0x2000'00d8   0x48  Data  Gb  xfiles.o [3]
__iar_Strchr             0x800'1265         Code  Gb  strchr.o [5]
__iar_close_ttio         0x800'1f41   0x2c  Code  Gb  iarttio.o [6]
__iar_data_init3         0x800'4cad   0x28  Code  Gb  data_init.o [5]
__iar_frexp              0x800'1401         Code  Gb  frexp.o [4]
__iar_frexpl             0x800'1401         Code  Gb  frexp.o [4]
__iar_get_ttio           0x800'1f6d   0x4c  Code  Gb  iarttio.o [6]
__iar_globLocale        0x2000'0048   0x48  Data  Lc  xlocale_c.o [3]
__iar_global_Locale      0x800'11e9    0x4  Code  Gb  xlocale_c.o [3]
__iar_init_vfp           0x800'4cd5         Code  Gb  fpinit_M.o [4]
__iar_ldexp64            0x800'14cd         Code  Gb  ldexp.o [4]
__iar_lookup_ttioh       0x800'1fbd    0x8  Code  Gb  XShttio.o [3]
__iar_lz77_init_single3
                         0x800'49cf   0x78  Code  Gb  lz77_init_single.o [5]
__iar_program_start      0x800'4d51         Code  Gb  cstartup_M.o [5]
__iar_scalbln64          0x800'14cd         Code  Gb  ldexp.o [4]
__iar_scalbn64           0x800'14cd         Code  Gb  ldexp.o [4]
__iar_sh_Discard         0x800'45d5   0x42  Code  Gb  XShHandles.o [3]
__iar_sh_Move            0x800'4617   0x46  Code  Gb  XShHandles.o [3]
__iar_sh_Pos             0x800'465d   0x40  Code  Gb  XShHandles.o [3]
__iar_sh_stdout          0x800'46bf   0x20  Code  Gb  iarwstd.o [6]
__iar_sh_write           0x800'46df   0x22  Code  Gb  iarwrite.o [6]
__iar_softfp___iar_frexp64
                         0x800'13f5         Code  Gb  frexp.o [4]
__iar_softfp_frexp       0x800'13f5         Code  Gb  frexp.o [4]
__iar_softfp_frexpl      0x800'13f5         Code  Gb  frexp.o [4]
__iar_ttio_handles      0x2000'0188    0x8  Data  Lc  XShttio.o [3]
__iar_zero_init3         0x800'4c75   0x38  Code  Gb  zero_init3.o [5]
__low_level_init         0x800'4d37    0x4  Code  Gb  low_level_init.o [3]
__lseek                  0x800'4575   0x4e  Code  Gb  lseek.o [6]
__vector_table           0x800'0000         Data  Gb  startup_stm32f429xx.o [1]
__write                  0x800'45c3   0x10  Code  Gb  write.o [6]
_call_main               0x800'4d25         Code  Gb  cmain.o [5]
_exit                    0x800'4d41         Code  Gb  cexit.o [5]
_gLocale_mblen           0x800'1251    0x4  Code  Gb  xlocale_c.o [3]
_gLocale_mblenInt        0x800'1215   0x2c  Code  Gb  xlocale_c.o [3]
_gLocale_wctomb          0x800'1255    0x4  Code  Gb  xlocale_c.o [3]
_gLocale_wctombInt       0x800'124d    0x4  Code  Gb  xlocale_c.o [3]
abort                    0x800'1f21    0x6  Code  Gb  abort.o [3]
assert_failed            0x800'2e51    0x2  Code  Gb  main.o [1]
ebuf                    0x2000'0210   0x50  Data  Lc  xfiles.o [3]
exit                     0x800'4d3b    0x4  Code  Gb  exit.o [3]
fclose                   0x800'4925   0x7e  Code  Gb  fclose.o [3]
fflush                   0x800'4531   0x34  Code  Gb  fflush.o [3]
fflushOne                0x800'44bd   0x74  Code  Lc  fflush.o [3]
fputc                    0x800'4ab5   0x54  Code  Gb  fputc.o [3]
free                     0x800'4921    0x4  Code  Gb  heaptramp0.o [3]
fseek                    0x800'47b5   0x24  Code  Gb  fseek.o [3]
ldexp                    0x800'14cd         Code  Gb  ldexp.o [4]
ldexpl                   0x800'14cd         Code  Gb  ldexp.o [4]
localeconv               0x800'1259    0x4  Code  Gb  xlocale_c.o [3]
main                     0x800'2b9f  0x264  Code  Gb  main.o [1]
memchr                   0x800'12f5         Code  Gb  memchr.o [5]
obuf                    0x2000'0260   0x50  Data  Lc  xfiles.o [3]
printf                   0x800'4255   0x28  Code  Gb  printf.o [3]
putchar                  0x800'4d85    0xc  Code  Gb  putchar.o [3]
remove                   0x800'49bb   0x14  Code  Gb  remove.o [6]
sFileInfo               0x2000'0190   0x80  Data  Lc  XShHandles.o [3]
scalbln                  0x800'14cd         Code  Gb  ldexp.o [4]
scalblnl                 0x800'14cd         Code  Gb  ldexp.o [4]
scalbn                   0x800'14cd         Code  Gb  ldexp.o [4]
scalbnl                  0x800'14cd         Code  Gb  ldexp.o [4]
scale                    0x800'111b   0x46  Code  Lc  xprintffull.o [3]
sec_hand                0x2000'02b8    0x4  Data  Lc  xfail_s.o [3]
strchr                   0x800'1265         Code  Gb  strchr.o [5]
strlen                   0x800'12bd         Code  Gb  strlen.o [5]


[1] = C:\Users\123456\Desktop\DiM\DiscoLed\Debug\Obj
[2] = C:\Users\123456\Desktop\DiM\DiscoLed\Debug\Obj\src
[3] = dl7M_tlf.a
[4] = m7M_tls.a
[5] = rt7M_tl.a
[6] = shb_l.a

  19'749 bytes of readonly  code memory
     655 bytes of readonly  data memory
  17'088 bytes of readwrite data memory

Errors: none
Warnings: none
