###############################################################################
#
# IAR ELF Linker V9.10.2.313/W64 for ARM                  10/Jul/2022  16:39:07
# Copyright 2007-2021 IAR Systems AB.
#
#    Output file  =  C:\Users\123456\Desktop\DiM\DiscoLed\Debug\Exe\c.out
#    Map file     =  C:\Users\123456\Desktop\DiM\DiscoLed\Debug\List\c.map
#    Command line =
#        -f C:\Users\123456\Desktop\DiM\DiscoLed\Debug\Exe\c.out.rsp
#        (C:\Users\123456\Desktop\DiM\DiscoLed\Debug\Obj\DSP_Lib\arm_fft_bin_data.o
#        C:\Users\123456\Desktop\DiM\DiscoLed\Debug\Obj\arm_fft_win.o
#        C:\Users\123456\Desktop\DiM\DiscoLed\Debug\Obj\main.o
#        C:\Users\123456\Desktop\DiM\DiscoLed\Debug\Obj\src\misc.o
#        C:\Users\123456\Desktop\DiM\DiscoLed\Debug\Obj\startup_stm32f429xx.o
#        C:\Users\123456\Desktop\DiM\DiscoLed\Debug\Obj\stm32_init.o
#        C:\Users\123456\Desktop\DiM\DiscoLed\Debug\Obj\src\stm32f4xx_adc.o
#        C:\Users\123456\Desktop\DiM\DiscoLed\Debug\Obj\src\stm32f4xx_can.o
#        C:\Users\123456\Desktop\DiM\DiscoLed\Debug\Obj\src\stm32f4xx_crc.o
#        C:\Users\123456\Desktop\DiM\DiscoLed\Debug\Obj\src\stm32f4xx_cryp.o
#        C:\Users\123456\Desktop\DiM\DiscoLed\Debug\Obj\src\stm32f4xx_cryp_aes.o
#        C:\Users\123456\Desktop\DiM\DiscoLed\Debug\Obj\src\stm32f4xx_cryp_des.o
#        C:\Users\123456\Desktop\DiM\DiscoLed\Debug\Obj\src\stm32f4xx_cryp_tdes.o
#        C:\Users\123456\Desktop\DiM\DiscoLed\Debug\Obj\src\stm32f4xx_dac.o
#        C:\Users\123456\Desktop\DiM\DiscoLed\Debug\Obj\src\stm32f4xx_dbgmcu.o
#        C:\Users\123456\Desktop\DiM\DiscoLed\Debug\Obj\src\stm32f4xx_dcmi.o
#        C:\Users\123456\Desktop\DiM\DiscoLed\Debug\Obj\src\stm32f4xx_dma.o
#        C:\Users\123456\Desktop\DiM\DiscoLed\Debug\Obj\src\stm32f4xx_exti.o
#        C:\Users\123456\Desktop\DiM\DiscoLed\Debug\Obj\src\stm32f4xx_flash.o
#        C:\Users\123456\Desktop\DiM\DiscoLed\Debug\Obj\src\stm32f4xx_fsmc.o
#        C:\Users\123456\Desktop\DiM\DiscoLed\Debug\Obj\src\stm32f4xx_gpio.o
#        C:\Users\123456\Desktop\DiM\DiscoLed\Debug\Obj\src\stm32f4xx_hash.o
#        C:\Users\123456\Desktop\DiM\DiscoLed\Debug\Obj\src\stm32f4xx_hash_md5.o
#        C:\Users\123456\Desktop\DiM\DiscoLed\Debug\Obj\src\stm32f4xx_hash_sha1.o
#        C:\Users\123456\Desktop\DiM\DiscoLed\Debug\Obj\src\stm32f4xx_i2c.o
#        C:\Users\123456\Desktop\DiM\DiscoLed\Debug\Obj\src\stm32f4xx_iwdg.o
#        C:\Users\123456\Desktop\DiM\DiscoLed\Debug\Obj\src\stm32f4xx_pwr.o
#        C:\Users\123456\Desktop\DiM\DiscoLed\Debug\Obj\src\stm32f4xx_rcc.o
#        C:\Users\123456\Desktop\DiM\DiscoLed\Debug\Obj\src\stm32f4xx_rng.o
#        C:\Users\123456\Desktop\DiM\DiscoLed\Debug\Obj\src\stm32f4xx_rtc.o
#        C:\Users\123456\Desktop\DiM\DiscoLed\Debug\Obj\src\stm32f4xx_sdio.o
#        C:\Users\123456\Desktop\DiM\DiscoLed\Debug\Obj\src\stm32f4xx_spi.o
#        C:\Users\123456\Desktop\DiM\DiscoLed\Debug\Obj\src\stm32f4xx_syscfg.o
#        C:\Users\123456\Desktop\DiM\DiscoLed\Debug\Obj\src\stm32f4xx_tim.o
#        C:\Users\123456\Desktop\DiM\DiscoLed\Debug\Obj\src\stm32f4xx_usart.o
#        C:\Users\123456\Desktop\DiM\DiscoLed\Debug\Obj\src\stm32f4xx_wwdg.o
#        C:\Users\123456\Desktop\DiM\DiscoLed\Debug\Obj\system_stm32f4xx.o
#        C:\Users\123456\Desktop\DiM\DiscoLed\Debug\Obj\ws2812b\ws2812b.o
#        --no_out_extension -o
#        C:\Users\123456\Desktop\DiM\DiscoLed\Debug\Exe\c.out --redirect
#        _Printf=_PrintfFull --redirect _Scanf=_ScanfFull --map
#        C:\Users\123456\Desktop\DiM\DiscoLed\Debug\List\c.map --config
#        C:\Users\123456\Desktop\DiM\DiscoLed\DiscoLed.icf --semihosting
#        --entry __iar_program_start "C:\Program Files\IAR Systems\Embedded
#        Workbench 9.0\arm\CMSIS\Lib\IAR\iar_cortexM4lf_math.a" --vfe
#        --text_out locale)
#
###############################################################################

*******************************************************************************
*** RUNTIME MODEL ATTRIBUTES
***

CppFlavor       = *
__SystemLibrary = DLib
__dlib_version  = 6


*******************************************************************************
*** HEAP SELECTION
***

The basic heap was selected because no calls to memory allocation
functions were found in the application outside of system library
functions, and there are calls to deallocation functions in the
application.


*******************************************************************************
*** PLACEMENT SUMMARY
***

"A0":  place at address 0x800'0000 { ro section .intvec };
"P1":  place in [from 0x800'0000 to 0x805'ffff] { ro };
define block CSTACK with size = 16K, alignment = 8 { };
define block HEAP with size = 8K, alignment = 8 { };
"P2":  place in [from 0x2000'0000 to 0x2001'7fff] {
          rw, block CSTACK, block HEAP };
initialize by copy { rw };

  Section            Kind         Address    Size  Object
  -------            ----         -------    ----  ------
"A0":                                       0x1ac
  .intvec            ro code   0x800'0000   0x1ac  startup_stm32f429xx.o [1]
                             - 0x800'01ac   0x1ac

"P1":                                      0xe1b8
  .rodata            const     0x800'01ac  0x8000  arm_common_tables.o [6]
  .text              ro code   0x800'81ac   0xab4  stm32f4xx_tim.o [3]
  .text              ro code   0x800'8c60   0x812  main.o [1]
  .text              ro code   0x800'9472    0x2a  copy_init3.o [8]
  .text              ro code   0x800'949c   0x6e0  stm32f4xx_rcc.o [3]
  .text              ro code   0x800'9b7c   0x400  stm32_init.o [1]
  .text              ro code   0x800'9f7c    0x48  FltToDbl.o [7]
  .text              ro code   0x800'9fc4    0x12  math_wrappers64.o [7]
  .text              ro code   0x800'9fd8   0x25e  DblAddSub.o [7]
  .text              ro code   0x800'a238   0x1aa  DblMul.o [7]
  .text              ro code   0x800'a3e4    0x36  DblToS32.o [7]
  .text              ro code   0x800'a41c   0x29c  ws2812b.o [4]
  .text              ro code   0x800'a6b8   0x500  arm_fft_win.o [1]
  .text              ro code   0x800'abb8    0x66  ABImemset.o [8]
  .text              ro code   0x800'ac20   0x868  stm32f4xx_adc.o [3]
  .text              ro code   0x800'b488   0x8c8  stm32f4xx_dma.o [3]
  .text              ro code   0x800'bd50    0xfe  arm_q31_to_float.o [6]
  .text              ro code   0x800'be50    0xb4  arm_cfft_radix4_init_f32.o [6]
  .text              ro code   0x800'bf04   0x72e  arm_cfft_radix4_f32.o [6]
  .text              ro code   0x800'c634   0x158  arm_cmplx_mag_f32.o [6]
  .text              ro code   0x800'c78c   0x158  arm_float_to_q31.o [6]
  .text              ro code   0x800'c8e4    0x40  stm32f4xx_flash.o [3]
  .text              ro code   0x800'c924   0x480  stm32f4xx_gpio.o [3]
  .text              ro code   0x800'cda4   0x3f0  cos_sin64.o [7]
  .text              ro code   0x800'd194   0x1d4  cos_sin32.o [7]
  .text              ro code   0x800'd368    0x1c  U32ToDbl.o [7]
  .text              ro code   0x800'd384    0x68  DblToFlt.o [7]
  .text              ro code   0x800'd3ec    0xce  arm_bitreversal.o [6]
  .text              ro code   0x800'd4bc    0x48  FltToS64.o [7]
  .text              ro code   0x800'd504    0x34  DblCmpLe.o [7]
  .text              ro code   0x800'd538    0x22  S32ToDbl.o [7]
  .rodata            const     0x800'd55c   0x800  arm_common_tables.o [6]
  .rodata            const     0x800'dd5c   0x100  ws2812b.o [4]
  .rodata            const     0x800'de5c    0x80  ws2812b.o [4]
  .text              ro code   0x800'dedc    0x6c  system_stm32f4xx.o [1]
  .rodata            const     0x800'df48    0x3c  stm32f4xx_adc.o [3]
  .rodata            const     0x800'df84    0x3c  stm32f4xx_dma.o [3]
  .rodata            const     0x800'dfc0    0x3c  stm32f4xx_flash.o [3]
  .rodata            const     0x800'dffc    0x3c  stm32f4xx_gpio.o [3]
  .rodata            const     0x800'e038    0x3c  stm32f4xx_rcc.o [3]
  .rodata            const     0x800'e074    0x3c  stm32f4xx_tim.o [3]
  .text              ro code   0x800'e0b0    0x38  zero_init3.o [8]
  .text              ro code   0x800'e0e8    0x28  data_init.o [8]
  .text              ro code   0x800'e110    0x22  fpinit_M.o [7]
  .iar.init_table    const     0x800'e134    0x24  - Linker created -
  .text              ro code   0x800'e158    0x1e  cmain.o [8]
  .text              ro code   0x800'e176     0x4  low_level_init.o [5]
  .text              ro code   0x800'e17a     0x4  exit.o [5]
  .text              ro code   0x800'e180     0xa  cexit.o [8]
  .text              ro code   0x800'e18c    0x14  exit.o [9]
  .text              ro code   0x800'e1a0    0x1c  cstartup_M.o [8]
  Initializer bytes  const     0x800'e1bc    0x1c  <for P2-1>
  .text              ro code   0x800'e1d8    0x10  startup_stm32f429xx.o [1]
  .text              ro code   0x800'e1e8     0x4  startup_stm32f429xx.o [1]
  .text              ro code   0x800'e1ec     0x4  startup_stm32f429xx.o [1]
  .text              ro code   0x800'e1f0     0x4  startup_stm32f429xx.o [1]
  .text              ro code   0x800'e1f4     0x4  startup_stm32f429xx.o [1]
  .text              ro code   0x800'e1f8     0x4  startup_stm32f429xx.o [1]
  .text              ro code   0x800'e1fc     0x4  startup_stm32f429xx.o [1]
  .text              ro code   0x800'e200     0x4  startup_stm32f429xx.o [1]
  .text              ro code   0x800'e204     0x4  startup_stm32f429xx.o [1]
  .text              ro code   0x800'e208     0x4  startup_stm32f429xx.o [1]
  .text              ro code   0x800'e20c     0x4  startup_stm32f429xx.o [1]
  .text              ro code   0x800'e210     0x4  startup_stm32f429xx.o [1]
  .text              ro code   0x800'e214     0x4  startup_stm32f429xx.o [1]
  .text              ro code   0x800'e218     0x4  startup_stm32f429xx.o [1]
  .text              ro code   0x800'e21c     0x4  startup_stm32f429xx.o [1]
  .text              ro code   0x800'e220     0x4  startup_stm32f429xx.o [1]
  .text              ro code   0x800'e224     0x4  startup_stm32f429xx.o [1]
  .text              ro code   0x800'e228     0x4  startup_stm32f429xx.o [1]
  .text              ro code   0x800'e22c     0x4  startup_stm32f429xx.o [1]
  .text              ro code   0x800'e230     0x4  startup_stm32f429xx.o [1]
  .text              ro code   0x800'e234     0x4  startup_stm32f429xx.o [1]
  .text              ro code   0x800'e238     0x4  startup_stm32f429xx.o [1]
  .text              ro code   0x800'e23c     0x4  startup_stm32f429xx.o [1]
  .text              ro code   0x800'e240     0x4  startup_stm32f429xx.o [1]
  .text              ro code   0x800'e244     0x4  startup_stm32f429xx.o [1]
  .text              ro code   0x800'e248     0x4  startup_stm32f429xx.o [1]
  .text              ro code   0x800'e24c     0x4  startup_stm32f429xx.o [1]
  .text              ro code   0x800'e250     0x4  startup_stm32f429xx.o [1]
  .text              ro code   0x800'e254     0x4  startup_stm32f429xx.o [1]
  .text              ro code   0x800'e258     0x4  startup_stm32f429xx.o [1]
  .text              ro code   0x800'e25c     0x4  startup_stm32f429xx.o [1]
  .text              ro code   0x800'e260     0x4  startup_stm32f429xx.o [1]
  .text              ro code   0x800'e264     0x4  startup_stm32f429xx.o [1]
  .text              ro code   0x800'e268     0x4  startup_stm32f429xx.o [1]
  .text              ro code   0x800'e26c     0x4  startup_stm32f429xx.o [1]
  .text              ro code   0x800'e270     0x4  startup_stm32f429xx.o [1]
  .text              ro code   0x800'e274     0x4  startup_stm32f429xx.o [1]
  .text              ro code   0x800'e278     0x4  startup_stm32f429xx.o [1]
  .text              ro code   0x800'e27c     0x4  startup_stm32f429xx.o [1]
  .text              ro code   0x800'e280     0x4  startup_stm32f429xx.o [1]
  .text              ro code   0x800'e284     0x4  startup_stm32f429xx.o [1]
  .text              ro code   0x800'e288     0x4  startup_stm32f429xx.o [1]
  .text              ro code   0x800'e28c     0x4  startup_stm32f429xx.o [1]
  .text              ro code   0x800'e290     0x4  startup_stm32f429xx.o [1]
  .text              ro code   0x800'e294     0x4  startup_stm32f429xx.o [1]
  .text              ro code   0x800'e298     0x4  startup_stm32f429xx.o [1]
  .text              ro code   0x800'e29c     0x4  startup_stm32f429xx.o [1]
  .text              ro code   0x800'e2a0     0x4  startup_stm32f429xx.o [1]
  .text              ro code   0x800'e2a4     0x4  startup_stm32f429xx.o [1]
  .text              ro code   0x800'e2a8     0x4  startup_stm32f429xx.o [1]
  .text              ro code   0x800'e2ac     0x4  startup_stm32f429xx.o [1]
  .text              ro code   0x800'e2b0     0x4  startup_stm32f429xx.o [1]
  .text              ro code   0x800'e2b4     0x4  startup_stm32f429xx.o [1]
  .text              ro code   0x800'e2b8     0x4  startup_stm32f429xx.o [1]
  .text              ro code   0x800'e2bc     0x4  startup_stm32f429xx.o [1]
  .text              ro code   0x800'e2c0     0x4  startup_stm32f429xx.o [1]
  .text              ro code   0x800'e2c4     0x4  startup_stm32f429xx.o [1]
  .text              ro code   0x800'e2c8     0x4  startup_stm32f429xx.o [1]
  .text              ro code   0x800'e2cc     0x4  startup_stm32f429xx.o [1]
  .text              ro code   0x800'e2d0     0x4  startup_stm32f429xx.o [1]
  .text              ro code   0x800'e2d4     0x4  startup_stm32f429xx.o [1]
  .text              ro code   0x800'e2d8     0x4  startup_stm32f429xx.o [1]
  .text              ro code   0x800'e2dc     0x4  startup_stm32f429xx.o [1]
  .text              ro code   0x800'e2e0     0x4  startup_stm32f429xx.o [1]
  .text              ro code   0x800'e2e4     0x4  startup_stm32f429xx.o [1]
  .text              ro code   0x800'e2e8     0x4  startup_stm32f429xx.o [1]
  .text              ro code   0x800'e2ec     0x4  startup_stm32f429xx.o [1]
  .text              ro code   0x800'e2f0     0x4  startup_stm32f429xx.o [1]
  .text              ro code   0x800'e2f4     0x4  startup_stm32f429xx.o [1]
  .text              ro code   0x800'e2f8     0x4  startup_stm32f429xx.o [1]
  .text              ro code   0x800'e2fc     0x4  startup_stm32f429xx.o [1]
  .text              ro code   0x800'e300     0x4  startup_stm32f429xx.o [1]
  .text              ro code   0x800'e304     0x4  startup_stm32f429xx.o [1]
  .text              ro code   0x800'e308     0x4  startup_stm32f429xx.o [1]
  .text              ro code   0x800'e30c     0x4  startup_stm32f429xx.o [1]
  .text              ro code   0x800'e310     0x4  startup_stm32f429xx.o [1]
  .text              ro code   0x800'e314     0x4  startup_stm32f429xx.o [1]
  .text              ro code   0x800'e318     0x4  startup_stm32f429xx.o [1]
  .text              ro code   0x800'e31c     0x4  startup_stm32f429xx.o [1]
  .text              ro code   0x800'e320     0x4  startup_stm32f429xx.o [1]
  .text              ro code   0x800'e324     0x4  startup_stm32f429xx.o [1]
  .text              ro code   0x800'e328     0x4  startup_stm32f429xx.o [1]
  .text              ro code   0x800'e32c     0x4  startup_stm32f429xx.o [1]
  .text              ro code   0x800'e330     0x4  startup_stm32f429xx.o [1]
  .text              ro code   0x800'e334     0x4  startup_stm32f429xx.o [1]
  .text              ro code   0x800'e338     0x4  startup_stm32f429xx.o [1]
  .text              ro code   0x800'e33c     0x4  startup_stm32f429xx.o [1]
  .text              ro code   0x800'e340     0x4  startup_stm32f429xx.o [1]
  .text              ro code   0x800'e344     0x4  startup_stm32f429xx.o [1]
  .text              ro code   0x800'e348     0x4  startup_stm32f429xx.o [1]
  .text              ro code   0x800'e34c     0x4  startup_stm32f429xx.o [1]
  .text              ro code   0x800'e350     0x4  startup_stm32f429xx.o [1]
  .text              ro code   0x800'e354     0x4  startup_stm32f429xx.o [1]
  .text              ro code   0x800'e358     0x4  startup_stm32f429xx.o [1]
  .text              ro code   0x800'e35c     0x4  startup_stm32f429xx.o [1]
  .text              ro code   0x800'e360     0x4  startup_stm32f429xx.o [1]
  .rodata            const     0x800'e364     0x0  zero_init3.o [8]
  .rodata            const     0x800'e364     0x0  copy_init3.o [8]
                             - 0x800'e364  0xe1b8

"P2", part 1 of 3:                           0x1c
  P2-1                        0x2000'0000    0x19  <Init block>
    .data            inited   0x2000'0000     0x4  arm_fft_win.o [1]
    .data            inited   0x2000'0004    0x10  stm32f4xx_rcc.o [3]
    .data            inited   0x2000'0014     0x2  main.o [1]
    .data            inited   0x2000'0016     0x2  main.o [1]
    .data            inited   0x2000'0018     0x1  main.o [1]
                            - 0x2000'0019    0x19

"P2", part 2 of 3:                         0xaaf4
  .bss               zero     0x2000'001c  0x36c0  main.o [1]
  .bss               zero     0x2000'36dc  0x2000  main.o [1]
  .bss               zero     0x2000'56dc  0x1000  arm_fft_win.o [1]
  .bss               zero     0x2000'66dc  0x1000  main.o [1]
  .bss               zero     0x2000'76dc  0x1000  main.o [1]
  .bss               zero     0x2000'86dc  0x1000  main.o [1]
  .bss               zero     0x2000'96dc  0x1000  main.o [1]
  .bss               zero     0x2000'a6dc   0x240  main.o [1]
  .bss               zero     0x2000'a91c    0x90  main.o [1]
  .bss               zero     0x2000'a9ac    0x90  main.o [1]
  .bss               zero     0x2000'aa3c    0x90  main.o [1]
  .bss               zero     0x2000'aacc    0x20  main.o [1]
  .bss               zero     0x2000'aaec     0x8  main.o [1]
  .bss               zero     0x2000'aaf4     0x4  main.o [1]
  .bss               zero     0x2000'aaf8     0x4  main.o [1]
  .bss               zero     0x2000'aafc     0x2  main.o [1]
  .bss               zero     0x2000'aafe     0x2  main.o [1]
  .bss               zero     0x2000'ab00     0x2  main.o [1]
  .bss               zero     0x2000'ab02     0x2  main.o [1]
  .bss               zero     0x2000'ab04     0x2  main.o [1]
  .bss               zero     0x2000'ab06     0x2  main.o [1]
  .bss               zero     0x2000'ab08     0x1  main.o [1]
  .bss               zero     0x2000'ab09     0x1  main.o [1]
  .bss               zero     0x2000'ab0a     0x1  main.o [1]
  .bss               zero     0x2000'ab0b     0x1  main.o [1]
  .bss               zero     0x2000'ab0c     0x1  main.o [1]
  .bss               zero     0x2000'ab0d     0x1  main.o [1]
  .bss               zero     0x2000'ab0e     0x1  main.o [1]
                            - 0x2000'ab0f  0xaaf3

"P2", part 3 of 3:                         0x4000
  CSTACK                      0x2000'ab10  0x4000  <Block>
    CSTACK           uninit   0x2000'ab10  0x4000  <Block tail>
                            - 0x2000'eb10  0x4000

Unused ranges:

         From           To      Size
         ----           --      ----
   0x800'e364   0x805'ffff  0x5'1c9c
  0x2000'eb10  0x2001'7fff    0x94f0


*******************************************************************************
*** INIT TABLE
***

          Address      Size
          -------      ----
Zero (__iar_zero_init3)
    1 destination range, total size 0xaaf3:
          0x2000'001c  0xaaf3

Copy (__iar_copy_init3)
    1 source range, total size 0x1c (112% of destination):
           0x800'e1bc    0x1c
    1 destination range, total size 0x19:
          0x2000'0000    0x19



*******************************************************************************
*** MODULE SUMMARY
***

    Module                      ro code  ro data  rw data
    ------                      -------  -------  -------
command line/config:
    -----------------------------------------------------
    Total:

C:\Users\123456\Desktop\DiM\DiscoLed\Debug\Obj: [1]
    arm_fft_win.o                 1'280        4    4'100
    main.o                        2'066        5   39'672
    startup_stm32f429xx.o           824
    stm32_init.o                  1'024
    system_stm32f4xx.o              108
    -----------------------------------------------------
    Total:                        5'302        9   43'772

C:\Users\123456\Desktop\DiM\DiscoLed\Debug\Obj\DSP_Lib: [2]
    -----------------------------------------------------
    Total:

C:\Users\123456\Desktop\DiM\DiscoLed\Debug\Obj\src: [3]
    stm32f4xx_adc.o               2'152       60
    stm32f4xx_dma.o               2'248       60
    stm32f4xx_flash.o                64       60
    stm32f4xx_gpio.o              1'152       60
    stm32f4xx_rcc.o               1'760       76       16
    stm32f4xx_tim.o               2'740       60
    -----------------------------------------------------
    Total:                       10'116      376       16

C:\Users\123456\Desktop\DiM\DiscoLed\Debug\Obj\ws2812b: [4]
    ws2812b.o                       668      384
    -----------------------------------------------------
    Total:                          668      384

dl7M_tlf.a: [5]
    exit.o                            4
    low_level_init.o                  4
    -----------------------------------------------------
    Total:                            8

iar_cortexM4lf_math.a: [6]
    arm_bitreversal.o               206
    arm_cfft_radix4_f32.o         1'838
    arm_cfft_radix4_init_f32.o      180
    arm_cmplx_mag_f32.o             344
    arm_common_tables.o                   34'816
    arm_float_to_q31.o              344
    arm_q31_to_float.o              254
    -----------------------------------------------------
    Total:                        3'166   34'816

m7M_tls.a: [7]
    DblAddSub.o                     606
    DblCmpLe.o                       52
    DblMul.o                        426
    DblToFlt.o                      104
    DblToS32.o                       54
    FltToDbl.o                       72
    FltToS64.o                       72
    S32ToDbl.o                       34
    U32ToDbl.o                       28
    cos_sin32.o                     468
    cos_sin64.o                   1'008
    fpinit_M.o                       34
    math_wrappers64.o                18
    -----------------------------------------------------
    Total:                        2'976

rt7M_tl.a: [8]
    ABImemset.o                     102
    cexit.o                          10
    cmain.o                          30
    copy_init3.o                     42
    cstartup_M.o                     28
    data_init.o                      40
    zero_init3.o                     56
    -----------------------------------------------------
    Total:                          308

shb_l.a: [9]
    exit.o                           20
    -----------------------------------------------------
    Total:                           20

    Gaps                             20        4
    Linker created                            39   16'384
---------------------------------------------------------
    Grand Total:                 22'584   35'628   60'172


*******************************************************************************
*** ENTRY LIST
***

Entry                       Address    Size  Type      Object
-----                       -------    ----  ----      ------
.iar.init_table$$Base    0x800'e134           --   Gb  - Linker created -
.iar.init_table$$Limit   0x800'e158           --   Gb  - Linker created -
?main                    0x800'e159          Code  Gb  cmain.o [8]
ADC_AnalogWatchdogCmd    0x800'afa3    0x74  Code  Gb  stm32f4xx_adc.o [3]
ADC_Cmd                  0x800'af41    0x62  Code  Gb  stm32f4xx_adc.o [3]
ADC_CommonInit           0x800'addf   0x162  Code  Gb  stm32f4xx_adc.o [3]
ADC_DMACmd               0x800'b2f9    0x62  Code  Gb  stm32f4xx_adc.o [3]
ADC_DMARequestAfterLastTransferCmd
                         0x800'b35b    0x62  Code  Gb  stm32f4xx_adc.o [3]
ADC_DeInit               0x800'ac21    0x18  Code  Gb  stm32f4xx_adc.o [3]
ADC_EOCOnEachRegularChannelCmd
                         0x800'b28d    0x5c  Code  Gb  stm32f4xx_adc.o [3]
ADC_ITConfig             0x800'b3dd    0x9a  Code  Gb  stm32f4xx_adc.o [3]
ADC_Init                 0x800'ac39   0x1a6  Code  Gb  stm32f4xx_adc.o [3]
ADC_RegularChannelConfig
                         0x800'b017   0x24a  Code  Gb  stm32f4xx_adc.o [3]
ADC_SoftwareStartConv    0x800'b261    0x2c  Code  Gb  stm32f4xx_adc.o [3]
ADC_arr                 0x2000'76dc  0x1000  Data  Gb  main.o [1]
ADC_buf                 0x2000'66dc  0x1000  Data  Gb  main.o [1]
ADC_fft                 0x2000'36dc  0x2000  Data  Gb  main.o [1]
ADC_flag_fft            0x2000'ab08     0x1  Data  Gb  main.o [1]
APBAHBPrescTable        0x2000'0004    0x10  Data  Lc  stm32f4xx_rcc.o [3]
BrightnessTable2         0x800'de5c    0x80  Data  Gb  ws2812b.o [4]
CSTACK$$Base            0x2000'ab10           --   Gb  - Linker created -
CSTACK$$Limit           0x2000'eb10           --   Gb  - Linker created -
Convert_RGB_to_DMA_buf   0x800'a68f    0x1c  Code  Gb  ws2812b.o [4]
DMA1_Stream7_IRQHandler
                         0x800'9147     0xc  Code  Gb  main.o [1]
DMA2_Stream0_IRQHandler
                         0x800'9257    0x7a  Code  Gb  main.o [1]
DMA_ClearITPendingBit    0x800'bc49    0xb4  Code  Gb  stm32f4xx_dma.o [3]
DMA_Cmd                  0x800'b925    0xc4  Code  Gb  stm32f4xx_dma.o [3]
DMA_DeInit               0x800'b489   0x1ea  Code  Gb  stm32f4xx_dma.o [3]
DMA_GetCmdStatus         0x800'ba45    0x94  Code  Gb  stm32f4xx_dma.o [3]
DMA_ITConfig             0x800'bb21   0x10a  Code  Gb  stm32f4xx_dma.o [3]
DMA_Init                 0x800'b673   0x2b2  Code  Gb  stm32f4xx_dma.o [3]
DMA_buf                 0x2000'001c  0x36c0  Data  Gb  main.o [1]
DoFFT                    0x800'92d1    0x5a  Code  Lc  main.o [1]
FLASH_SetLatency         0x800'c8e5    0x36  Code  Gb  stm32f4xx_flash.o [3]
GPIO_Init                0x800'c925   0x194  Code  Gb  stm32f4xx_gpio.o [3]
GPIO_PinAFConfig         0x800'cae1   0x29a  Code  Gb  stm32f4xx_gpio.o [3]
HSV_to_RGB               0x800'a493   0x136  Code  Gb  ws2812b.o [4]
ISR_init_timer           0x800'9ce1    0x4c  Code  Gb  stm32_init.o [1]
LEDS_buf                0x2000'a6dc   0x240  Data  Gb  main.o [1]
LEDstrip_init            0x800'a41d    0x76  Code  Gb  ws2812b.o [4]
LEDstrip_set_led_state   0x800'a5c9    0xc6  Code  Gb  ws2812b.o [4]
NVIC_EnableIRQ           0x800'8c61    0x18  Code  Lc  main.o [1]
NVIC_EnableIRQ           0x800'9b7d    0x18  Code  Lc  stm32_init.o [1]
RCC_AHB1PeriphClockCmd   0x800'986b    0x5e  Code  Gb  stm32f4xx_rcc.o [3]
RCC_APB1PeriphClockCmd   0x800'98c9    0x5e  Code  Gb  stm32f4xx_rcc.o [3]
RCC_APB1PeriphResetCmd   0x800'99ad    0x62  Code  Gb  stm32f4xx_rcc.o [3]
RCC_APB2PeriphClockCmd   0x800'9945    0x5e  Code  Gb  stm32f4xx_rcc.o [3]
RCC_APB2PeriphResetCmd   0x800'9a0f    0x62  Code  Gb  stm32f4xx_rcc.o [3]
RCC_ClockSecuritySystemCmd
                         0x800'95f5    0x2c  Code  Gb  stm32f4xx_rcc.o [3]
RCC_DeInit               0x800'949d    0x60  Code  Gb  stm32f4xx_rcc.o [3]
RCC_GetClocksFreq        0x800'9753   0x118  Code  Gb  stm32f4xx_rcc.o [3]
RCC_GetFlagStatus        0x800'9a85    0xb6  Code  Gb  stm32f4xx_rcc.o [3]
RCC_GetSYSCLKSource      0x800'96bb     0xc  Code  Gb  stm32f4xx_rcc.o [3]
RCC_HCLKConfig           0x800'96c7    0x4a  Code  Gb  stm32f4xx_rcc.o [3]
RCC_HSICmd               0x800'94fd    0x2c  Code  Gb  stm32f4xx_rcc.o [3]
RCC_MCO2Config           0x800'9621    0x68  Code  Gb  stm32f4xx_rcc.o [3]
RCC_PCLK1Config          0x800'9711    0x42  Code  Gb  stm32f4xx_rcc.o [3]
RCC_PLLCmd               0x800'95c9    0x2c  Code  Gb  stm32f4xx_rcc.o [3]
RCC_PLLConfig            0x800'9529    0xa0  Code  Gb  stm32f4xx_rcc.o [3]
RCC_SYSCLKConfig         0x800'9689    0x32  Code  Gb  stm32f4xx_rcc.o [3]
Region$$Table$$Base      0x800'e134           --   Gb  - Linker created -
Region$$Table$$Limit     0x800'e158           --   Gb  - Linker created -
STM32_init_adc           0x800'9e2d    0x8e  Code  Gb  stm32_init.o [1]
STM32_init_dma_adc       0x800'9ebb    0x80  Code  Gb  stm32_init.o [1]
STM32_init_dma_timer     0x800'9db5    0x78  Code  Gb  stm32_init.o [1]
STM32_init_gpio          0x800'9c6d    0x74  Code  Gb  stm32_init.o [1]
STM32_init_rcc           0x800'9bcb    0xa2  Code  Gb  stm32_init.o [1]
STM32_init_timer         0x800'9d2d    0x88  Code  Gb  stm32_init.o [1]
SetValueMode             0x800'932b    0x66  Code  Gb  main.o [1]
Spectr_fft              0x2000'86dc  0x1000  Data  Gb  main.o [1]
Spectr_fft_q31          0x2000'96dc  0x1000  Data  Gb  main.o [1]
SysTick_CNT             0x2000'aaf8     0x4  Data  Gb  main.o [1]
SysTick_Handler          0x800'9153    0x14  Code  Gb  main.o [1]
SysTick_Init             0x800'9b95    0x36  Code  Gb  stm32_init.o [1]
SystemInit               0x800'dedd    0x4c  Code  Gb  system_stm32f4xx.o [1]
TIM3_IRQHandler          0x800'9167    0xf0  Code  Gb  main.o [1]
TIM_ARRPreloadConfig     0x800'851d    0xb8  Code  Gb  stm32f4xx_tim.o [3]
TIM_ClearFlag            0x800'894d    0x88  Code  Gb  stm32f4xx_tim.o [3]
TIM_Cmd                  0x800'85d9    0xba  Code  Gb  stm32f4xx_tim.o [3]
TIM_DMACmd               0x800'8b8f    0x9e  Code  Gb  stm32f4xx_tim.o [3]
TIM_DMAConfig            0x800'89d9   0x1b6  Code  Gb  stm32f4xx_tim.o [3]
TIM_DeInit               0x800'81ad   0x1f6  Code  Gb  stm32f4xx_tim.o [3]
TIM_ITConfig             0x800'886d    0xb8  Code  Gb  stm32f4xx_tim.o [3]
TIM_OC4Init              0x800'8699   0x124  Code  Gb  stm32f4xx_tim.o [3]
TIM_OC4PreloadConfig     0x800'87f1    0x64  Code  Gb  stm32f4xx_tim.o [3]
TIM_TimeBaseInit         0x800'83a3   0x146  Code  Gb  stm32f4xx_tim.o [3]
__aeabi_cdcmple          0x800'd505          Code  Gb  DblCmpLe.o [7]
__aeabi_d2f              0x800'd385          Code  Gb  DblToFlt.o [7]
__aeabi_d2iz             0x800'a3e5          Code  Gb  DblToS32.o [7]
__aeabi_dadd             0x800'9fd9          Code  Gb  DblAddSub.o [7]
__aeabi_dmul             0x800'a239          Code  Gb  DblMul.o [7]
__aeabi_dsub             0x800'a155          Code  Gb  DblAddSub.o [7]
__aeabi_f2d              0x800'9f7d          Code  Gb  FltToDbl.o [7]
__aeabi_f2lz             0x800'd4bd          Code  Gb  FltToS64.o [7]
__aeabi_i2d              0x800'd539          Code  Gb  S32ToDbl.o [7]
__aeabi_memset           0x800'abb9          Code  Gb  ABImemset.o [8]
__aeabi_ui2d             0x800'd369          Code  Gb  U32ToDbl.o [7]
__cmain                  0x800'e159          Code  Gb  cmain.o [8]
__exit                   0x800'e18d    0x14  Code  Gb  exit.o [9]
__iar_Memset             0x800'abb9          Code  Gb  ABImemset.o [8]
__iar_Memset_word        0x800'abc1          Code  Gb  ABImemset.o [8]
__iar_Sin32              0x800'd195   0x18c  Code  Lc  cos_sin32.o [7]
__iar_Sin64              0x800'cda5   0x35c  Code  Lc  cos_sin64.o [7]
__iar_copy_init3         0x800'9473    0x2a  Code  Gb  copy_init3.o [8]
__iar_cos32              0x800'd361     0x4  Code  Gb  cos_sin32.o [7]
__iar_cos_medium32       0x800'd361     0x4  Code  Gb  cos_sin32.o [7]
__iar_cos_mediumf        0x800'd361     0x4  Code  Gb  cos_sin32.o [7]
__iar_data_init3         0x800'e0e9    0x28  Code  Gb  data_init.o [8]
__iar_init_vfp           0x800'e111          Code  Gb  fpinit_M.o [7]
__iar_program_start      0x800'e1a1          Code  Gb  cstartup_M.o [8]
__iar_sin32              0x800'd365     0x4  Code  Gb  cos_sin32.o [7]
__iar_sin64              0x800'd191     0x4  Code  Gb  cos_sin64.o [7]
__iar_sin_medium         0x800'd191     0x4  Code  Gb  cos_sin64.o [7]
__iar_sin_medium32       0x800'd365     0x4  Code  Gb  cos_sin32.o [7]
__iar_sin_medium64       0x800'd191     0x4  Code  Gb  cos_sin64.o [7]
__iar_sin_mediumf        0x800'd365     0x4  Code  Gb  cos_sin32.o [7]
__iar_sin_mediuml        0x800'd191     0x4  Code  Gb  cos_sin64.o [7]
__iar_vfp_sin            0x800'9fcb     0xc  Code  Gb  math_wrappers64.o [7]
__iar_zero_init3         0x800'e0b1    0x38  Code  Gb  zero_init3.o [8]
__low_level_init         0x800'e177     0x4  Code  Gb  low_level_init.o [5]
__vector_table           0x800'0000          Data  Gb  startup_stm32f429xx.o [1]
_call_main               0x800'e165          Code  Gb  cmain.o [8]
_exit                    0x800'e181          Code  Gb  cexit.o [8]
armBitRevTable           0x800'd55c   0x800  Data  Gb  arm_common_tables.o [6]
arm_bitreversal_f32      0x800'd3ed    0xce  Code  Gb  arm_bitreversal.o [6]
arm_cfft_radix4_f32      0x800'bf05    0x42  Code  Gb  arm_cfft_radix4_f32.o [6]
arm_cfft_radix4_init_f32
                         0x800'be51    0xb4  Code  Gb  arm_cfft_radix4_init_f32.o [6]
arm_cmplx_mag_f32        0x800'c635   0x158  Code  Gb  arm_cmplx_mag_f32.o [6]
arm_fft_window           0x800'a6b9   0x500  Code  Gb  arm_fft_win.o [1]
arm_float_to_q31         0x800'c78d   0x158  Code  Gb  arm_float_to_q31.o [6]
arm_q31_to_float         0x800'bd51    0xfe  Code  Gb  arm_q31_to_float.o [6]
arm_radix4_butterfly_f32
                         0x800'bf49   0x362  Code  Gb  arm_cfft_radix4_f32.o [6]
arm_radix4_butterfly_inverse_f32
                         0x800'c2ad   0x386  Code  Gb  arm_cfft_radix4_f32.o [6]
assert_failed            0x800'9471     0x2  Code  Gb  main.o [1]
capture                 0x2000'aacc    0x20  Data  Gb  main.o [1]
cmumode                 0x2000'0018     0x1  Data  Lc  main.o [1]
cosf                     0x800'd361     0x4  Code  Gb  cos_sin32.o [7]
dTmpFloat               0x2000'0000     0x4  Data  Gb  arm_fft_win.o [1]
devider                 0x2000'ab04     0x2  Data  Gb  main.o [1]
dim_curve                0x800'dd5c   0x100  Data  Gb  ws2812b.o [4]
exit                     0x800'e17b     0x4  Code  Gb  exit.o [5]
fCoeff                  0x2000'56dc  0x1000  Data  Gb  arm_fft_win.o [1]
fade                    0x2000'ab00     0x2  Data  Lc  main.o [1]
fadespeed               0x2000'0014     0x2  Data  Lc  main.o [1]
fourChannels            0x2000'ab0b     0x1  Data  Gb  main.o [1]
main                     0x800'8c79   0x4ce  Code  Gb  main.o [1]
min_value               0x2000'aafe     0x2  Data  Gb  main.o [1]
peak                    0x2000'aaec     0x8  Data  Gb  main.o [1]
pos                     0x2000'aafc     0x2  Data  Lc  main.o [1]
rainbow                 0x2000'ab02     0x2  Data  Lc  main.o [1]
rainbowChannel          0x2000'ab0a     0x1  Data  Lc  main.o [1]
rainbowspeed            0x2000'ab09     0x1  Data  Lc  main.o [1]
sat_sin                 0x2000'a9ac    0x90  Data  Gb  main.o [1]
shift                    0x800'9391    0x34  Code  Gb  main.o [1]
shift_speed             0x2000'0016     0x2  Data  Gb  main.o [1]
shift_teak              0x2000'ab06     0x2  Data  Gb  main.o [1]
sin                      0x800'd191     0x4  Code  Gb  cos_sin64.o [7]
sinf                     0x800'd365     0x4  Code  Gb  cos_sin32.o [7]
sinl                     0x800'd191     0x4  Code  Gb  cos_sin64.o [7]
tempeffone              0x2000'ab0d     0x1  Data  Lc  main.o [1]
twiddleCoef_4096         0x800'01ac  0x8000  Data  Gb  arm_common_tables.o [6]
v_peakspeed             0x2000'ab0c     0x1  Data  Gb  main.o [1]
val_sin                 0x2000'a91c    0x90  Data  Gb  main.o [1]
vmetr                   0x2000'aaf4     0x4  Data  Gb  main.o [1]
volfade                 0x2000'ab0e     0x1  Data  Lc  main.o [1]
vpeak                   0x2000'aa3c    0x90  Data  Gb  main.o [1]


[1] = C:\Users\123456\Desktop\DiM\DiscoLed\Debug\Obj
[2] = C:\Users\123456\Desktop\DiM\DiscoLed\Debug\Obj\DSP_Lib
[3] = C:\Users\123456\Desktop\DiM\DiscoLed\Debug\Obj\src
[4] = C:\Users\123456\Desktop\DiM\DiscoLed\Debug\Obj\ws2812b
[5] = dl7M_tlf.a
[6] = iar_cortexM4lf_math.a
[7] = m7M_tls.a
[8] = rt7M_tl.a
[9] = shb_l.a

  22'584 bytes of readonly  code memory
  35'628 bytes of readonly  data memory
  60'172 bytes of readwrite data memory

Errors: none
Warnings: none
